Archive member included to satisfy reference by file (symbol)

/usr/lib/gcc/arm-none-eabi/10.3.1/../../../arm-none-eabi/lib/thumb/v7e-m+fp/hard/libc_nano.a(lib_a-atexit.o)
                              /usr/lib/gcc/arm-none-eabi/10.3.1/../../../arm-none-eabi/lib/thumb/v7e-m+fp/hard/crt0.o (atexit)
/usr/lib/gcc/arm-none-eabi/10.3.1/../../../arm-none-eabi/lib/thumb/v7e-m+fp/hard/libc_nano.a(lib_a-exit.o)
                              /usr/lib/gcc/arm-none-eabi/10.3.1/../../../arm-none-eabi/lib/thumb/v7e-m+fp/hard/crt0.o (exit)
/usr/lib/gcc/arm-none-eabi/10.3.1/../../../arm-none-eabi/lib/thumb/v7e-m+fp/hard/libc_nano.a(lib_a-fini.o)
                              /usr/lib/gcc/arm-none-eabi/10.3.1/../../../arm-none-eabi/lib/thumb/v7e-m+fp/hard/crt0.o (__libc_fini_array)
/usr/lib/gcc/arm-none-eabi/10.3.1/../../../arm-none-eabi/lib/thumb/v7e-m+fp/hard/libc_nano.a(lib_a-impure.o)
                              /usr/lib/gcc/arm-none-eabi/10.3.1/../../../arm-none-eabi/lib/thumb/v7e-m+fp/hard/libc_nano.a(lib_a-exit.o) (_global_impure_ptr)
/usr/lib/gcc/arm-none-eabi/10.3.1/../../../arm-none-eabi/lib/thumb/v7e-m+fp/hard/libc_nano.a(lib_a-init.o)
                              /usr/lib/gcc/arm-none-eabi/10.3.1/../../../arm-none-eabi/lib/thumb/v7e-m+fp/hard/crt0.o (__libc_init_array)
/usr/lib/gcc/arm-none-eabi/10.3.1/../../../arm-none-eabi/lib/thumb/v7e-m+fp/hard/libc_nano.a(lib_a-memset.o)
                              /usr/lib/gcc/arm-none-eabi/10.3.1/../../../arm-none-eabi/lib/thumb/v7e-m+fp/hard/crt0.o (memset)
/usr/lib/gcc/arm-none-eabi/10.3.1/../../../arm-none-eabi/lib/thumb/v7e-m+fp/hard/libc_nano.a(lib_a-nano-vfprintf_float.o)
                              (_printf_float)
/usr/lib/gcc/arm-none-eabi/10.3.1/../../../arm-none-eabi/lib/thumb/v7e-m+fp/hard/libc_nano.a(lib_a-nano-vfprintf_i.o)
                              /usr/lib/gcc/arm-none-eabi/10.3.1/../../../arm-none-eabi/lib/thumb/v7e-m+fp/hard/libc_nano.a(lib_a-nano-vfprintf_float.o) (_printf_common)
/usr/lib/gcc/arm-none-eabi/10.3.1/../../../arm-none-eabi/lib/thumb/v7e-m+fp/hard/libc_nano.a(lib_a-strlen.o)
                              /usr/lib/gcc/arm-none-eabi/10.3.1/../../../arm-none-eabi/lib/thumb/v7e-m+fp/hard/libc_nano.a(lib_a-nano-vfprintf_float.o) (strlen)
/usr/lib/gcc/arm-none-eabi/10.3.1/../../../arm-none-eabi/lib/thumb/v7e-m+fp/hard/libc_nano.a(lib_a-__atexit.o)
                              /usr/lib/gcc/arm-none-eabi/10.3.1/../../../arm-none-eabi/lib/thumb/v7e-m+fp/hard/libc_nano.a(lib_a-atexit.o) (__register_exitproc)
/usr/lib/gcc/arm-none-eabi/10.3.1/../../../arm-none-eabi/lib/thumb/v7e-m+fp/hard/libc_nano.a(lib_a-__call_atexit.o)
                              /usr/lib/gcc/arm-none-eabi/10.3.1/../../../arm-none-eabi/lib/thumb/v7e-m+fp/hard/libc_nano.a(lib_a-__atexit.o) (__call_exitprocs)
/usr/lib/gcc/arm-none-eabi/10.3.1/../../../arm-none-eabi/lib/thumb/v7e-m+fp/hard/libc_nano.a(lib_a-dtoa.o)
                              /usr/lib/gcc/arm-none-eabi/10.3.1/../../../arm-none-eabi/lib/thumb/v7e-m+fp/hard/libc_nano.a(lib_a-nano-vfprintf_float.o) (_dtoa_r)
/usr/lib/gcc/arm-none-eabi/10.3.1/../../../arm-none-eabi/lib/thumb/v7e-m+fp/hard/libc_nano.a(lib_a-localeconv.o)
                              /usr/lib/gcc/arm-none-eabi/10.3.1/../../../arm-none-eabi/lib/thumb/v7e-m+fp/hard/libc_nano.a(lib_a-nano-vfprintf_float.o) (_localeconv_r)
/usr/lib/gcc/arm-none-eabi/10.3.1/../../../arm-none-eabi/lib/thumb/v7e-m+fp/hard/libc_nano.a(lib_a-malloc.o)
                              /usr/lib/gcc/arm-none-eabi/10.3.1/../../../arm-none-eabi/lib/thumb/v7e-m+fp/hard/libc_nano.a(lib_a-dtoa.o) (malloc)
/usr/lib/gcc/arm-none-eabi/10.3.1/../../../arm-none-eabi/lib/thumb/v7e-m+fp/hard/libc_nano.a(lib_a-memchr.o)
                              /usr/lib/gcc/arm-none-eabi/10.3.1/../../../arm-none-eabi/lib/thumb/v7e-m+fp/hard/libc_nano.a(lib_a-nano-vfprintf_i.o) (memchr)
/usr/lib/gcc/arm-none-eabi/10.3.1/../../../arm-none-eabi/lib/thumb/v7e-m+fp/hard/libc_nano.a(lib_a-memcpy.o)
                              /usr/lib/gcc/arm-none-eabi/10.3.1/../../../arm-none-eabi/lib/thumb/v7e-m+fp/hard/libc_nano.a(lib_a-dtoa.o) (memcpy)
/usr/lib/gcc/arm-none-eabi/10.3.1/../../../arm-none-eabi/lib/thumb/v7e-m+fp/hard/libc_nano.a(lib_a-mprec.o)
                              /usr/lib/gcc/arm-none-eabi/10.3.1/../../../arm-none-eabi/lib/thumb/v7e-m+fp/hard/libc_nano.a(lib_a-dtoa.o) (_Balloc)
/usr/lib/gcc/arm-none-eabi/10.3.1/../../../arm-none-eabi/lib/thumb/v7e-m+fp/hard/libc_nano.a(lib_a-nano-callocr.o)
                              /usr/lib/gcc/arm-none-eabi/10.3.1/../../../arm-none-eabi/lib/thumb/v7e-m+fp/hard/libc_nano.a(lib_a-mprec.o) (_calloc_r)
/usr/lib/gcc/arm-none-eabi/10.3.1/../../../arm-none-eabi/lib/thumb/v7e-m+fp/hard/libc_nano.a(lib_a-nano-freer.o)
                              /usr/lib/gcc/arm-none-eabi/10.3.1/../../../arm-none-eabi/lib/thumb/v7e-m+fp/hard/libc_nano.a(lib_a-malloc.o) (_free_r)
[...]
Memory Configuration

Name             Origin             Length             Attributes
RAM              0x0000000020000000 0x0000000000020000 xrw
FLASH            0x0000000008000000 0x0000000000080000 xr
*default*        0x0000000000000000 0xffffffffffffffff

Linker script and memory map

LOAD /usr/lib/gcc/arm-none-eabi/10.3.1/thumb/v7e-m+fp/hard/crti.o
LOAD /usr/lib/gcc/arm-none-eabi/10.3.1/thumb/v7e-m+fp/hard/crtbegin.o
LOAD /usr/lib/gcc/arm-none-eabi/10.3.1/../../../arm-none-eabi/lib/thumb/v7e-m+fp/hard/crt0.o
START GROUP
LOAD /usr/lib/gcc/arm-none-eabi/10.3.1/../../../arm-none-eabi/lib/thumb/v7e-m+fp/hard/libc_nano.a
LOAD /usr/lib/gcc/arm-none-eabi/10.3.1/../../../arm-none-eabi/lib/thumb/v7e-m+fp/hard/libm.a
END GROUP
LOAD CMakeFiles/STM32F4_DSP.dir/Core/Src/main.c.obj
LOAD CMakeFiles/STM32F4_DSP.dir/Core/Src/kalman_filter.c.obj
LOAD CMakeFiles/STM32F4_DSP.dir/Core/Src/mpu9250.c.obj
LOAD CMakeFiles/STM32F4_DSP.dir/Core/Src/stm32f4xx_it.c.obj
LOAD CMakeFiles/STM32F4_DSP.dir/Core/Src/stm32f4xx_hal_msp.c.obj
LOAD CMakeFiles/STM32F4_DSP.dir/Drivers/STM32F4xx_HAL_Driver/Src/stm32f4xx_hal_spi.c.obj
LOAD CMakeFiles/STM32F4_DSP.dir/Drivers/STM32F4xx_HAL_Driver/Src/stm32f4xx_hal_rcc.c.obj
LOAD CMakeFiles/STM32F4_DSP.dir/Drivers/STM32F4xx_HAL_Driver/Src/stm32f4xx_hal_rcc_ex.c.obj
LOAD CMakeFiles/STM32F4_DSP.dir/Drivers/STM32F4xx_HAL_Driver/Src/stm32f4xx_hal_flash.c.obj
LOAD CMakeFiles/STM32F4_DSP.dir/Drivers/STM32F4xx_HAL_Driver/Src/stm32f4xx_hal_flash_ex.c.obj
LOAD CMakeFiles/STM32F4_DSP.dir/Drivers/STM32F4xx_HAL_Driver/Src/stm32f4xx_hal_flash_ramfunc.c.obj
LOAD CMakeFiles/STM32F4_DSP.dir/Drivers/STM32F4xx_HAL_Driver/Src/stm32f4xx_hal_gpio.c.obj
LOAD CMakeFiles/STM32F4_DSP.dir/Drivers/STM32F4xx_HAL_Driver/Src/stm32f4xx_hal_dma_ex.c.obj
LOAD CMakeFiles/STM32F4_DSP.dir/Drivers/STM32F4xx_HAL_Driver/Src/stm32f4xx_hal_dma.c.obj
LOAD CMakeFiles/STM32F4_DSP.dir/Drivers/STM32F4xx_HAL_Driver/Src/stm32f4xx_hal_pwr.c.obj
LOAD CMakeFiles/STM32F4_DSP.dir/Drivers/STM32F4xx_HAL_Driver/Src/stm32f4xx_hal_pwr_ex.c.obj
LOAD CMakeFiles/STM32F4_DSP.dir/Drivers/STM32F4xx_HAL_Driver/Src/stm32f4xx_hal_cortex.c.obj
LOAD CMakeFiles/STM32F4_DSP.dir/Drivers/STM32F4xx_HAL_Driver/Src/stm32f4xx_hal.c.obj
LOAD CMakeFiles/STM32F4_DSP.dir/Drivers/STM32F4xx_HAL_Driver/Src/stm32f4xx_hal_exti.c.obj
LOAD CMakeFiles/STM32F4_DSP.dir/Drivers/STM32F4xx_HAL_Driver/Src/stm32f4xx_hal_uart.c.obj
LOAD CMakeFiles/STM32F4_DSP.dir/Core/Src/system_stm32f4xx.c.obj
LOAD CMakeFiles/STM32F4_DSP.dir/Core/Src/sysmem.c.obj
LOAD CMakeFiles/STM32F4_DSP.dir/Core/Src/syscalls.c.obj
LOAD CMakeFiles/STM32F4_DSP.dir/startup_stm32f446xx.s.obj
START GROUP
LOAD /usr/lib/gcc/arm-none-eabi/10.3.1/thumb/v7e-m+fp/hard/libgcc.a
LOAD /usr/lib/gcc/arm-none-eabi/10.3.1/../../../arm-none-eabi/lib/thumb/v7e-m+fp/hard/libg_nano.a
LOAD /usr/lib/gcc/arm-none-eabi/10.3.1/../../../arm-none-eabi/lib/thumb/v7e-m+fp/hard/libc_nano.a
END GROUP
START GROUP
LOAD /usr/lib/gcc/arm-none-eabi/10.3.1/thumb/v7e-m+fp/hard/libgcc.a
LOAD /usr/lib/gcc/arm-none-eabi/10.3.1/../../../arm-none-eabi/lib/thumb/v7e-m+fp/hard/libc_nano.a
END GROUP
LOAD /usr/lib/gcc/arm-none-eabi/10.3.1/thumb/v7e-m+fp/hard/crtend.o
LOAD /usr/lib/gcc/arm-none-eabi/10.3.1/thumb/v7e-m+fp/hard/crtn.o
                0x0000000020020000                _estack = (ORIGIN (RAM) + LENGTH (RAM))
                0x0000000000000200                _Min_Heap_Size = 0x200
                0x0000000000000400                _Min_Stack_Size = 0x400

.isr_vector     0x0000000008000000      0x1c4
                0x0000000008000000                . = ALIGN (0x4)
 *(.isr_vector)
 .isr_vector    0x0000000008000000      0x1c4 CMakeFiles/STM32F4_DSP.dir/startup_stm32f446xx.s.obj
                0x0000000008000000                g_pfnVectors
                0x00000000080001c4                . = ALIGN (0x4)

.text           0x0000000008000200     0x9514
                0x0000000008000200                . = ALIGN (0x4)
 *(.text)
 .text          0x0000000008000200       0x88 /usr/lib/gcc/arm-none-eabi/10.3.1/thumb/v7e-m+fp/hard/crtbegin.o
 .text          0x0000000008000288       0x48 /usr/lib/gcc/arm-none-eabi/10.3.1/../../../arm-none-eabi/lib/thumb/v7e-m+fp/hard/libc_nano.a(lib_a-init.o)
                0x0000000008000288                __libc_init_array
 .text          0x00000000080002d0       0xa4 /usr/lib/gcc/arm-none-eabi/10.3.1/../../../arm-none-eabi/lib/thumb/v7e-m+fp/hard/libc_nano.a(lib_a-memset.o)
                0x00000000080002d0                memset
 .text          0x0000000008000374      0x6cc /usr/lib/gcc/arm-none-eabi/10.3.1/../../../arm-none-eabi/lib/thumb/v7e-m+fp/hard/libc_nano.a(lib_a-nano-vfprintf_float.o)
                0x0000000008000374                __cvt
                0x0000000008000470                __exponent
                0x000000000800050c                _printf_float
 .text          0x0000000008000a40      0x3dc /usr/lib/gcc/arm-none-eabi/10.3.1/../../../arm-none-eabi/lib/thumb/v7e-m+fp/hard/libc_nano.a(lib_a-nano-vfprintf_i.o)
                0x0000000008000a40                _printf_common
                0x0000000008000b6c                _printf_i
 *fill*         0x0000000008000e1c       0x24 
 .text          0x0000000008000e40       0xdc /usr/lib/gcc/arm-none-eabi/10.3.1/../../../arm-none-eabi/lib/thumb/v7e-m+fp/hard/libc_nano.a(lib_a-strlen.o)
                0x0000000008000e40                strlen
 *fill*         0x0000000008000f1c        0x4 
 .text          0x0000000008000f20     0x10a4 /usr/lib/gcc/arm-none-eabi/10.3.1/../../../arm-none-eabi/lib/thumb/v7e-m+fp/hard/libc_nano.a(lib_a-dtoa.o)
                0x0000000008001048                _dtoa_r
 .text          0x0000000008001fc4       0x14 /usr/lib/gcc/arm-none-eabi/10.3.1/../../../arm-none-eabi/lib/thumb/v7e-m+fp/hard/libc_nano.a(lib_a-localeconv.o)
                0x0000000008001fc4                __localeconv_l
                0x0000000008001fc8                _localeconv_r
                0x0000000008001fd0                localeconv
 .text          0x0000000008001fd8       0x20 /usr/lib/gcc/arm-none-eabi/10.3.1/../../../arm-none-eabi/lib/thumb/v7e-m+fp/hard/libc_nano.a(lib_a-malloc.o)
                0x0000000008001fd8                malloc
                0x0000000008001fe8                free
 *fill*         0x0000000008001ff8        0x8 
 .text          0x0000000008002000       0xa0 /usr/lib/gcc/arm-none-eabi/10.3.1/../../../arm-none-eabi/lib/thumb/v7e-m+fp/hard/libc_nano.a(lib_a-memchr.o)
                0x0000000008002000                memchr
 .text          0x00000000080020a0      0x134 /usr/lib/gcc/arm-none-eabi/10.3.1/../../../arm-none-eabi/lib/thumb/v7e-m+fp/hard/libc_nano.a(lib_a-memcpy.o)
                0x00000000080020a0                memcpy
 .text          0x00000000080021d4      0xaec /usr/lib/gcc/arm-none-eabi/10.3.1/../../../arm-none-eabi/lib/thumb/v7e-m+fp/hard/libc_nano.a(lib_a-mprec.o)
                0x00000000080021d4                _Balloc
                0x0000000008002254                _Bfree
                0x000000000800229c                __multadd
                0x0000000008002340                __s2b
                0x00000000080023f4                __hi0bits
                0x0000000008002434                __lo0bits
                0x0000000008002494                __i2b
                0x00000000080024c0                __multiply
                0x000000000800261c                __pow5mult
                0x00000000080026fc                __lshift
                0x00000000080027e4                __mcmp
                0x0000000008002828                __mdiff
                0x0000000008002974                __ulp
                0x00000000080029d4                __b2d
                0x0000000008002a94                __d2b
                0x0000000008002b64                __ratio
                0x0000000008002bc0                _mprec_log10
                0x0000000008002c00                __copybits
                0x0000000008002c5c                __any_on
 .text          0x0000000008002cc0       0x1c /usr/lib/gcc/arm-none-eabi/10.3.1/../../../arm-none-eabi/lib/thumb/v7e-m+fp/hard/libc_nano.a(lib_a-nano-callocr.o)
                0x0000000008002cc0                _calloc_r
 .text          0x0000000008002cdc       0xc4 /usr/lib/gcc/arm-none-eabi/10.3.1/../../../arm-none-eabi/lib/thumb/v7e-m+fp/hard/libc_nano.a(lib_a-nano-freer.o)
                0x0000000008002cdc                _free_r
 .text          0x0000000008002da0       0xb4 /usr/lib/gcc/arm-none-eabi/10.3.1/../../../arm-none-eabi/lib/thumb/v7e-m+fp/hard/libc_nano.a(lib_a-nano-mallocr.o)
                0x0000000008002da0                _malloc_r
 .text          0x0000000008002e54       0x24 /usr/lib/gcc/arm-none-eabi/10.3.1/../../../arm-none-eabi/lib/thumb/v7e-m+fp/hard/libc_nano.a(lib_a-sbrkr.o)
                0x0000000008002e54                _sbrk_r
 .text          0x0000000008002e78       0x4c /usr/lib/gcc/arm-none-eabi/10.3.1/../../../arm-none-eabi/lib/thumb/v7e-m+fp/hard/libc_nano.a(lib_a-assert.o)
                0x0000000008002e78                __assert_func
                0x0000000008002eb8                __assert
 .text          0x0000000008002ec4       0x44 /usr/lib/gcc/arm-none-eabi/10.3.1/../../../arm-none-eabi/lib/thumb/v7e-m+fp/hard/libc_nano.a(lib_a-fprintf.o)
                0x0000000008002ec4                _fprintf_r
                0x0000000008002ec4                _fiprintf_r
                0x0000000008002ee0                fprintf
                0x0000000008002ee0                fiprintf
 .text          0x0000000008002f08       0x40 /usr/lib/gcc/arm-none-eabi/10.3.1/../../../arm-none-eabi/lib/thumb/v7e-m+fp/hard/libc_nano.a(lib_a-mbtowc_r.o)
                0x0000000008002f08                _mbtowc_r
                0x0000000008002f1c                __ascii_mbtowc
 .text          0x0000000008002f48        0x8 /usr/lib/gcc/arm-none-eabi/10.3.1/../../../arm-none-eabi/lib/thumb/v7e-m+fp/hard/libc_nano.a(lib_a-mlock.o)
                0x0000000008002f48                __malloc_lock
                0x0000000008002f4c                __malloc_unlock
 .text          0x0000000008002f50      0x328 /usr/lib/gcc/arm-none-eabi/10.3.1/../../../arm-none-eabi/lib/thumb/v7e-m+fp/hard/libc_nano.a(lib_a-nano-vfprintf.o)
                0x0000000008002f8c                __sfputs_r
                0x0000000008002fbc                __sprint_r
                0x0000000008002fd8                _vfiprintf_r
                0x0000000008002fd8                _vfprintf_r
                0x000000000800325c                vfiprintf
                0x000000000800325c                vfprintf
 .text          0x0000000008003278       0xc8 /usr/lib/gcc/arm-none-eabi/10.3.1/../../../arm-none-eabi/lib/thumb/v7e-m+fp/hard/libc_nano.a(lib_a-wbuf.o)
                0x0000000008003278                __swbuf_r
                0x0000000008003328                __swbuf
 .text          0x0000000008003340       0x30 /usr/lib/gcc/arm-none-eabi/10.3.1/../../../arm-none-eabi/lib/thumb/v7e-m+fp/hard/libc_nano.a(lib_a-wctomb_r.o)
                0x0000000008003340                _wctomb_r
                0x0000000008003354                __ascii_wctomb
 .text          0x0000000008003370      0x104 /usr/lib/gcc/arm-none-eabi/10.3.1/../../../arm-none-eabi/lib/thumb/v7e-m+fp/hard/libc_nano.a(lib_a-wsetup.o)
                0x0000000008003370                __swsetup_r
 .text          0x0000000008003474       0x10 /usr/lib/gcc/arm-none-eabi/10.3.1/../../../arm-none-eabi/lib/thumb/v7e-m+fp/hard/libc_nano.a(lib_a-abort.o)
                0x0000000008003474                abort
 .text          0x0000000008003484      0x1e8 /usr/lib/gcc/arm-none-eabi/10.3.1/../../../arm-none-eabi/lib/thumb/v7e-m+fp/hard/libc_nano.a(lib_a-fflush.o)
                0x0000000008003484                __sflush_r
                0x0000000008003598                _fflush_r
                0x00000000080035ec                fflush
 .text          0x000000000800366c      0x238 /usr/lib/gcc/arm-none-eabi/10.3.1/../../../arm-none-eabi/lib/thumb/v7e-m+fp/hard/libc_nano.a(lib_a-findfp.o)
                0x0000000008003670                _cleanup_r
                0x0000000008003680                __sfmoreglue
                0x00000000080036b0                __sfp
                0x0000000008003850                _cleanup
                0x0000000008003864                __sinit
                0x000000000800386c                __sfp_lock_acquire
                0x0000000008003870                __sfp_lock_release
                0x0000000008003874                __sinit_lock_acquire
                0x0000000008003878                __sinit_lock_release
                0x000000000800387c                __fp_lock_all
                0x0000000008003890                __fp_unlock_all
 .text          0x00000000080038a4      0x2f0 /usr/lib/gcc/arm-none-eabi/10.3.1/../../../arm-none-eabi/lib/thumb/v7e-m+fp/hard/libc_nano.a(lib_a-fvwrite.o)
                0x00000000080038a4                __sfvwrite_r
 .text          0x0000000008003b94       0x88 /usr/lib/gcc/arm-none-eabi/10.3.1/../../../arm-none-eabi/lib/thumb/v7e-m+fp/hard/libc_nano.a(lib_a-fwalk.o)
                0x0000000008003b94                _fwalk
                0x0000000008003bd4                _fwalk_reent
 .text          0x0000000008003c1c      0x11c /usr/lib/gcc/arm-none-eabi/10.3.1/../../../arm-none-eabi/lib/thumb/v7e-m+fp/hard/libc_nano.a(lib_a-makebuf.o)
                0x0000000008003c1c                __smakebuf_r
                0x0000000008003cdc                __swhatbuf_r
 .text          0x0000000008003d38       0xf8 /usr/lib/gcc/arm-none-eabi/10.3.1/../../../arm-none-eabi/lib/thumb/v7e-m+fp/hard/libc_nano.a(lib_a-memmove.o)
                0x0000000008003d38                memmove
 .text          0x0000000008003e30       0x50 /usr/lib/gcc/arm-none-eabi/10.3.1/../../../arm-none-eabi/lib/thumb/v7e-m+fp/hard/libc_nano.a(lib_a-nano-reallocr.o)
                0x0000000008003e30                _realloc_r
 .text          0x0000000008003e80      0x268 /usr/lib/gcc/arm-none-eabi/10.3.1/../../../arm-none-eabi/lib/thumb/v7e-m+fp/hard/libc_nano.a(lib_a-signal.o)
                0x0000000008003e80                _init_signal_r
                0x0000000008003eac                _signal_r
                0x0000000008003ef4                _raise_r
                0x0000000008003f48                __sigtramp_r
                0x0000000008003fa8                raise
                0x0000000008004000                signal
                0x0000000008004050                _init_signal
                0x0000000008004084                __sigtramp
 .text          0x00000000080040e8       0x30 /usr/lib/gcc/arm-none-eabi/10.3.1/../../../arm-none-eabi/lib/thumb/v7e-m+fp/hard/libc_nano.a(lib_a-signalr.o)
                0x00000000080040e8                _kill_r
                0x0000000008004114                _getpid_r
 .text          0x0000000008004118       0x90 /usr/lib/gcc/arm-none-eabi/10.3.1/../../../arm-none-eabi/lib/thumb/v7e-m+fp/hard/libc_nano.a(lib_a-stdio.o)
                0x0000000008004118                __sread
                0x000000000800413c                __seofread
                0x0000000008004140                __swrite
                0x0000000008004180                __sseek
                0x00000000080041a0                __sclose
 .text          0x00000000080041a8       0x2c /usr/lib/gcc/arm-none-eabi/10.3.1/../../../arm-none-eabi/lib/thumb/v7e-m+fp/hard/libc_nano.a(lib_a-writer.o)
                0x00000000080041a8                _write_r
 .text          0x00000000080041d4       0x24 /usr/lib/gcc/arm-none-eabi/10.3.1/../../../arm-none-eabi/lib/thumb/v7e-m+fp/hard/libc_nano.a(lib_a-closer.o)
                0x00000000080041d4                _close_r
 .text          0x00000000080041f8       0x2c /usr/lib/gcc/arm-none-eabi/10.3.1/../../../arm-none-eabi/lib/thumb/v7e-m+fp/hard/libc_nano.a(lib_a-fstatr.o)
                0x00000000080041f8                _fstat_r
 .text          0x0000000008004224       0x24 /usr/lib/gcc/arm-none-eabi/10.3.1/../../../arm-none-eabi/lib/thumb/v7e-m+fp/hard/libc_nano.a(lib_a-isattyr.o)
                0x0000000008004224                _isatty_r
 .text          0x0000000008004248       0x2c /usr/lib/gcc/arm-none-eabi/10.3.1/../../../arm-none-eabi/lib/thumb/v7e-m+fp/hard/libc_nano.a(lib_a-lseekr.o)
                0x0000000008004248                _lseek_r
 .text          0x0000000008004274       0x14 /usr/lib/gcc/arm-none-eabi/10.3.1/../../../arm-none-eabi/lib/thumb/v7e-m+fp/hard/libc_nano.a(lib_a-nano-msizer.o)
                0x0000000008004274                _malloc_usable_size_r
 .text          0x0000000008004288       0x2c /usr/lib/gcc/arm-none-eabi/10.3.1/../../../arm-none-eabi/lib/thumb/v7e-m+fp/hard/libc_nano.a(lib_a-readr.o)
                0x0000000008004288                _read_r
 .text          0x00000000080042b4      0x378 /usr/lib/gcc/arm-none-eabi/10.3.1/thumb/v7e-m+fp/hard/libgcc.a(_arm_addsubdf3.o)
                0x00000000080042b4                __aeabi_drsub
                0x00000000080042bc                __aeabi_dsub
                0x00000000080042bc                __subdf3
                0x00000000080042c0                __adddf3
                0x00000000080042c0                __aeabi_dadd
                0x0000000008004538                __aeabi_ui2d
                0x0000000008004538                __floatunsidf
                0x0000000008004558                __floatsidf
                0x0000000008004558                __aeabi_i2d
                0x000000000800457c                __extendsfdf2
                0x000000000800457c                __aeabi_f2d
                0x00000000080045c0                __aeabi_ul2d
                0x00000000080045c0                __floatundidf
                0x00000000080045d0                __floatdidf
                0x00000000080045d0                __aeabi_l2d
 .text          0x000000000800462c      0x424 /usr/lib/gcc/arm-none-eabi/10.3.1/thumb/v7e-m+fp/hard/libgcc.a(_arm_muldivdf3.o)
                0x000000000800462c                __aeabi_dmul
                0x000000000800462c                __muldf3
                0x0000000008004880                __aeabi_ddiv
                0x0000000008004880                __divdf3
 .text          0x0000000008004a50      0x110 /usr/lib/gcc/arm-none-eabi/10.3.1/thumb/v7e-m+fp/hard/libgcc.a(_arm_cmpdf2.o)
                0x0000000008004a50                __gtdf2
                0x0000000008004a50                __gedf2
                0x0000000008004a58                __ltdf2
                0x0000000008004a58                __ledf2
                0x0000000008004a60                __cmpdf2
                0x0000000008004a60                __eqdf2
                0x0000000008004a60                __nedf2
                0x0000000008004adc                __aeabi_cdrcmple
                0x0000000008004aec                __aeabi_cdcmple
                0x0000000008004aec                __aeabi_cdcmpeq
                0x0000000008004afc                __aeabi_dcmpeq
                0x0000000008004b10                __aeabi_dcmplt
                0x0000000008004b24                __aeabi_dcmple
                0x0000000008004b38                __aeabi_dcmpge
                0x0000000008004b4c                __aeabi_dcmpgt
 .text          0x0000000008004b60       0x2c /usr/lib/gcc/arm-none-eabi/10.3.1/thumb/v7e-m+fp/hard/libgcc.a(_arm_unorddf2.o)
                0x0000000008004b60                __aeabi_dcmpun
                0x0000000008004b60                __unorddf2
 .text          0x0000000008004b8c       0x50 /usr/lib/gcc/arm-none-eabi/10.3.1/thumb/v7e-m+fp/hard/libgcc.a(_arm_fixdfsi.o)
                0x0000000008004b8c                __fixdfsi
                0x0000000008004b8c                __aeabi_d2iz
 .text          0x0000000008004bdc       0xa0 /usr/lib/gcc/arm-none-eabi/10.3.1/thumb/v7e-m+fp/hard/libgcc.a(_arm_truncdfsf2.o)
                0x0000000008004bdc                __aeabi_d2f
                0x0000000008004bdc                __truncdfsf2
 .text          0x0000000008004c7c       0x30 /usr/lib/gcc/arm-none-eabi/10.3.1/thumb/v7e-m+fp/hard/libgcc.a(_aeabi_uldivmod.o)
                0x0000000008004c7c                __aeabi_uldivmod
 .text          0x0000000008004cac      0x2d0 /usr/lib/gcc/arm-none-eabi/10.3.1/thumb/v7e-m+fp/hard/libgcc.a(_udivmoddi4.o)
                0x0000000008004cac                __udivmoddi4
 .text          0x0000000008004f7c        0x4 /usr/lib/gcc/arm-none-eabi/10.3.1/thumb/v7e-m+fp/hard/libgcc.a(_dvmd_tls.o)
                0x0000000008004f7c                __aeabi_ldiv0
                0x0000000008004f7c                __aeabi_idiv0
 .text          0x0000000008004f80        0xc /usr/lib/gcc/arm-none-eabi/10.3.1/../../../arm-none-eabi/lib/thumb/v7e-m+fp/hard/libg_nano.a(lib_a-errno.o)
                0x0000000008004f80                __errno
 .text          0x0000000008004f8c       0x78 /usr/lib/gcc/arm-none-eabi/10.3.1/../../../arm-none-eabi/lib/thumb/v7e-m+fp/hard/libg_nano.a(lib_a-sprintf.o)
                0x0000000008004f8c                _siprintf_r
                0x0000000008004f8c                _sprintf_r
                0x0000000008004fc4                sprintf
                0x0000000008004fc4                siprintf
 .text          0x0000000008005004      0x3f0 /usr/lib/gcc/arm-none-eabi/10.3.1/../../../arm-none-eabi/lib/thumb/v7e-m+fp/hard/libg_nano.a(lib_a-nano-svfprintf.o)
                0x0000000008005004                __ssputs_r
                0x00000000080050c8                __ssprint_r
                0x00000000080051c0                _svfprintf_r
                0x00000000080051c0                _svfiprintf_r
 .text          0x00000000080053f4        0x4 /usr/lib/gcc/arm-none-eabi/10.3.1/../../../arm-none-eabi/lib/thumb/v7e-m+fp/hard/libm.a(lib_a-wf_atan2.o)
                0x00000000080053f4                atan2f
 .text          0x00000000080053f8       0x50 /usr/lib/gcc/arm-none-eabi/10.3.1/../../../arm-none-eabi/lib/thumb/v7e-m+fp/hard/libm.a(lib_a-wf_sqrt.o)
                0x00000000080053f8                sqrtf
 .text          0x0000000008005448      0x14c /usr/lib/gcc/arm-none-eabi/10.3.1/../../../arm-none-eabi/lib/thumb/v7e-m+fp/hard/libm.a(lib_a-ef_atan2.o)
                0x0000000008005448                __ieee754_atan2f
 .text          0x0000000008005594        0x8 /usr/lib/gcc/arm-none-eabi/10.3.1/../../../arm-none-eabi/lib/thumb/v7e-m+fp/hard/libm.a(lib_a-ef_sqrt.o)
                0x0000000008005594                __ieee754_sqrtf
 .text          0x000000000800559c      0x1a8 /usr/lib/gcc/arm-none-eabi/10.3.1/../../../arm-none-eabi/lib/thumb/v7e-m+fp/hard/libm.a(lib_a-sf_atan.o)
                0x000000000800559c                atanf
 .text          0x0000000008005744       0x10 /usr/lib/gcc/arm-none-eabi/10.3.1/../../../arm-none-eabi/lib/thumb/v7e-m+fp/hard/libm.a(lib_a-sf_fabs.o)
                0x0000000008005744                fabsf
 *(.text*)
 .text.HAL_SPI_RxCpltCallback
                0x0000000008005754       0x3c CMakeFiles/STM32F4_DSP.dir/Core/Src/main.c.obj
                0x0000000008005754                HAL_SPI_RxCpltCallback
 .text.HAL_SPI_TxCpltCallback
                0x0000000008005790       0x24 CMakeFiles/STM32F4_DSP.dir/Core/Src/main.c.obj
                0x0000000008005790                HAL_SPI_TxCpltCallback
 .text.main     0x00000000080057b4      0x2d8 CMakeFiles/STM32F4_DSP.dir/Core/Src/main.c.obj
                0x00000000080057b4                main
 .text.SystemClock_Config
                0x0000000008005a8c       0xdc CMakeFiles/STM32F4_DSP.dir/Core/Src/main.c.obj
                0x0000000008005a8c                SystemClock_Config
 .text.MX_SPI1_Init
                0x0000000008005b68       0x6c CMakeFiles/STM32F4_DSP.dir/Core/Src/main.c.obj
 .text.MX_USART2_UART_Init
                0x0000000008005bd4       0x54 CMakeFiles/STM32F4_DSP.dir/Core/Src/main.c.obj
 .text.MX_DMA_Init
                0x0000000008005c28       0x50 CMakeFiles/STM32F4_DSP.dir/Core/Src/main.c.obj
 .text.MX_GPIO_Init
                0x0000000008005c78       0xdc CMakeFiles/STM32F4_DSP.dir/Core/Src/main.c.obj
 .text.Error_Handler
                0x0000000008005d54        0xa CMakeFiles/STM32F4_DSP.dir/Core/Src/main.c.obj
                0x0000000008005d54                Error_Handler
 .text.kalman_init
                0x0000000008005d5e       0x66 CMakeFiles/STM32F4_DSP.dir/Core/Src/kalman_filter.c.obj
                0x0000000008005d5e                kalman_init
 .text.kalman_update
                0x0000000008005dc4      0x1f4 CMakeFiles/STM32F4_DSP.dir/Core/Src/kalman_filter.c.obj
                0x0000000008005dc4                kalman_update
 .text.SPI_MPU_EN
                0x0000000008005fb8       0x18 CMakeFiles/STM32F4_DSP.dir/Core/Src/mpu9250.c.obj
                0x0000000008005fb8                SPI_MPU_EN
 .text.SPI_MPU_DIS
                0x0000000008005fd0       0x18 CMakeFiles/STM32F4_DSP.dir/Core/Src/mpu9250.c.obj
                0x0000000008005fd0                SPI_MPU_DIS
 .text.MPU_ReadRegDMA
                0x0000000008005fe8       0x46 CMakeFiles/STM32F4_DSP.dir/Core/Src/mpu9250.c.obj
                0x0000000008005fe8                MPU_ReadRegDMA
 .text.MPU_WriteRegDMA
                0x000000000800602e       0x3c CMakeFiles/STM32F4_DSP.dir/Core/Src/mpu9250.c.obj
                0x000000000800602e                MPU_WriteRegDMA
 .text.MPU_WhoAmIDMA
                0x000000000800606a       0x20 CMakeFiles/STM32F4_DSP.dir/Core/Src/mpu9250.c.obj
                0x000000000800606a                MPU_WhoAmIDMA
 .text.MPU_InitDMA
                0x000000000800608a      0x11e CMakeFiles/STM32F4_DSP.dir/Core/Src/mpu9250.c.obj
                0x000000000800608a                MPU_InitDMA
 .text.MPU_CallibrateDMA
                0x00000000080061a8       0xd2 CMakeFiles/STM32F4_DSP.dir/Core/Src/mpu9250.c.obj
                0x00000000080061a8                MPU_CallibrateDMA
 .text.MPU_ReadAllDMA
                0x000000000800627a       0x2a CMakeFiles/STM32F4_DSP.dir/Core/Src/mpu9250.c.obj
                0x000000000800627a                MPU_ReadAllDMA
 *fill*         0x00000000080062a4        0x4 
 .text.MPU_ReadAllDMA_Cplt
                0x00000000080062a8      0x2d0 CMakeFiles/STM32F4_DSP.dir/Core/Src/mpu9250.c.obj
                0x00000000080062a8                MPU_ReadAllDMA_Cplt
 .text.NMI_Handler
                0x0000000008006578        0x6 CMakeFiles/STM32F4_DSP.dir/Core/Src/stm32f4xx_it.c.obj
                0x0000000008006578                NMI_Handler
 .text.HardFault_Handler
                0x000000000800657e        0x6 CMakeFiles/STM32F4_DSP.dir/Core/Src/stm32f4xx_it.c.obj
                0x000000000800657e                HardFault_Handler
 .text.MemManage_Handler
                0x0000000008006584        0x6 CMakeFiles/STM32F4_DSP.dir/Core/Src/stm32f4xx_it.c.obj
                0x0000000008006584                MemManage_Handler
 .text.BusFault_Handler
                0x000000000800658a        0x6 CMakeFiles/STM32F4_DSP.dir/Core/Src/stm32f4xx_it.c.obj
                0x000000000800658a                BusFault_Handler
 .text.UsageFault_Handler
                0x0000000008006590        0x6 CMakeFiles/STM32F4_DSP.dir/Core/Src/stm32f4xx_it.c.obj
                0x0000000008006590                UsageFault_Handler
 .text.SVC_Handler
                0x0000000008006596        0xe CMakeFiles/STM32F4_DSP.dir/Core/Src/stm32f4xx_it.c.obj
                0x0000000008006596                SVC_Handler
 .text.DebugMon_Handler
                0x00000000080065a4        0xe CMakeFiles/STM32F4_DSP.dir/Core/Src/stm32f4xx_it.c.obj
                0x00000000080065a4                DebugMon_Handler
 .text.PendSV_Handler
                0x00000000080065b2        0xe CMakeFiles/STM32F4_DSP.dir/Core/Src/stm32f4xx_it.c.obj
                0x00000000080065b2                PendSV_Handler
 .text.SysTick_Handler
                0x00000000080065c0        0xc CMakeFiles/STM32F4_DSP.dir/Core/Src/stm32f4xx_it.c.obj
                0x00000000080065c0                SysTick_Handler
 .text.DMA2_Stream0_IRQHandler
                0x00000000080065cc       0x14 CMakeFiles/STM32F4_DSP.dir/Core/Src/stm32f4xx_it.c.obj
                0x00000000080065cc                DMA2_Stream0_IRQHandler
 .text.DMA2_Stream3_IRQHandler
                0x00000000080065e0       0x14 CMakeFiles/STM32F4_DSP.dir/Core/Src/stm32f4xx_it.c.obj
                0x00000000080065e0                DMA2_Stream3_IRQHandler
 .text.HAL_MspInit
                0x00000000080065f4       0x50 CMakeFiles/STM32F4_DSP.dir/Core/Src/stm32f4xx_hal_msp.c.obj
                0x00000000080065f4                HAL_MspInit
 .text.HAL_SPI_MspInit
                0x0000000008006644      0x15c CMakeFiles/STM32F4_DSP.dir/Core/Src/stm32f4xx_hal_msp.c.obj
                0x0000000008006644                HAL_SPI_MspInit
 .text.HAL_UART_MspInit
                0x00000000080067a0       0x90 CMakeFiles/STM32F4_DSP.dir/Core/Src/stm32f4xx_hal_msp.c.obj
                0x00000000080067a0                HAL_UART_MspInit
 .text.HAL_SPI_Init
                0x0000000008006830      0x112 CMakeFiles/STM32F4_DSP.dir/Drivers/STM32F4xx_HAL_Driver/Src/stm32f4xx_hal_spi.c.obj
                0x0000000008006830                HAL_SPI_Init
 *fill*         0x0000000008006942        0x2 
 .text.HAL_SPI_Transmit_DMA
                0x0000000008006944      0x164 CMakeFiles/STM32F4_DSP.dir/Drivers/STM32F4xx_HAL_Driver/Src/stm32f4xx_hal_spi.c.obj
                0x0000000008006944                HAL_SPI_Transmit_DMA
 .text.HAL_SPI_Receive_DMA
                0x0000000008006aa8      0x188 CMakeFiles/STM32F4_DSP.dir/Drivers/STM32F4xx_HAL_Driver/Src/stm32f4xx_hal_spi.c.obj
                0x0000000008006aa8                HAL_SPI_Receive_DMA
 .text.HAL_SPI_TransmitReceive_DMA
                0x0000000008006c30      0x1f8 CMakeFiles/STM32F4_DSP.dir/Drivers/STM32F4xx_HAL_Driver/Src/stm32f4xx_hal_spi.c.obj
                0x0000000008006c30                HAL_SPI_TransmitReceive_DMA
 .text.HAL_SPI_TxRxCpltCallback
                0x0000000008006e28       0x14 CMakeFiles/STM32F4_DSP.dir/Drivers/STM32F4xx_HAL_Driver/Src/stm32f4xx_hal_spi.c.obj
                0x0000000008006e28                HAL_SPI_TxRxCpltCallback
 .text.HAL_SPI_TxHalfCpltCallback
                0x0000000008006e3c       0x14 CMakeFiles/STM32F4_DSP.dir/Drivers/STM32F4xx_HAL_Driver/Src/stm32f4xx_hal_spi.c.obj
                0x0000000008006e3c                HAL_SPI_TxHalfCpltCallback
 .text.HAL_SPI_RxHalfCpltCallback
                0x0000000008006e50       0x14 CMakeFiles/STM32F4_DSP.dir/Drivers/STM32F4xx_HAL_Driver/Src/stm32f4xx_hal_spi.c.obj
                0x0000000008006e50                HAL_SPI_RxHalfCpltCallback
 .text.HAL_SPI_TxRxHalfCpltCallback
                0x0000000008006e64       0x14 CMakeFiles/STM32F4_DSP.dir/Drivers/STM32F4xx_HAL_Driver/Src/stm32f4xx_hal_spi.c.obj
                0x0000000008006e64                HAL_SPI_TxRxHalfCpltCallback
 .text.HAL_SPI_ErrorCallback
                0x0000000008006e78       0x14 CMakeFiles/STM32F4_DSP.dir/Drivers/STM32F4xx_HAL_Driver/Src/stm32f4xx_hal_spi.c.obj
                0x0000000008006e78                HAL_SPI_ErrorCallback
 .text.SPI_DMATransmitCplt
                0x0000000008006e8c       0xa8 CMakeFiles/STM32F4_DSP.dir/Drivers/STM32F4xx_HAL_Driver/Src/stm32f4xx_hal_spi.c.obj
 .text.SPI_DMAReceiveCplt
                0x0000000008006f34       0xa8 CMakeFiles/STM32F4_DSP.dir/Drivers/STM32F4xx_HAL_Driver/Src/stm32f4xx_hal_spi.c.obj
 .text.SPI_DMATransmitReceiveCplt
                0x0000000008006fdc       0x90 CMakeFiles/STM32F4_DSP.dir/Drivers/STM32F4xx_HAL_Driver/Src/stm32f4xx_hal_spi.c.obj
 .text.SPI_DMAHalfTransmitCplt
                0x000000000800706c       0x1c CMakeFiles/STM32F4_DSP.dir/Drivers/STM32F4xx_HAL_Driver/Src/stm32f4xx_hal_spi.c.obj
 .text.SPI_DMAHalfReceiveCplt
                0x0000000008007088       0x1c CMakeFiles/STM32F4_DSP.dir/Drivers/STM32F4xx_HAL_Driver/Src/stm32f4xx_hal_spi.c.obj
 .text.SPI_DMAHalfTransmitReceiveCplt
                0x00000000080070a4       0x1c CMakeFiles/STM32F4_DSP.dir/Drivers/STM32F4xx_HAL_Driver/Src/stm32f4xx_hal_spi.c.obj
 .text.SPI_DMAError
                0x00000000080070c0       0x40 CMakeFiles/STM32F4_DSP.dir/Drivers/STM32F4xx_HAL_Driver/Src/stm32f4xx_hal_spi.c.obj
 .text.SPI_WaitFlagStateUntilTimeout
                0x0000000008007100      0x110 CMakeFiles/STM32F4_DSP.dir/Drivers/STM32F4xx_HAL_Driver/Src/stm32f4xx_hal_spi.c.obj
 .text.SPI_EndRxTransaction
                0x0000000008007210       0xca CMakeFiles/STM32F4_DSP.dir/Drivers/STM32F4xx_HAL_Driver/Src/stm32f4xx_hal_spi.c.obj
 *fill*         0x00000000080072da        0x2 
 .text.SPI_EndRxTxTransaction
                0x00000000080072dc       0xa8 CMakeFiles/STM32F4_DSP.dir/Drivers/STM32F4xx_HAL_Driver/Src/stm32f4xx_hal_spi.c.obj
 .text.HAL_RCC_ClockConfig
                0x0000000008007384      0x1cc CMakeFiles/STM32F4_DSP.dir/Drivers/STM32F4xx_HAL_Driver/Src/stm32f4xx_hal_rcc.c.obj
                0x0000000008007384                HAL_RCC_ClockConfig
 .text.HAL_RCC_GetHCLKFreq
                0x0000000008007550       0x18 CMakeFiles/STM32F4_DSP.dir/Drivers/STM32F4xx_HAL_Driver/Src/stm32f4xx_hal_rcc.c.obj
                0x0000000008007550                HAL_RCC_GetHCLKFreq
 .text.HAL_RCC_GetPCLK1Freq
                0x0000000008007568       0x28 CMakeFiles/STM32F4_DSP.dir/Drivers/STM32F4xx_HAL_Driver/Src/stm32f4xx_hal_rcc.c.obj
                0x0000000008007568                HAL_RCC_GetPCLK1Freq
 .text.HAL_RCC_GetPCLK2Freq
                0x0000000008007590       0x28 CMakeFiles/STM32F4_DSP.dir/Drivers/STM32F4xx_HAL_Driver/Src/stm32f4xx_hal_rcc.c.obj
                0x0000000008007590                HAL_RCC_GetPCLK2Freq
 .text.HAL_RCC_GetSysClockFreq
                0x00000000080075b8      0x460 CMakeFiles/STM32F4_DSP.dir/Drivers/STM32F4xx_HAL_Driver/Src/stm32f4xx_hal_rcc_ex.c.obj
                0x00000000080075b8                HAL_RCC_GetSysClockFreq
 .text.HAL_RCC_OscConfig
                0x0000000008007a18      0x53c CMakeFiles/STM32F4_DSP.dir/Drivers/STM32F4xx_HAL_Driver/Src/stm32f4xx_hal_rcc_ex.c.obj
                0x0000000008007a18                HAL_RCC_OscConfig
 .text.HAL_GPIO_Init
                0x0000000008007f54      0x328 CMakeFiles/STM32F4_DSP.dir/Drivers/STM32F4xx_HAL_Driver/Src/stm32f4xx_hal_gpio.c.obj
                0x0000000008007f54                HAL_GPIO_Init
 .text.HAL_GPIO_WritePin
                0x000000000800827c       0x32 CMakeFiles/STM32F4_DSP.dir/Drivers/STM32F4xx_HAL_Driver/Src/stm32f4xx_hal_gpio.c.obj
                0x000000000800827c                HAL_GPIO_WritePin
 *fill*         0x00000000080082ae        0x2 
 .text.HAL_DMA_Init
                0x00000000080082b0      0x15c CMakeFiles/STM32F4_DSP.dir/Drivers/STM32F4xx_HAL_Driver/Src/stm32f4xx_hal_dma.c.obj
                0x00000000080082b0                HAL_DMA_Init
 .text.HAL_DMA_Start_IT
                0x000000000800840c       0xb0 CMakeFiles/STM32F4_DSP.dir/Drivers/STM32F4xx_HAL_Driver/Src/stm32f4xx_hal_dma.c.obj
                0x000000000800840c                HAL_DMA_Start_IT
 .text.HAL_DMA_IRQHandler
                0x00000000080084bc      0x314 CMakeFiles/STM32F4_DSP.dir/Drivers/STM32F4xx_HAL_Driver/Src/stm32f4xx_hal_dma.c.obj
                0x00000000080084bc                HAL_DMA_IRQHandler
 .text.DMA_SetConfig
                0x00000000080087d0       0x5c CMakeFiles/STM32F4_DSP.dir/Drivers/STM32F4xx_HAL_Driver/Src/stm32f4xx_hal_dma.c.obj
 .text.DMA_CalcBaseAndBitshift
                0x000000000800882c       0x6c CMakeFiles/STM32F4_DSP.dir/Drivers/STM32F4xx_HAL_Driver/Src/stm32f4xx_hal_dma.c.obj
 .text.DMA_CheckFifoParam
                0x0000000008008898       0xf8 CMakeFiles/STM32F4_DSP.dir/Drivers/STM32F4xx_HAL_Driver/Src/stm32f4xx_hal_dma.c.obj
 .text.__NVIC_SetPriorityGrouping
                0x0000000008008990       0x48 CMakeFiles/STM32F4_DSP.dir/Drivers/STM32F4xx_HAL_Driver/Src/stm32f4xx_hal_cortex.c.obj
 .text.__NVIC_GetPriorityGrouping
                0x00000000080089d8       0x1c CMakeFiles/STM32F4_DSP.dir/Drivers/STM32F4xx_HAL_Driver/Src/stm32f4xx_hal_cortex.c.obj
 .text.__NVIC_EnableIRQ
                0x00000000080089f4       0x3c CMakeFiles/STM32F4_DSP.dir/Drivers/STM32F4xx_HAL_Driver/Src/stm32f4xx_hal_cortex.c.obj
 .text.__NVIC_SetPriority
                0x0000000008008a30       0x54 CMakeFiles/STM32F4_DSP.dir/Drivers/STM32F4xx_HAL_Driver/Src/stm32f4xx_hal_cortex.c.obj
 .text.NVIC_EncodePriority
                0x0000000008008a84       0x66 CMakeFiles/STM32F4_DSP.dir/Drivers/STM32F4xx_HAL_Driver/Src/stm32f4xx_hal_cortex.c.obj
 *fill*         0x0000000008008aea        0x2 
 .text.SysTick_Config
                0x0000000008008aec       0x44 CMakeFiles/STM32F4_DSP.dir/Drivers/STM32F4xx_HAL_Driver/Src/stm32f4xx_hal_cortex.c.obj
 .text.HAL_NVIC_SetPriorityGrouping
                0x0000000008008b30       0x16 CMakeFiles/STM32F4_DSP.dir/Drivers/STM32F4xx_HAL_Driver/Src/stm32f4xx_hal_cortex.c.obj
                0x0000000008008b30                HAL_NVIC_SetPriorityGrouping
 .text.HAL_NVIC_SetPriority
                0x0000000008008b46       0x38 CMakeFiles/STM32F4_DSP.dir/Drivers/STM32F4xx_HAL_Driver/Src/stm32f4xx_hal_cortex.c.obj
                0x0000000008008b46                HAL_NVIC_SetPriority
 .text.HAL_NVIC_EnableIRQ
                0x0000000008008b7e       0x1c CMakeFiles/STM32F4_DSP.dir/Drivers/STM32F4xx_HAL_Driver/Src/stm32f4xx_hal_cortex.c.obj
                0x0000000008008b7e                HAL_NVIC_EnableIRQ
 .text.HAL_SYSTICK_Config
                0x0000000008008b9a       0x18 CMakeFiles/STM32F4_DSP.dir/Drivers/STM32F4xx_HAL_Driver/Src/stm32f4xx_hal_cortex.c.obj
                0x0000000008008b9a                HAL_SYSTICK_Config
 *fill*         0x0000000008008bb2        0x2 
 .text.HAL_Init
                0x0000000008008bb4       0x44 CMakeFiles/STM32F4_DSP.dir/Drivers/STM32F4xx_HAL_Driver/Src/stm32f4xx_hal.c.obj
                0x0000000008008bb4                HAL_Init
 .text.HAL_InitTick
                0x0000000008008bf8       0x60 CMakeFiles/STM32F4_DSP.dir/Drivers/STM32F4xx_HAL_Driver/Src/stm32f4xx_hal.c.obj
                0x0000000008008bf8                HAL_InitTick
 .text.HAL_IncTick
                0x0000000008008c58       0x28 CMakeFiles/STM32F4_DSP.dir/Drivers/STM32F4xx_HAL_Driver/Src/stm32f4xx_hal.c.obj
                0x0000000008008c58                HAL_IncTick
 .text.HAL_GetTick
                0x0000000008008c80       0x18 CMakeFiles/STM32F4_DSP.dir/Drivers/STM32F4xx_HAL_Driver/Src/stm32f4xx_hal.c.obj
                0x0000000008008c80                HAL_GetTick
 .text.HAL_Delay
                0x0000000008008c98       0x48 CMakeFiles/STM32F4_DSP.dir/Drivers/STM32F4xx_HAL_Driver/Src/stm32f4xx_hal.c.obj
                0x0000000008008c98                HAL_Delay
 .text.HAL_UART_Init
                0x0000000008008ce0       0xa0 CMakeFiles/STM32F4_DSP.dir/Drivers/STM32F4xx_HAL_Driver/Src/stm32f4xx_hal_uart.c.obj
                0x0000000008008ce0                HAL_UART_Init
 .text.HAL_UART_Transmit
                0x0000000008008d80      0x116 CMakeFiles/STM32F4_DSP.dir/Drivers/STM32F4xx_HAL_Driver/Src/stm32f4xx_hal_uart.c.obj
                0x0000000008008d80                HAL_UART_Transmit
 .text.UART_WaitOnFlagUntilTimeout
                0x0000000008008e96       0xb2 CMakeFiles/STM32F4_DSP.dir/Drivers/STM32F4xx_HAL_Driver/Src/stm32f4xx_hal_uart.c.obj
 .text.UART_EndRxTransfer
                0x0000000008008f48       0xc6 CMakeFiles/STM32F4_DSP.dir/Drivers/STM32F4xx_HAL_Driver/Src/stm32f4xx_hal_uart.c.obj
 *fill*         0x000000000800900e        0x2 
 .text.UART_SetConfig
                0x0000000008009010      0x4e8 CMakeFiles/STM32F4_DSP.dir/Drivers/STM32F4xx_HAL_Driver/Src/stm32f4xx_hal_uart.c.obj
 .text.SystemInit
                0x00000000080094f8       0x24 CMakeFiles/STM32F4_DSP.dir/Core/Src/system_stm32f4xx.c.obj
                0x00000000080094f8                SystemInit
 .text._sbrk    0x000000000800951c       0x6c CMakeFiles/STM32F4_DSP.dir/Core/Src/sysmem.c.obj
                0x000000000800951c                _sbrk
 .text._getpid  0x0000000008009588       0x10 CMakeFiles/STM32F4_DSP.dir/Core/Src/syscalls.c.obj
                0x0000000008009588                _getpid
 .text._kill    0x0000000008009598       0x20 CMakeFiles/STM32F4_DSP.dir/Core/Src/syscalls.c.obj
                0x0000000008009598                _kill
 .text._exit    0x00000000080095b8       0x14 CMakeFiles/STM32F4_DSP.dir/Core/Src/syscalls.c.obj
                0x00000000080095b8                _exit
 .text._read    0x00000000080095cc       0x3a CMakeFiles/STM32F4_DSP.dir/Core/Src/syscalls.c.obj
                0x00000000080095cc                _read
 .text._write   0x0000000008009606       0x38 CMakeFiles/STM32F4_DSP.dir/Core/Src/syscalls.c.obj
                0x0000000008009606                _write
 .text._close   0x000000000800963e       0x18 CMakeFiles/STM32F4_DSP.dir/Core/Src/syscalls.c.obj
                0x000000000800963e                _close
 .text._fstat   0x0000000008009656       0x20 CMakeFiles/STM32F4_DSP.dir/Core/Src/syscalls.c.obj
                0x0000000008009656                _fstat
 .text._isatty  0x0000000008009676       0x16 CMakeFiles/STM32F4_DSP.dir/Core/Src/syscalls.c.obj
                0x0000000008009676                _isatty
 .text._lseek   0x000000000800968c       0x1a CMakeFiles/STM32F4_DSP.dir/Core/Src/syscalls.c.obj
                0x000000000800968c                _lseek
 *fill*         0x00000000080096a6        0x2 
 .text.Reset_Handler
                0x00000000080096a8       0x50 CMakeFiles/STM32F4_DSP.dir/startup_stm32f446xx.s.obj
                0x00000000080096a8                Reset_Handler
 .text.Default_Handler
                0x00000000080096f8        0x2 CMakeFiles/STM32F4_DSP.dir/startup_stm32f446xx.s.obj
                0x00000000080096f8                RTC_Alarm_IRQHandler
                0x00000000080096f8                EXTI2_IRQHandler
                0x00000000080096f8                TIM8_CC_IRQHandler
                0x00000000080096f8                FMPI2C1_EV_IRQHandler
                0x00000000080096f8                SPI4_IRQHandler
                0x00000000080096f8                TIM1_CC_IRQHandler
                0x00000000080096f8                DMA2_Stream5_IRQHandler
                0x00000000080096f8                DMA1_Stream5_IRQHandler
                0x00000000080096f8                PVD_IRQHandler
                0x00000000080096f8                SDIO_IRQHandler
                0x00000000080096f8                TAMP_STAMP_IRQHandler
                0x00000000080096f8                CAN2_RX1_IRQHandler
                0x00000000080096f8                EXTI3_IRQHandler
                0x00000000080096f8                TIM8_TRG_COM_TIM14_IRQHandler
                0x00000000080096f8                TIM1_UP_TIM10_IRQHandler
                0x00000000080096f8                TIM8_UP_TIM13_IRQHandler
                0x00000000080096f8                I2C3_ER_IRQHandler
                0x00000000080096f8                EXTI0_IRQHandler
                0x00000000080096f8                I2C2_EV_IRQHandler
                0x00000000080096f8                DMA1_Stream2_IRQHandler
                0x00000000080096f8                CAN1_RX0_IRQHandler
                0x00000000080096f8                FPU_IRQHandler
                0x00000000080096f8                OTG_HS_WKUP_IRQHandler
                0x00000000080096f8                CAN2_SCE_IRQHandler
                0x00000000080096f8                DMA2_Stream2_IRQHandler
                0x00000000080096f8                SPI1_IRQHandler
                0x00000000080096f8                TIM6_DAC_IRQHandler
                0x00000000080096f8                TIM1_BRK_TIM9_IRQHandler
                0x00000000080096f8                DCMI_IRQHandler
                0x00000000080096f8                CAN2_RX0_IRQHandler
                0x00000000080096f8                SAI2_IRQHandler
                0x00000000080096f8                USART6_IRQHandler
                0x00000000080096f8                USART3_IRQHandler
                0x00000000080096f8                CAN1_RX1_IRQHandler
                0x00000000080096f8                UART5_IRQHandler
                0x00000000080096f8                TIM4_IRQHandler
                0x00000000080096f8                QUADSPI_IRQHandler
                0x00000000080096f8                I2C1_EV_IRQHandler
                0x00000000080096f8                DMA1_Stream6_IRQHandler
                0x00000000080096f8                DMA1_Stream1_IRQHandler
                0x00000000080096f8                UART4_IRQHandler
                0x00000000080096f8                TIM3_IRQHandler
                0x00000000080096f8                RCC_IRQHandler
                0x00000000080096f8                TIM8_BRK_TIM12_IRQHandler
                0x00000000080096f8                Default_Handler
                0x00000000080096f8                CEC_IRQHandler
                0x00000000080096f8                EXTI15_10_IRQHandler
                0x00000000080096f8                ADC_IRQHandler
                0x00000000080096f8                DMA1_Stream7_IRQHandler
                0x00000000080096f8                TIM7_IRQHandler
                0x00000000080096f8                CAN2_TX_IRQHandler
                0x00000000080096f8                TIM5_IRQHandler
                0x00000000080096f8                DMA2_Stream7_IRQHandler
                0x00000000080096f8                I2C3_EV_IRQHandler
                0x00000000080096f8                EXTI9_5_IRQHandler
                0x00000000080096f8                RTC_WKUP_IRQHandler
                0x00000000080096f8                SPDIF_RX_IRQHandler
                0x00000000080096f8                SPI2_IRQHandler
                0x00000000080096f8                OTG_HS_EP1_IN_IRQHandler
                0x00000000080096f8                DMA1_Stream0_IRQHandler
                0x00000000080096f8                CAN1_TX_IRQHandler
                0x00000000080096f8                FMPI2C1_ER_IRQHandler
                0x00000000080096f8                EXTI4_IRQHandler
                0x00000000080096f8                OTG_HS_EP1_OUT_IRQHandler
                0x00000000080096f8                WWDG_IRQHandler
                0x00000000080096f8                TIM2_IRQHandler
                0x00000000080096f8                OTG_FS_WKUP_IRQHandler
                0x00000000080096f8                TIM1_TRG_COM_TIM11_IRQHandler
                0x00000000080096f8                OTG_HS_IRQHandler
                0x00000000080096f8                EXTI1_IRQHandler
                0x00000000080096f8                USART2_IRQHandler
                0x00000000080096f8                I2C2_ER_IRQHandler
                0x00000000080096f8                DMA2_Stream1_IRQHandler
                0x00000000080096f8                CAN1_SCE_IRQHandler
                0x00000000080096f8                FLASH_IRQHandler
                0x00000000080096f8                DMA2_Stream4_IRQHandler
                0x00000000080096f8                USART1_IRQHandler
                0x00000000080096f8                OTG_FS_IRQHandler
                0x00000000080096f8                SPI3_IRQHandler
                0x00000000080096f8                DMA1_Stream4_IRQHandler
                0x00000000080096f8                I2C1_ER_IRQHandler
                0x00000000080096f8                FMC_IRQHandler
                0x00000000080096f8                DMA2_Stream6_IRQHandler
                0x00000000080096f8                SAI1_IRQHandler
                0x00000000080096f8                DMA1_Stream3_IRQHandler
 *(.glue_7)
 .glue_7        0x00000000080096fa        0x0 linker stubs
 *(.glue_7t)
 .glue_7t       0x00000000080096fa        0x0 linker stubs
 *(.eh_frame)
 *fill*         0x00000000080096fa        0x2 
 .eh_frame      0x00000000080096fc        0x0 /usr/lib/gcc/arm-none-eabi/10.3.1/thumb/v7e-m+fp/hard/crtbegin.o
 *(.init)
 .init          0x00000000080096fc        0x4 /usr/lib/gcc/arm-none-eabi/10.3.1/thumb/v7e-m+fp/hard/crti.o
                0x00000000080096fc                _init
 .init          0x0000000008009700        0x8 /usr/lib/gcc/arm-none-eabi/10.3.1/thumb/v7e-m+fp/hard/crtn.o
 *(.fini)
 .fini          0x0000000008009708        0x4 /usr/lib/gcc/arm-none-eabi/10.3.1/thumb/v7e-m+fp/hard/crti.o
                0x0000000008009708                _fini
 .fini          0x000000000800970c        0x8 /usr/lib/gcc/arm-none-eabi/10.3.1/thumb/v7e-m+fp/hard/crtn.o
                0x0000000008009714                . = ALIGN (0x4)
                0x0000000008009714                _etext = .

.vfp11_veneer   0x0000000008009714        0x0
 .vfp11_veneer  0x0000000008009714        0x0 linker stubs

.v4_bx          0x0000000008009714        0x0
 .v4_bx         0x0000000008009714        0x0 linker stubs

.iplt           0x0000000008009714        0x0
 .iplt          0x0000000008009714        0x0 /usr/lib/gcc/arm-none-eabi/10.3.1/thumb/v7e-m+fp/hard/crtbegin.o

.rodata         0x0000000008009718      0x4b0
                0x0000000008009718                . = ALIGN (0x4)
 *(.rodata)
 .rodata        0x0000000008009718        0x4 /usr/lib/gcc/arm-none-eabi/10.3.1/../../../arm-none-eabi/lib/thumb/v7e-m+fp/hard/libc_nano.a(lib_a-impure.o)
                0x0000000008009718                _global_impure_ptr
 *fill*         0x000000000800971c        0x4 
 .rodata        0x0000000008009720      0x128 /usr/lib/gcc/arm-none-eabi/10.3.1/../../../arm-none-eabi/lib/thumb/v7e-m+fp/hard/libc_nano.a(lib_a-mprec.o)
                0x0000000008009730                __mprec_tens
                0x00000000080097f8                __mprec_tinytens
                0x0000000008009820                __mprec_bigtens
 .rodata        0x0000000008009848      0x101 /usr/lib/gcc/arm-none-eabi/10.3.1/../../../arm-none-eabi/lib/thumb/v7e-m+fp/hard/libc_nano.a(lib_a-ctype_.o)
                0x0000000008009848                _ctype_
 *fill*         0x0000000008009949        0x3 
 .rodata        0x000000000800994c       0x60 /usr/lib/gcc/arm-none-eabi/10.3.1/../../../arm-none-eabi/lib/thumb/v7e-m+fp/hard/libc_nano.a(lib_a-findfp.o)
                0x000000000800994c                __sf_fake_stderr
                0x000000000800996c                __sf_fake_stdout
                0x000000000800998c                __sf_fake_stdin
 .rodata        0x00000000080099ac       0x7d CMakeFiles/STM32F4_DSP.dir/Core/Src/main.c.obj
 *fill*         0x0000000008009a29        0x3 
 .rodata        0x0000000008009a2c       0x18 /usr/lib/gcc/arm-none-eabi/10.3.1/../../../arm-none-eabi/lib/thumb/v7e-m+fp/hard/libm.a(lib_a-ef_atan2.o)
 .rodata        0x0000000008009a44       0x20 /usr/lib/gcc/arm-none-eabi/10.3.1/../../../arm-none-eabi/lib/thumb/v7e-m+fp/hard/libm.a(lib_a-sf_atan.o)
 *(.rodata*)
 .rodata.str1.4
                0x0000000008009a64       0x12 /usr/lib/gcc/arm-none-eabi/10.3.1/../../../arm-none-eabi/lib/thumb/v7e-m+fp/hard/libc_nano.a(lib_a-nano-vfprintf_float.o)
 *fill*         0x0000000008009a76        0x2 
 .rodata.str1.4
                0x0000000008009a78       0x25 /usr/lib/gcc/arm-none-eabi/10.3.1/../../../arm-none-eabi/lib/thumb/v7e-m+fp/hard/libc_nano.a(lib_a-nano-vfprintf_i.o)
 *fill*         0x0000000008009a9d        0x3 
 .rodata.str1.4
                0x0000000008009aa0       0x6d /usr/lib/gcc/arm-none-eabi/10.3.1/../../../arm-none-eabi/lib/thumb/v7e-m+fp/hard/libc_nano.a(lib_a-dtoa.o)
                                         0x71 (size before relaxing)
 *fill*         0x0000000008009b0d        0x3 
 .rodata.str1.4
                0x0000000008009b10       0x33 /usr/lib/gcc/arm-none-eabi/10.3.1/../../../arm-none-eabi/lib/thumb/v7e-m+fp/hard/libc_nano.a(lib_a-mprec.o)
                                         0x5d (size before relaxing)
 *fill*         0x0000000008009b43        0x1 
 .rodata.str1.4
                0x0000000008009b44       0x3f /usr/lib/gcc/arm-none-eabi/10.3.1/../../../arm-none-eabi/lib/thumb/v7e-m+fp/hard/libc_nano.a(lib_a-assert.o)
                                         0x43 (size before relaxing)
 *fill*         0x0000000008009b83        0x1 
 .rodata.str1.4
                0x0000000008009b84        0xe /usr/lib/gcc/arm-none-eabi/10.3.1/../../../arm-none-eabi/lib/thumb/v7e-m+fp/hard/libc_nano.a(lib_a-locale.o)
                                         0x12 (size before relaxing)
 *fill*         0x0000000008009b92        0x2 
 .rodata.str1.4
                0x0000000008009b94       0x13 /usr/lib/gcc/arm-none-eabi/10.3.1/../../../arm-none-eabi/lib/thumb/v7e-m+fp/hard/libc_nano.a(lib_a-nano-vfprintf.o)
 *fill*         0x0000000008009ba7        0x1 
 .rodata.flagBitshiftOffset.0
                0x0000000008009ba8        0x8 CMakeFiles/STM32F4_DSP.dir/Drivers/STM32F4xx_HAL_Driver/Src/stm32f4xx_hal_dma.c.obj
 .rodata.AHBPrescTable
                0x0000000008009bb0       0x10 CMakeFiles/STM32F4_DSP.dir/Core/Src/system_stm32f4xx.c.obj
                0x0000000008009bb0                AHBPrescTable
 .rodata.APBPrescTable
                0x0000000008009bc0        0x8 CMakeFiles/STM32F4_DSP.dir/Core/Src/system_stm32f4xx.c.obj
                0x0000000008009bc0                APBPrescTable
 .rodata.str1.4
                0x0000000008009bc8       0x13 /usr/lib/gcc/arm-none-eabi/10.3.1/../../../arm-none-eabi/lib/thumb/v7e-m+fp/hard/libg_nano.a(lib_a-nano-svfprintf.o)
                0x0000000008009bdc                . = ALIGN (0x4)

.ARM.extab
 *(.ARM.extab* .gnu.linkonce.armextab.*)

.ARM            0x0000000008009bc8        0x8
                0x0000000008009bc8                __exidx_start = .
 *(.ARM.exidx*)
 .ARM.exidx     0x0000000008009bc8        0x8 /usr/lib/gcc/arm-none-eabi/10.3.1/thumb/v7e-m+fp/hard/libgcc.a(_udivmoddi4.o)
                0x0000000008009bd0                __exidx_end = .

.rel.dyn        0x0000000008009bd0        0x0
 .rel.iplt      0x0000000008009bd0        0x0 /usr/lib/gcc/arm-none-eabi/10.3.1/thumb/v7e-m+fp/hard/crtbegin.o

.preinit_array  0x0000000008009bd0        0x0
                0x0000000008009bd0                PROVIDE (__preinit_array_start = .)
 *(.preinit_array*)
                0x0000000008009bd0                PROVIDE (__preinit_array_end = .)

.init_array     0x0000000008009bd0        0x4
                0x0000000008009bd0                PROVIDE (__init_array_start = .)
 *(SORT_BY_NAME(.init_array.*))
 *(.init_array*)
 .init_array    0x0000000008009bd0        0x4 /usr/lib/gcc/arm-none-eabi/10.3.1/thumb/v7e-m+fp/hard/crtbegin.o
                0x0000000008009bd4                PROVIDE (__init_array_end = .)

.fini_array     0x0000000008009bd4        0x4
                0x0000000008009bd4                PROVIDE (__fini_array_start = .)
 *(SORT_BY_NAME(.fini_array.*))
 *(.fini_array*)
 .fini_array    0x0000000008009bd4        0x4 /usr/lib/gcc/arm-none-eabi/10.3.1/thumb/v7e-m+fp/hard/crtbegin.o
                0x0000000008009bd8                PROVIDE (__fini_array_end = .)
                0x0000000008009bd8                _sidata = LOADADDR (.data)

.data           0x0000000020000000      0x1e0 load address 0x0000000008009bd8
                0x0000000020000000                . = ALIGN (0x4)
                0x0000000020000000                _sdata = .
 *(.data)
 .data          0x0000000020000000       0x64 /usr/lib/gcc/arm-none-eabi/10.3.1/../../../arm-none-eabi/lib/thumb/v7e-m+fp/hard/libc_nano.a(lib_a-impure.o)
                0x0000000020000000                _impure_ptr
 .data          0x0000000020000064      0x16c /usr/lib/gcc/arm-none-eabi/10.3.1/../../../arm-none-eabi/lib/thumb/v7e-m+fp/hard/libc_nano.a(lib_a-locale.o)
                0x0000000020000064                __global_locale
 .data          0x00000000200001d0        0x1 /usr/lib/gcc/arm-none-eabi/10.3.1/../../../arm-none-eabi/lib/thumb/v7e-m+fp/hard/libm.a(lib_a-s_lib_ver.o)
                0x00000000200001d0                __fdlib_version
 *(.data*)
 .data.Gyro_fs  0x00000000200001d1        0x1 CMakeFiles/STM32F4_DSP.dir/Core/Src/main.c.obj
                0x00000000200001d1                Gyro_fs
 .data.Accel_fs
                0x00000000200001d2        0x1 CMakeFiles/STM32F4_DSP.dir/Core/Src/main.c.obj
                0x00000000200001d2                Accel_fs
 *fill*         0x00000000200001d3        0x1 
 .data.uwTickPrio
                0x00000000200001d4        0x4 CMakeFiles/STM32F4_DSP.dir/Drivers/STM32F4xx_HAL_Driver/Src/stm32f4xx_hal.c.obj
                0x00000000200001d4                uwTickPrio
 .data.uwTickFreq
                0x00000000200001d8        0x1 CMakeFiles/STM32F4_DSP.dir/Drivers/STM32F4xx_HAL_Driver/Src/stm32f4xx_hal.c.obj
                0x00000000200001d8                uwTickFreq
 *fill*         0x00000000200001d9        0x3 
 .data.SystemCoreClock
                0x00000000200001dc        0x4 CMakeFiles/STM32F4_DSP.dir/Core/Src/system_stm32f4xx.c.obj
                0x00000000200001dc                SystemCoreClock
                0x00000000200001e0                . = ALIGN (0x4)
                0x00000000200001e0                _edata = .

.tm_clone_table
                0x00000000200001e0        0x0 load address 0x0000000008009db8
 .tm_clone_table
                0x00000000200001e0        0x0 /usr/lib/gcc/arm-none-eabi/10.3.1/thumb/v7e-m+fp/hard/crtbegin.o
 .tm_clone_table
                0x00000000200001e0        0x0 /usr/lib/gcc/arm-none-eabi/10.3.1/thumb/v7e-m+fp/hard/crtend.o

.igot.plt       0x00000000200001e0        0x0 load address 0x0000000008009db8
 .igot.plt      0x00000000200001e0        0x0 /usr/lib/gcc/arm-none-eabi/10.3.1/thumb/v7e-m+fp/hard/crtbegin.o
                0x00000000200001e0                . = ALIGN (0x4)

.bss            0x00000000200001e0      0x240 load address 0x0000000008009db8
                0x00000000200001e0                _sbss = .
                0x00000000200001e0                __bss_start__ = _sbss
 *(.bss)
 .bss           0x00000000200001e0       0x1c /usr/lib/gcc/arm-none-eabi/10.3.1/thumb/v7e-m+fp/hard/crtbegin.o
 .bss           0x00000000200001fc        0x8 /usr/lib/gcc/arm-none-eabi/10.3.1/../../../arm-none-eabi/lib/thumb/v7e-m+fp/hard/libc_nano.a(lib_a-nano-mallocr.o)
                0x00000000200001fc                __malloc_free_list
                0x0000000020000200                __malloc_sbrk_start
 .bss           0x0000000020000204        0x4 /usr/lib/gcc/arm-none-eabi/10.3.1/../../../arm-none-eabi/lib/thumb/v7e-m+fp/hard/libc_nano.a(lib_a-reent.o)
                0x0000000020000204                errno
 *(.bss*)
 .bss.hspi1     0x0000000020000208       0x58 CMakeFiles/STM32F4_DSP.dir/Core/Src/main.c.obj
                0x0000000020000208                hspi1
 .bss.hdma_spi1_rx
                0x0000000020000260       0x60 CMakeFiles/STM32F4_DSP.dir/Core/Src/main.c.obj
                0x0000000020000260                hdma_spi1_rx
 .bss.hdma_spi1_tx
                0x00000000200002c0       0x60 CMakeFiles/STM32F4_DSP.dir/Core/Src/main.c.obj
                0x00000000200002c0                hdma_spi1_tx
 .bss.huart2    0x0000000020000320       0x48 CMakeFiles/STM32F4_DSP.dir/Core/Src/main.c.obj
                0x0000000020000320                huart2
 .bss.ret       0x0000000020000368        0x1 CMakeFiles/STM32F4_DSP.dir/Core/Src/main.c.obj
                0x0000000020000368                ret
 *fill*         0x0000000020000369        0x3 
 .bss.hIMU      0x000000002000036c       0x58 CMakeFiles/STM32F4_DSP.dir/Core/Src/main.c.obj
                0x000000002000036c                hIMU
 .bss.whoami    0x00000000200003c4        0x1 CMakeFiles/STM32F4_DSP.dir/Core/Src/main.c.obj
                0x00000000200003c4                whoami
 *fill*         0x00000000200003c5        0x3 
 .bss.kalman_Roll
                0x00000000200003c8       0x28 CMakeFiles/STM32F4_DSP.dir/Core/Src/main.c.obj
                0x00000000200003c8                kalman_Roll
 .bss.kalman_Pitch
                0x00000000200003f0       0x28 CMakeFiles/STM32F4_DSP.dir/Core/Src/main.c.obj
                0x00000000200003f0                kalman_Pitch
 .bss.uwTick    0x0000000020000418        0x4 CMakeFiles/STM32F4_DSP.dir/Drivers/STM32F4xx_HAL_Driver/Src/stm32f4xx_hal.c.obj
                0x0000000020000418                uwTick
 .bss.__sbrk_heap_end
                0x000000002000041c        0x4 CMakeFiles/STM32F4_DSP.dir/Core/Src/sysmem.c.obj
 *(COMMON)
                0x0000000020000420                . = ALIGN (0x4)
                0x0000000020000420                _ebss = .
                0x0000000020000420                __bss_end__ = _ebss

._user_heap_stack
                0x0000000020000420      0x600 load address 0x0000000008009db8
                0x0000000020000420                . = ALIGN (0x8)
                [!provide]                        PROVIDE (end = .)
                0x0000000020000420                PROVIDE (_end = .)
                0x0000000020000620                . = (. + _Min_Heap_Size)
 *fill*         0x0000000020000420      0x200 
                0x0000000020000a20                . = (. + _Min_Stack_Size)
 *fill*         0x0000000020000620      0x400 
                0x0000000020000a20                . = ALIGN (0x8)

/DISCARD/
 libc.a(*)
 libm.a(*)
 libgcc.a(*)
OUTPUT(STM32F4_DSP.elf elf32-littlearm)
LOAD linker stubs
LOAD /usr/lib/gcc/arm-none-eabi/10.3.1/../../../arm-none-eabi/lib/thumb/v7e-m+fp/hard/libc.a
LOAD /usr/lib/gcc/arm-none-eabi/10.3.1/../../../arm-none-eabi/lib/thumb/v7e-m+fp/hard/libm.a
LOAD /usr/lib/gcc/arm-none-eabi/10.3.1/thumb/v7e-m+fp/hard/libgcc.a

.ARM.attributes
                0x0000000000000000       0x30
 .ARM.attributes
                0x0000000000000000       0x1e /usr/lib/gcc/arm-none-eabi/10.3.1/thumb/v7e-m+fp/hard/crti.o
 .ARM.attributes
                0x000000000000001e       0x34 /usr/lib/gcc/arm-none-eabi/10.3.1/thumb/v7e-m+fp/hard/crtbegin.o
 .ARM.attributes
                0x0000000000000052       0x32 /usr/lib/gcc/arm-none-eabi/10.3.1/../../../arm-none-eabi/lib/thumb/v7e-m+fp/hard/libc_nano.a(lib_a-impure.o)
 .ARM.attributes
                0x0000000000000084       0x34 /usr/lib/gcc/arm-none-eabi/10.3.1/../../../arm-none-eabi/lib/thumb/v7e-m+fp/hard/libc_nano.a(lib_a-init.o)
 .ARM.attributes
                0x00000000000000b8       0x34 /usr/lib/gcc/arm-none-eabi/10.3.1/../../../arm-none-eabi/lib/thumb/v7e-m+fp/hard/libc_nano.a(lib_a-memset.o)
 .ARM.attributes
                0x00000000000000ec       0x34 /usr/lib/gcc/arm-none-eabi/10.3.1/../../../arm-none-eabi/lib/thumb/v7e-m+fp/hard/libc_nano.a(lib_a-nano-vfprintf_float.o)
 .ARM.attributes
                0x0000000000000120       0x34 /usr/lib/gcc/arm-none-eabi/10.3.1/../../../arm-none-eabi/lib/thumb/v7e-m+fp/hard/libc_nano.a(lib_a-nano-vfprintf_i.o)
 .ARM.attributes
                0x0000000000000154       0x1c /usr/lib/gcc/arm-none-eabi/10.3.1/../../../arm-none-eabi/lib/thumb/v7e-m+fp/hard/libc_nano.a(lib_a-strlen.o)
 .ARM.attributes
                0x0000000000000170       0x34 /usr/lib/gcc/arm-none-eabi/10.3.1/../../../arm-none-eabi/lib/thumb/v7e-m+fp/hard/libc_nano.a(lib_a-dtoa.o)
 .ARM.attributes
                0x00000000000001a4       0x34 /usr/lib/gcc/arm-none-eabi/10.3.1/../../../arm-none-eabi/lib/thumb/v7e-m+fp/hard/libc_nano.a(lib_a-localeconv.o)
 .ARM.attributes
                0x00000000000001d8       0x34 /usr/lib/gcc/arm-none-eabi/10.3.1/../../../arm-none-eabi/lib/thumb/v7e-m+fp/hard/libc_nano.a(lib_a-malloc.o)
 .ARM.attributes
                0x000000000000020c       0x1c /usr/lib/gcc/arm-none-eabi/10.3.1/../../../arm-none-eabi/lib/thumb/v7e-m+fp/hard/libc_nano.a(lib_a-memchr.o)
 .ARM.attributes
                0x0000000000000228       0x1c /usr/lib/gcc/arm-none-eabi/10.3.1/../../../arm-none-eabi/lib/thumb/v7e-m+fp/hard/libc_nano.a(lib_a-memcpy.o)
 .ARM.attributes
                0x0000000000000244       0x34 /usr/lib/gcc/arm-none-eabi/10.3.1/../../../arm-none-eabi/lib/thumb/v7e-m+fp/hard/libc_nano.a(lib_a-mprec.o)
 .ARM.attributes
                0x0000000000000278       0x34 /usr/lib/gcc/arm-none-eabi/10.3.1/../../../arm-none-eabi/lib/thumb/v7e-m+fp/hard/libc_nano.a(lib_a-nano-callocr.o)
 .ARM.attributes
                0x00000000000002ac       0x34 /usr/lib/gcc/arm-none-eabi/10.3.1/../../../arm-none-eabi/lib/thumb/v7e-m+fp/hard/libc_nano.a(lib_a-nano-freer.o)
 .ARM.attributes
                0x00000000000002e0       0x34 /usr/lib/gcc/arm-none-eabi/10.3.1/../../../arm-none-eabi/lib/thumb/v7e-m+fp/hard/libc_nano.a(lib_a-nano-mallocr.o)
 .ARM.attributes
                0x0000000000000314       0x34 /usr/lib/gcc/arm-none-eabi/10.3.1/../../../arm-none-eabi/lib/thumb/v7e-m+fp/hard/libc_nano.a(lib_a-sbrkr.o)
 .ARM.attributes
                0x0000000000000348       0x34 /usr/lib/gcc/arm-none-eabi/10.3.1/../../../arm-none-eabi/lib/thumb/v7e-m+fp/hard/libc_nano.a(lib_a-assert.o)
 .ARM.attributes
                0x000000000000037c       0x34 /usr/lib/gcc/arm-none-eabi/10.3.1/../../../arm-none-eabi/lib/thumb/v7e-m+fp/hard/libc_nano.a(lib_a-fprintf.o)
 .ARM.attributes
                0x00000000000003b0       0x34 /usr/lib/gcc/arm-none-eabi/10.3.1/../../../arm-none-eabi/lib/thumb/v7e-m+fp/hard/libc_nano.a(lib_a-locale.o)
 .ARM.attributes
                0x00000000000003e4       0x34 /usr/lib/gcc/arm-none-eabi/10.3.1/../../../arm-none-eabi/lib/thumb/v7e-m+fp/hard/libc_nano.a(lib_a-mbtowc_r.o)
 .ARM.attributes
                0x0000000000000418       0x34 /usr/lib/gcc/arm-none-eabi/10.3.1/../../../arm-none-eabi/lib/thumb/v7e-m+fp/hard/libc_nano.a(lib_a-mlock.o)
 .ARM.attributes
                0x000000000000044c       0x34 /usr/lib/gcc/arm-none-eabi/10.3.1/../../../arm-none-eabi/lib/thumb/v7e-m+fp/hard/libc_nano.a(lib_a-nano-vfprintf.o)
 .ARM.attributes
                0x0000000000000480       0x34 /usr/lib/gcc/arm-none-eabi/10.3.1/../../../arm-none-eabi/lib/thumb/v7e-m+fp/hard/libc_nano.a(lib_a-reent.o)
 .ARM.attributes
                0x00000000000004b4       0x34 /usr/lib/gcc/arm-none-eabi/10.3.1/../../../arm-none-eabi/lib/thumb/v7e-m+fp/hard/libc_nano.a(lib_a-wbuf.o)
 .ARM.attributes
                0x00000000000004e8       0x34 /usr/lib/gcc/arm-none-eabi/10.3.1/../../../arm-none-eabi/lib/thumb/v7e-m+fp/hard/libc_nano.a(lib_a-wctomb_r.o)
 .ARM.attributes
                0x000000000000051c       0x34 /usr/lib/gcc/arm-none-eabi/10.3.1/../../../arm-none-eabi/lib/thumb/v7e-m+fp/hard/libc_nano.a(lib_a-wsetup.o)
 .ARM.attributes
                0x0000000000000550       0x34 /usr/lib/gcc/arm-none-eabi/10.3.1/../../../arm-none-eabi/lib/thumb/v7e-m+fp/hard/libc_nano.a(lib_a-abort.o)
 .ARM.attributes
                0x0000000000000584       0x32 /usr/lib/gcc/arm-none-eabi/10.3.1/../../../arm-none-eabi/lib/thumb/v7e-m+fp/hard/libc_nano.a(lib_a-ctype_.o)
 .ARM.attributes
                0x00000000000005b6       0x34 /usr/lib/gcc/arm-none-eabi/10.3.1/../../../arm-none-eabi/lib/thumb/v7e-m+fp/hard/libc_nano.a(lib_a-fflush.o)
 .ARM.attributes
                0x00000000000005ea       0x34 /usr/lib/gcc/arm-none-eabi/10.3.1/../../../arm-none-eabi/lib/thumb/v7e-m+fp/hard/libc_nano.a(lib_a-findfp.o)
 .ARM.attributes
                0x000000000000061e       0x34 /usr/lib/gcc/arm-none-eabi/10.3.1/../../../arm-none-eabi/lib/thumb/v7e-m+fp/hard/libc_nano.a(lib_a-fvwrite.o)
 .ARM.attributes
                0x0000000000000652       0x34 /usr/lib/gcc/arm-none-eabi/10.3.1/../../../arm-none-eabi/lib/thumb/v7e-m+fp/hard/libc_nano.a(lib_a-fwalk.o)
 .ARM.attributes
                0x0000000000000686       0x34 /usr/lib/gcc/arm-none-eabi/10.3.1/../../../arm-none-eabi/lib/thumb/v7e-m+fp/hard/libc_nano.a(lib_a-makebuf.o)
 .ARM.attributes
                0x00000000000006ba       0x34 /usr/lib/gcc/arm-none-eabi/10.3.1/../../../arm-none-eabi/lib/thumb/v7e-m+fp/hard/libc_nano.a(lib_a-memmove.o)
 .ARM.attributes
                0x00000000000006ee       0x34 /usr/lib/gcc/arm-none-eabi/10.3.1/../../../arm-none-eabi/lib/thumb/v7e-m+fp/hard/libc_nano.a(lib_a-nano-reallocr.o)
 .ARM.attributes
                0x0000000000000722       0x34 /usr/lib/gcc/arm-none-eabi/10.3.1/../../../arm-none-eabi/lib/thumb/v7e-m+fp/hard/libc_nano.a(lib_a-signal.o)
 .ARM.attributes
                0x0000000000000756       0x34 /usr/lib/gcc/arm-none-eabi/10.3.1/../../../arm-none-eabi/lib/thumb/v7e-m+fp/hard/libc_nano.a(lib_a-signalr.o)
 .ARM.attributes
                0x000000000000078a       0x34 /usr/lib/gcc/arm-none-eabi/10.3.1/../../../arm-none-eabi/lib/thumb/v7e-m+fp/hard/libc_nano.a(lib_a-stdio.o)
 .ARM.attributes
                0x00000000000007be       0x34 /usr/lib/gcc/arm-none-eabi/10.3.1/../../../arm-none-eabi/lib/thumb/v7e-m+fp/hard/libc_nano.a(lib_a-writer.o)
 .ARM.attributes
                0x00000000000007f2       0x34 /usr/lib/gcc/arm-none-eabi/10.3.1/../../../arm-none-eabi/lib/thumb/v7e-m+fp/hard/libc_nano.a(lib_a-closer.o)
 .ARM.attributes
                0x0000000000000826       0x34 /usr/lib/gcc/arm-none-eabi/10.3.1/../../../arm-none-eabi/lib/thumb/v7e-m+fp/hard/libc_nano.a(lib_a-fstatr.o)
 .ARM.attributes
                0x000000000000085a       0x34 /usr/lib/gcc/arm-none-eabi/10.3.1/../../../arm-none-eabi/lib/thumb/v7e-m+fp/hard/libc_nano.a(lib_a-isattyr.o)
 .ARM.attributes
                0x000000000000088e       0x34 /usr/lib/gcc/arm-none-eabi/10.3.1/../../../arm-none-eabi/lib/thumb/v7e-m+fp/hard/libc_nano.a(lib_a-lseekr.o)
 .ARM.attributes
                0x00000000000008c2       0x34 /usr/lib/gcc/arm-none-eabi/10.3.1/../../../arm-none-eabi/lib/thumb/v7e-m+fp/hard/libc_nano.a(lib_a-nano-msizer.o)
 .ARM.attributes
                0x00000000000008f6       0x34 /usr/lib/gcc/arm-none-eabi/10.3.1/../../../arm-none-eabi/lib/thumb/v7e-m+fp/hard/libc_nano.a(lib_a-readr.o)
 .ARM.attributes
                0x000000000000092a       0x34 CMakeFiles/STM32F4_DSP.dir/Core/Src/main.c.obj
 .ARM.attributes
                0x000000000000095e       0x34 CMakeFiles/STM32F4_DSP.dir/Core/Src/kalman_filter.c.obj
 .ARM.attributes
                0x0000000000000992       0x34 CMakeFiles/STM32F4_DSP.dir/Core/Src/mpu9250.c.obj
 .ARM.attributes
                0x00000000000009c6       0x34 CMakeFiles/STM32F4_DSP.dir/Core/Src/stm32f4xx_it.c.obj
 .ARM.attributes
                0x00000000000009fa       0x34 CMakeFiles/STM32F4_DSP.dir/Core/Src/stm32f4xx_hal_msp.c.obj
 .ARM.attributes
                0x0000000000000a2e       0x34 CMakeFiles/STM32F4_DSP.dir/Drivers/STM32F4xx_HAL_Driver/Src/stm32f4xx_hal_spi.c.obj
 .ARM.attributes
                0x0000000000000a62       0x34 CMakeFiles/STM32F4_DSP.dir/Drivers/STM32F4xx_HAL_Driver/Src/stm32f4xx_hal_rcc.c.obj
 .ARM.attributes
                0x0000000000000a96       0x34 CMakeFiles/STM32F4_DSP.dir/Drivers/STM32F4xx_HAL_Driver/Src/stm32f4xx_hal_rcc_ex.c.obj
 .ARM.attributes
                0x0000000000000aca       0x34 CMakeFiles/STM32F4_DSP.dir/Drivers/STM32F4xx_HAL_Driver/Src/stm32f4xx_hal_gpio.c.obj
 .ARM.attributes
                0x0000000000000afe       0x34 CMakeFiles/STM32F4_DSP.dir/Drivers/STM32F4xx_HAL_Driver/Src/stm32f4xx_hal_dma.c.obj
 .ARM.attributes
                0x0000000000000b32       0x34 CMakeFiles/STM32F4_DSP.dir/Drivers/STM32F4xx_HAL_Driver/Src/stm32f4xx_hal_cortex.c.obj
 .ARM.attributes
                0x0000000000000b66       0x34 CMakeFiles/STM32F4_DSP.dir/Drivers/STM32F4xx_HAL_Driver/Src/stm32f4xx_hal.c.obj
 .ARM.attributes
                0x0000000000000b9a       0x34 CMakeFiles/STM32F4_DSP.dir/Drivers/STM32F4xx_HAL_Driver/Src/stm32f4xx_hal_uart.c.obj
 .ARM.attributes
                0x0000000000000bce       0x34 CMakeFiles/STM32F4_DSP.dir/Core/Src/system_stm32f4xx.c.obj
 .ARM.attributes
                0x0000000000000c02       0x34 CMakeFiles/STM32F4_DSP.dir/Core/Src/sysmem.c.obj
 .ARM.attributes
                0x0000000000000c36       0x34 CMakeFiles/STM32F4_DSP.dir/Core/Src/syscalls.c.obj
 .ARM.attributes
                0x0000000000000c6a       0x21 CMakeFiles/STM32F4_DSP.dir/startup_stm32f446xx.s.obj
 .ARM.attributes
                0x0000000000000c8b       0x1e /usr/lib/gcc/arm-none-eabi/10.3.1/thumb/v7e-m+fp/hard/libgcc.a(_arm_addsubdf3.o)
 .ARM.attributes
                0x0000000000000ca9       0x1e /usr/lib/gcc/arm-none-eabi/10.3.1/thumb/v7e-m+fp/hard/libgcc.a(_arm_muldivdf3.o)
 .ARM.attributes
                0x0000000000000cc7       0x1e /usr/lib/gcc/arm-none-eabi/10.3.1/thumb/v7e-m+fp/hard/libgcc.a(_arm_cmpdf2.o)
 .ARM.attributes
                0x0000000000000ce5       0x1e /usr/lib/gcc/arm-none-eabi/10.3.1/thumb/v7e-m+fp/hard/libgcc.a(_arm_unorddf2.o)
 .ARM.attributes
                0x0000000000000d03       0x1e /usr/lib/gcc/arm-none-eabi/10.3.1/thumb/v7e-m+fp/hard/libgcc.a(_arm_fixdfsi.o)
 .ARM.attributes
                0x0000000000000d21       0x1e /usr/lib/gcc/arm-none-eabi/10.3.1/thumb/v7e-m+fp/hard/libgcc.a(_arm_truncdfsf2.o)
 .ARM.attributes
                0x0000000000000d3f       0x1e /usr/lib/gcc/arm-none-eabi/10.3.1/thumb/v7e-m+fp/hard/libgcc.a(_aeabi_uldivmod.o)
 .ARM.attributes
                0x0000000000000d5d       0x34 /usr/lib/gcc/arm-none-eabi/10.3.1/thumb/v7e-m+fp/hard/libgcc.a(_udivmoddi4.o)
 .ARM.attributes
                0x0000000000000d91       0x1e /usr/lib/gcc/arm-none-eabi/10.3.1/thumb/v7e-m+fp/hard/libgcc.a(_dvmd_tls.o)
 .ARM.attributes
                0x0000000000000daf       0x34 /usr/lib/gcc/arm-none-eabi/10.3.1/../../../arm-none-eabi/lib/thumb/v7e-m+fp/hard/libg_nano.a(lib_a-errno.o)
 .ARM.attributes
                0x0000000000000de3       0x34 /usr/lib/gcc/arm-none-eabi/10.3.1/../../../arm-none-eabi/lib/thumb/v7e-m+fp/hard/libg_nano.a(lib_a-sprintf.o)
 .ARM.attributes
                0x0000000000000e17       0x34 /usr/lib/gcc/arm-none-eabi/10.3.1/../../../arm-none-eabi/lib/thumb/v7e-m+fp/hard/libg_nano.a(lib_a-nano-svfprintf.o)
 .ARM.attributes
                0x0000000000000e4b       0x32 /usr/lib/gcc/arm-none-eabi/10.3.1/thumb/v7e-m+fp/hard/crtend.o
 .ARM.attributes
                0x0000000000000e7d       0x1e /usr/lib/gcc/arm-none-eabi/10.3.1/thumb/v7e-m+fp/hard/crtn.o

.comment        0x0000000000000000       0x33
 .comment       0x0000000000000000       0x33 /usr/lib/gcc/arm-none-eabi/10.3.1/thumb/v7e-m+fp/hard/crtbegin.o
                                         0x34 (size before relaxing)
 .comment       0x0000000000000033       0x34 /usr/lib/gcc/arm-none-eabi/10.3.1/../../../arm-none-eabi/lib/thumb/v7e-m+fp/hard/libc_nano.a(lib_a-impure.o)
 .comment       0x0000000000000033       0x34 /usr/lib/gcc/arm-none-eabi/10.3.1/../../../arm-none-eabi/lib/thumb/v7e-m+fp/hard/libc_nano.a(lib_a-init.o)
 .comment       0x0000000000000033       0x34 /usr/lib/gcc/arm-none-eabi/10.3.1/../../../arm-none-eabi/lib/thumb/v7e-m+fp/hard/libc_nano.a(lib_a-memset.o)
 .comment       0x0000000000000033       0x34 /usr/lib/gcc/arm-none-eabi/10.3.1/../../../arm-none-eabi/lib/thumb/v7e-m+fp/hard/libc_nano.a(lib_a-nano-vfprintf_float.o)
 .comment       0x0000000000000033       0x34 /usr/lib/gcc/arm-none-eabi/10.3.1/../../../arm-none-eabi/lib/thumb/v7e-m+fp/hard/libc_nano.a(lib_a-nano-vfprintf_i.o)
 .comment       0x0000000000000033       0x34 /usr/lib/gcc/arm-none-eabi/10.3.1/../../../arm-none-eabi/lib/thumb/v7e-m+fp/hard/libc_nano.a(lib_a-dtoa.o)
 .comment       0x0000000000000033       0x34 /usr/lib/gcc/arm-none-eabi/10.3.1/../../../arm-none-eabi/lib/thumb/v7e-m+fp/hard/libc_nano.a(lib_a-localeconv.o)
 .comment       0x0000000000000033       0x34 /usr/lib/gcc/arm-none-eabi/10.3.1/../../../arm-none-eabi/lib/thumb/v7e-m+fp/hard/libc_nano.a(lib_a-malloc.o)
 .comment       0x0000000000000033       0x34 /usr/lib/gcc/arm-none-eabi/10.3.1/../../../arm-none-eabi/lib/thumb/v7e-m+fp/hard/libc_nano.a(lib_a-mprec.o)
 .comment       0x0000000000000033       0x34 /usr/lib/gcc/arm-none-eabi/10.3.1/../../../arm-none-eabi/lib/thumb/v7e-m+fp/hard/libc_nano.a(lib_a-nano-callocr.o)
 .comment       0x0000000000000033       0x34 /usr/lib/gcc/arm-none-eabi/10.3.1/../../../arm-none-eabi/lib/thumb/v7e-m+fp/hard/libc_nano.a(lib_a-nano-freer.o)
 .comment       0x0000000000000033       0x34 /usr/lib/gcc/arm-none-eabi/10.3.1/../../../arm-none-eabi/lib/thumb/v7e-m+fp/hard/libc_nano.a(lib_a-nano-mallocr.o)
 .comment       0x0000000000000033       0x34 /usr/lib/gcc/arm-none-eabi/10.3.1/../../../arm-none-eabi/lib/thumb/v7e-m+fp/hard/libc_nano.a(lib_a-sbrkr.o)
 .comment       0x0000000000000033       0x34 /usr/lib/gcc/arm-none-eabi/10.3.1/../../../arm-none-eabi/lib/thumb/v7e-m+fp/hard/libc_nano.a(lib_a-assert.o)
 .comment       0x0000000000000033       0x34 /usr/lib/gcc/arm-none-eabi/10.3.1/../../../arm-none-eabi/lib/thumb/v7e-m+fp/hard/libc_nano.a(lib_a-fprintf.o)
 .comment       0x0000000000000033       0x34 /usr/lib/gcc/arm-none-eabi/10.3.1/../../../arm-none-eabi/lib/thumb/v7e-m+fp/hard/libc_nano.a(lib_a-locale.o)
 .comment       0x0000000000000033       0x34 /usr/lib/gcc/arm-none-eabi/10.3.1/../../../arm-none-eabi/lib/thumb/v7e-m+fp/hard/libc_nano.a(lib_a-mbtowc_r.o)
 .comment       0x0000000000000033       0x34 /usr/lib/gcc/arm-none-eabi/10.3.1/../../../arm-none-eabi/lib/thumb/v7e-m+fp/hard/libc_nano.a(lib_a-mlock.o)
 .comment       0x0000000000000033       0x34 /usr/lib/gcc/arm-none-eabi/10.3.1/../../../arm-none-eabi/lib/thumb/v7e-m+fp/hard/libc_nano.a(lib_a-nano-vfprintf.o)
 .comment       0x0000000000000033       0x34 /usr/lib/gcc/arm-none-eabi/10.3.1/../../../arm-none-eabi/lib/thumb/v7e-m+fp/hard/libc_nano.a(lib_a-reent.o)
 .comment       0x0000000000000033       0x34 /usr/lib/gcc/arm-none-eabi/10.3.1/../../../arm-none-eabi/lib/thumb/v7e-m+fp/hard/libc_nano.a(lib_a-wbuf.o)
 .comment       0x0000000000000033       0x34 /usr/lib/gcc/arm-none-eabi/10.3.1/../../../arm-none-eabi/lib/thumb/v7e-m+fp/hard/libc_nano.a(lib_a-wctomb_r.o)
 .comment       0x0000000000000033       0x34 /usr/lib/gcc/arm-none-eabi/10.3.1/../../../arm-none-eabi/lib/thumb/v7e-m+fp/hard/libc_nano.a(lib_a-wsetup.o)
 .comment       0x0000000000000033       0x34 /usr/lib/gcc/arm-none-eabi/10.3.1/../../../arm-none-eabi/lib/thumb/v7e-m+fp/hard/libc_nano.a(lib_a-abort.o)
 .comment       0x0000000000000033       0x34 /usr/lib/gcc/arm-none-eabi/10.3.1/../../../arm-none-eabi/lib/thumb/v7e-m+fp/hard/libc_nano.a(lib_a-ctype_.o)
 .comment       0x0000000000000033       0x34 /usr/lib/gcc/arm-none-eabi/10.3.1/../../../arm-none-eabi/lib/thumb/v7e-m+fp/hard/libc_nano.a(lib_a-fflush.o)
 .comment       0x0000000000000033       0x34 /usr/lib/gcc/arm-none-eabi/10.3.1/../../../arm-none-eabi/lib/thumb/v7e-m+fp/hard/libc_nano.a(lib_a-findfp.o)
 .comment       0x0000000000000033       0x34 /usr/lib/gcc/arm-none-eabi/10.3.1/../../../arm-none-eabi/lib/thumb/v7e-m+fp/hard/libc_nano.a(lib_a-fvwrite.o)
 .comment       0x0000000000000033       0x34 /usr/lib/gcc/arm-none-eabi/10.3.1/../../../arm-none-eabi/lib/thumb/v7e-m+fp/hard/libc_nano.a(lib_a-fwalk.o)
 .comment       0x0000000000000033       0x34 /usr/lib/gcc/arm-none-eabi/10.3.1/../../../arm-none-eabi/lib/thumb/v7e-m+fp/hard/libc_nano.a(lib_a-makebuf.o)
 .comment       0x0000000000000033       0x34 /usr/lib/gcc/arm-none-eabi/10.3.1/../../../arm-none-eabi/lib/thumb/v7e-m+fp/hard/libc_nano.a(lib_a-memmove.o)
 .comment       0x0000000000000033       0x34 /usr/lib/gcc/arm-none-eabi/10.3.1/../../../arm-none-eabi/lib/thumb/v7e-m+fp/hard/libc_nano.a(lib_a-nano-reallocr.o)
 .comment       0x0000000000000033       0x34 /usr/lib/gcc/arm-none-eabi/10.3.1/../../../arm-none-eabi/lib/thumb/v7e-m+fp/hard/libc_nano.a(lib_a-signal.o)
 .comment       0x0000000000000033       0x34 /usr/lib/gcc/arm-none-eabi/10.3.1/../../../arm-none-eabi/lib/thumb/v7e-m+fp/hard/libc_nano.a(lib_a-signalr.o)
 .comment       0x0000000000000033       0x34 /usr/lib/gcc/arm-none-eabi/10.3.1/../../../arm-none-eabi/lib/thumb/v7e-m+fp/hard/libc_nano.a(lib_a-stdio.o)
 .comment       0x0000000000000033       0x34 /usr/lib/gcc/arm-none-eabi/10.3.1/../../../arm-none-eabi/lib/thumb/v7e-m+fp/hard/libc_nano.a(lib_a-writer.o)
 .comment       0x0000000000000033       0x34 /usr/lib/gcc/arm-none-eabi/10.3.1/../../../arm-none-eabi/lib/thumb/v7e-m+fp/hard/libc_nano.a(lib_a-closer.o)
 .comment       0x0000000000000033       0x34 /usr/lib/gcc/arm-none-eabi/10.3.1/../../../arm-none-eabi/lib/thumb/v7e-m+fp/hard/libc_nano.a(lib_a-fstatr.o)
 .comment       0x0000000000000033       0x34 /usr/lib/gcc/arm-none-eabi/10.3.1/../../../arm-none-eabi/lib/thumb/v7e-m+fp/hard/libc_nano.a(lib_a-isattyr.o)
 .comment       0x0000000000000033       0x34 /usr/lib/gcc/arm-none-eabi/10.3.1/../../../arm-none-eabi/lib/thumb/v7e-m+fp/hard/libc_nano.a(lib_a-lseekr.o)
 .comment       0x0000000000000033       0x34 /usr/lib/gcc/arm-none-eabi/10.3.1/../../../arm-none-eabi/lib/thumb/v7e-m+fp/hard/libc_nano.a(lib_a-nano-msizer.o)
 .comment       0x0000000000000033       0x34 /usr/lib/gcc/arm-none-eabi/10.3.1/../../../arm-none-eabi/lib/thumb/v7e-m+fp/hard/libc_nano.a(lib_a-readr.o)
 .comment       0x0000000000000033       0x34 CMakeFiles/STM32F4_DSP.dir/Core/Src/main.c.obj
 .comment       0x0000000000000033       0x34 CMakeFiles/STM32F4_DSP.dir/Core/Src/kalman_filter.c.obj
 .comment       0x0000000000000033       0x34 CMakeFiles/STM32F4_DSP.dir/Core/Src/mpu9250.c.obj
 .comment       0x0000000000000033       0x34 CMakeFiles/STM32F4_DSP.dir/Core/Src/stm32f4xx_it.c.obj
 .comment       0x0000000000000033       0x34 CMakeFiles/STM32F4_DSP.dir/Core/Src/stm32f4xx_hal_msp.c.obj
 .comment       0x0000000000000033       0x34 CMakeFiles/STM32F4_DSP.dir/Drivers/STM32F4xx_HAL_Driver/Src/stm32f4xx_hal_spi.c.obj
 .comment       0x0000000000000033       0x34 CMakeFiles/STM32F4_DSP.dir/Drivers/STM32F4xx_HAL_Driver/Src/stm32f4xx_hal_rcc.c.obj
 .comment       0x0000000000000033       0x34 CMakeFiles/STM32F4_DSP.dir/Drivers/STM32F4xx_HAL_Driver/Src/stm32f4xx_hal_rcc_ex.c.obj
 .comment       0x0000000000000033       0x34 CMakeFiles/STM32F4_DSP.dir/Drivers/STM32F4xx_HAL_Driver/Src/stm32f4xx_hal_gpio.c.obj
 .comment       0x0000000000000033       0x34 CMakeFiles/STM32F4_DSP.dir/Drivers/STM32F4xx_HAL_Driver/Src/stm32f4xx_hal_dma.c.obj
 .comment       0x0000000000000033       0x34 CMakeFiles/STM32F4_DSP.dir/Drivers/STM32F4xx_HAL_Driver/Src/stm32f4xx_hal_cortex.c.obj
 .comment       0x0000000000000033       0x34 CMakeFiles/STM32F4_DSP.dir/Drivers/STM32F4xx_HAL_Driver/Src/stm32f4xx_hal.c.obj
 .comment       0x0000000000000033       0x34 CMakeFiles/STM32F4_DSP.dir/Drivers/STM32F4xx_HAL_Driver/Src/stm32f4xx_hal_uart.c.obj
 .comment       0x0000000000000033       0x34 CMakeFiles/STM32F4_DSP.dir/Core/Src/system_stm32f4xx.c.obj
 .comment       0x0000000000000033       0x34 CMakeFiles/STM32F4_DSP.dir/Core/Src/sysmem.c.obj
 .comment       0x0000000000000033       0x34 CMakeFiles/STM32F4_DSP.dir/Core/Src/syscalls.c.obj
 .comment       0x0000000000000033       0x34 /usr/lib/gcc/arm-none-eabi/10.3.1/thumb/v7e-m+fp/hard/libgcc.a(_udivmoddi4.o)
 .comment       0x0000000000000033       0x34 /usr/lib/gcc/arm-none-eabi/10.3.1/../../../arm-none-eabi/lib/thumb/v7e-m+fp/hard/libg_nano.a(lib_a-errno.o)
 .comment       0x0000000000000033       0x34 /usr/lib/gcc/arm-none-eabi/10.3.1/../../../arm-none-eabi/lib/thumb/v7e-m+fp/hard/libg_nano.a(lib_a-sprintf.o)
 .comment       0x0000000000000033       0x34 /usr/lib/gcc/arm-none-eabi/10.3.1/../../../arm-none-eabi/lib/thumb/v7e-m+fp/hard/libg_nano.a(lib_a-nano-svfprintf.o)
 .comment       0x0000000000000033       0x34 /usr/lib/gcc/arm-none-eabi/10.3.1/thumb/v7e-m+fp/hard/crtend.o

.debug_info     0x0000000000000000    0x29d3c
 .debug_info    0x0000000000000000      0x863 /usr/lib/gcc/arm-none-eabi/10.3.1/../../../arm-none-eabi/lib/thumb/v7e-m+fp/hard/libc_nano.a(lib_a-impure.o)
 .debug_info    0x0000000000000863      0x11a /usr/lib/gcc/arm-none-eabi/10.3.1/../../../arm-none-eabi/lib/thumb/v7e-m+fp/hard/libc_nano.a(lib_a-init.o)
 .debug_info    0x000000000000097d      0x137 /usr/lib/gcc/arm-none-eabi/10.3.1/../../../arm-none-eabi/lib/thumb/v7e-m+fp/hard/libc_nano.a(lib_a-memset.o)
 .debug_info    0x0000000000000ab4     0x147b /usr/lib/gcc/arm-none-eabi/10.3.1/../../../arm-none-eabi/lib/thumb/v7e-m+fp/hard/libc_nano.a(lib_a-nano-vfprintf_float.o)
 .debug_info    0x0000000000001f2f      0xe9e /usr/lib/gcc/arm-none-eabi/10.3.1/../../../arm-none-eabi/lib/thumb/v7e-m+fp/hard/libc_nano.a(lib_a-nano-vfprintf_i.o)
 .debug_info    0x0000000000002dcd       0x26 /usr/lib/gcc/arm-none-eabi/10.3.1/../../../arm-none-eabi/lib/thumb/v7e-m+fp/hard/libc_nano.a(lib_a-strlen.o)
 .debug_info    0x0000000000002df3     0x196c /usr/lib/gcc/arm-none-eabi/10.3.1/../../../arm-none-eabi/lib/thumb/v7e-m+fp/hard/libc_nano.a(lib_a-dtoa.o)
 .debug_info    0x000000000000475f      0xad8 /usr/lib/gcc/arm-none-eabi/10.3.1/../../../arm-none-eabi/lib/thumb/v7e-m+fp/hard/libc_nano.a(lib_a-localeconv.o)
 .debug_info    0x0000000000005237      0x832 /usr/lib/gcc/arm-none-eabi/10.3.1/../../../arm-none-eabi/lib/thumb/v7e-m+fp/hard/libc_nano.a(lib_a-malloc.o)
 .debug_info    0x0000000000005a69       0x26 /usr/lib/gcc/arm-none-eabi/10.3.1/../../../arm-none-eabi/lib/thumb/v7e-m+fp/hard/libc_nano.a(lib_a-memchr.o)
 .debug_info    0x0000000000005a8f       0x26 /usr/lib/gcc/arm-none-eabi/10.3.1/../../../arm-none-eabi/lib/thumb/v7e-m+fp/hard/libc_nano.a(lib_a-memcpy.o)
 .debug_info    0x0000000000005ab5     0x2009 /usr/lib/gcc/arm-none-eabi/10.3.1/../../../arm-none-eabi/lib/thumb/v7e-m+fp/hard/libc_nano.a(lib_a-mprec.o)
 .debug_info    0x0000000000007abe      0x858 /usr/lib/gcc/arm-none-eabi/10.3.1/../../../arm-none-eabi/lib/thumb/v7e-m+fp/hard/libc_nano.a(lib_a-nano-callocr.o)
 .debug_info    0x0000000000008316      0x903 /usr/lib/gcc/arm-none-eabi/10.3.1/../../../arm-none-eabi/lib/thumb/v7e-m+fp/hard/libc_nano.a(lib_a-nano-freer.o)
 .debug_info    0x0000000000008c19      0xa0c /usr/lib/gcc/arm-none-eabi/10.3.1/../../../arm-none-eabi/lib/thumb/v7e-m+fp/hard/libc_nano.a(lib_a-nano-mallocr.o)
 .debug_info    0x0000000000009625      0x828 /usr/lib/gcc/arm-none-eabi/10.3.1/../../../arm-none-eabi/lib/thumb/v7e-m+fp/hard/libc_nano.a(lib_a-sbrkr.o)
 .debug_info    0x0000000000009e4d      0x8bd /usr/lib/gcc/arm-none-eabi/10.3.1/../../../arm-none-eabi/lib/thumb/v7e-m+fp/hard/libc_nano.a(lib_a-assert.o)
 .debug_info    0x000000000000a70a      0x902 /usr/lib/gcc/arm-none-eabi/10.3.1/../../../arm-none-eabi/lib/thumb/v7e-m+fp/hard/libc_nano.a(lib_a-fprintf.o)
 .debug_info    0x000000000000b00c      0xca4 /usr/lib/gcc/arm-none-eabi/10.3.1/../../../arm-none-eabi/lib/thumb/v7e-m+fp/hard/libc_nano.a(lib_a-locale.o)
 .debug_info    0x000000000000bcb0      0xb67 /usr/lib/gcc/arm-none-eabi/10.3.1/../../../arm-none-eabi/lib/thumb/v7e-m+fp/hard/libc_nano.a(lib_a-mbtowc_r.o)
 .debug_info    0x000000000000c817      0x7dc /usr/lib/gcc/arm-none-eabi/10.3.1/../../../arm-none-eabi/lib/thumb/v7e-m+fp/hard/libc_nano.a(lib_a-mlock.o)
 .debug_info    0x000000000000cff3     0x115f /usr/lib/gcc/arm-none-eabi/10.3.1/../../../arm-none-eabi/lib/thumb/v7e-m+fp/hard/libc_nano.a(lib_a-nano-vfprintf.o)
 .debug_info    0x000000000000e152      0xa7e /usr/lib/gcc/arm-none-eabi/10.3.1/../../../arm-none-eabi/lib/thumb/v7e-m+fp/hard/libc_nano.a(lib_a-reent.o)
 .debug_info    0x000000000000ebd0      0x998 /usr/lib/gcc/arm-none-eabi/10.3.1/../../../arm-none-eabi/lib/thumb/v7e-m+fp/hard/libc_nano.a(lib_a-wbuf.o)
 .debug_info    0x000000000000f568      0xb20 /usr/lib/gcc/arm-none-eabi/10.3.1/../../../arm-none-eabi/lib/thumb/v7e-m+fp/hard/libc_nano.a(lib_a-wctomb_r.o)
 .debug_info    0x0000000000010088      0x902 /usr/lib/gcc/arm-none-eabi/10.3.1/../../../arm-none-eabi/lib/thumb/v7e-m+fp/hard/libc_nano.a(lib_a-wsetup.o)
 .debug_info    0x000000000001098a       0xcb /usr/lib/gcc/arm-none-eabi/10.3.1/../../../arm-none-eabi/lib/thumb/v7e-m+fp/hard/libc_nano.a(lib_a-abort.o)
 .debug_info    0x0000000000010a55       0xb8 /usr/lib/gcc/arm-none-eabi/10.3.1/../../../arm-none-eabi/lib/thumb/v7e-m+fp/hard/libc_nano.a(lib_a-ctype_.o)
 .debug_info    0x0000000000010b0d      0xb0d /usr/lib/gcc/arm-none-eabi/10.3.1/../../../arm-none-eabi/lib/thumb/v7e-m+fp/hard/libc_nano.a(lib_a-fflush.o)
 .debug_info    0x000000000001161a      0xfae /usr/lib/gcc/arm-none-eabi/10.3.1/../../../arm-none-eabi/lib/thumb/v7e-m+fp/hard/libc_nano.a(lib_a-findfp.o)
 .debug_info    0x00000000000125c8      0xb5e /usr/lib/gcc/arm-none-eabi/10.3.1/../../../arm-none-eabi/lib/thumb/v7e-m+fp/hard/libc_nano.a(lib_a-fvwrite.o)
 .debug_info    0x0000000000013126      0x900 /usr/lib/gcc/arm-none-eabi/10.3.1/../../../arm-none-eabi/lib/thumb/v7e-m+fp/hard/libc_nano.a(lib_a-fwalk.o)
 .debug_info    0x0000000000013a26      0xc8a /usr/lib/gcc/arm-none-eabi/10.3.1/../../../arm-none-eabi/lib/thumb/v7e-m+fp/hard/libc_nano.a(lib_a-makebuf.o)
 .debug_info    0x00000000000146b0      0x152 /usr/lib/gcc/arm-none-eabi/10.3.1/../../../arm-none-eabi/lib/thumb/v7e-m+fp/hard/libc_nano.a(lib_a-memmove.o)
 .debug_info    0x0000000000014802      0x911 /usr/lib/gcc/arm-none-eabi/10.3.1/../../../arm-none-eabi/lib/thumb/v7e-m+fp/hard/libc_nano.a(lib_a-nano-reallocr.o)
 .debug_info    0x0000000000015113      0xdcc /usr/lib/gcc/arm-none-eabi/10.3.1/../../../arm-none-eabi/lib/thumb/v7e-m+fp/hard/libc_nano.a(lib_a-signal.o)
 .debug_info    0x0000000000015edf      0x871 /usr/lib/gcc/arm-none-eabi/10.3.1/../../../arm-none-eabi/lib/thumb/v7e-m+fp/hard/libc_nano.a(lib_a-signalr.o)
 .debug_info    0x0000000000016750      0xabc /usr/lib/gcc/arm-none-eabi/10.3.1/../../../arm-none-eabi/lib/thumb/v7e-m+fp/hard/libc_nano.a(lib_a-stdio.o)
 .debug_info    0x000000000001720c      0x85a /usr/lib/gcc/arm-none-eabi/10.3.1/../../../arm-none-eabi/lib/thumb/v7e-m+fp/hard/libc_nano.a(lib_a-writer.o)
 .debug_info    0x0000000000017a66      0x805 /usr/lib/gcc/arm-none-eabi/10.3.1/../../../arm-none-eabi/lib/thumb/v7e-m+fp/hard/libc_nano.a(lib_a-closer.o)
 .debug_info    0x000000000001826b      0xa1d /usr/lib/gcc/arm-none-eabi/10.3.1/../../../arm-none-eabi/lib/thumb/v7e-m+fp/hard/libc_nano.a(lib_a-fstatr.o)
 .debug_info    0x0000000000018c88      0x805 /usr/lib/gcc/arm-none-eabi/10.3.1/../../../arm-none-eabi/lib/thumb/v7e-m+fp/hard/libc_nano.a(lib_a-isattyr.o)
 .debug_info    0x000000000001948d      0x83b /usr/lib/gcc/arm-none-eabi/10.3.1/../../../arm-none-eabi/lib/thumb/v7e-m+fp/hard/libc_nano.a(lib_a-lseekr.o)
 .debug_info    0x0000000000019cc8      0x840 /usr/lib/gcc/arm-none-eabi/10.3.1/../../../arm-none-eabi/lib/thumb/v7e-m+fp/hard/libc_nano.a(lib_a-nano-msizer.o)
 .debug_info    0x000000000001a508      0x853 /usr/lib/gcc/arm-none-eabi/10.3.1/../../../arm-none-eabi/lib/thumb/v7e-m+fp/hard/libc_nano.a(lib_a-readr.o)
 .debug_info    0x000000000001ad5b     0x158a CMakeFiles/STM32F4_DSP.dir/Core/Src/main.c.obj
 .debug_info    0x000000000001c2e5      0x211 CMakeFiles/STM32F4_DSP.dir/Core/Src/kalman_filter.c.obj
 .debug_info    0x000000000001c4f6      0xe79 CMakeFiles/STM32F4_DSP.dir/Core/Src/mpu9250.c.obj
 .debug_info    0x000000000001d36f      0x3dd CMakeFiles/STM32F4_DSP.dir/Core/Src/stm32f4xx_it.c.obj
 .debug_info    0x000000000001d74c      0xcbc CMakeFiles/STM32F4_DSP.dir/Core/Src/stm32f4xx_hal_msp.c.obj
 .debug_info    0x000000000001e408     0x15e5 CMakeFiles/STM32F4_DSP.dir/Drivers/STM32F4xx_HAL_Driver/Src/stm32f4xx_hal_spi.c.obj
 .debug_info    0x000000000001f9ed      0x936 CMakeFiles/STM32F4_DSP.dir/Drivers/STM32F4xx_HAL_Driver/Src/stm32f4xx_hal_rcc.c.obj
 .debug_info    0x0000000000020323      0x9a6 CMakeFiles/STM32F4_DSP.dir/Drivers/STM32F4xx_HAL_Driver/Src/stm32f4xx_hal_rcc_ex.c.obj
 .debug_info    0x0000000000020cc9      0x79a CMakeFiles/STM32F4_DSP.dir/Drivers/STM32F4xx_HAL_Driver/Src/stm32f4xx_hal_gpio.c.obj
 .debug_info    0x0000000000021463      0x92b CMakeFiles/STM32F4_DSP.dir/Drivers/STM32F4xx_HAL_Driver/Src/stm32f4xx_hal_dma.c.obj
 .debug_info    0x0000000000021d8e      0xe5d CMakeFiles/STM32F4_DSP.dir/Drivers/STM32F4xx_HAL_Driver/Src/stm32f4xx_hal_cortex.c.obj
 .debug_info    0x0000000000022beb      0x973 CMakeFiles/STM32F4_DSP.dir/Drivers/STM32F4xx_HAL_Driver/Src/stm32f4xx_hal.c.obj
 .debug_info    0x000000000002355e     0x3090 CMakeFiles/STM32F4_DSP.dir/Drivers/STM32F4xx_HAL_Driver/Src/stm32f4xx_hal_uart.c.obj
 .debug_info    0x00000000000265ee      0x543 CMakeFiles/STM32F4_DSP.dir/Core/Src/system_stm32f4xx.c.obj
 .debug_info    0x0000000000026b31      0x147 CMakeFiles/STM32F4_DSP.dir/Core/Src/sysmem.c.obj
 .debug_info    0x0000000000026c78      0x6b2 CMakeFiles/STM32F4_DSP.dir/Core/Src/syscalls.c.obj
 .debug_info    0x000000000002732a       0x22 CMakeFiles/STM32F4_DSP.dir/startup_stm32f446xx.s.obj
 .debug_info    0x000000000002734c       0x26 /usr/lib/gcc/arm-none-eabi/10.3.1/thumb/v7e-m+fp/hard/libgcc.a(_arm_addsubdf3.o)
 .debug_info    0x0000000000027372       0x26 /usr/lib/gcc/arm-none-eabi/10.3.1/thumb/v7e-m+fp/hard/libgcc.a(_arm_muldivdf3.o)
 .debug_info    0x0000000000027398       0x26 /usr/lib/gcc/arm-none-eabi/10.3.1/thumb/v7e-m+fp/hard/libgcc.a(_arm_cmpdf2.o)
 .debug_info    0x00000000000273be       0x26 /usr/lib/gcc/arm-none-eabi/10.3.1/thumb/v7e-m+fp/hard/libgcc.a(_arm_unorddf2.o)
 .debug_info    0x00000000000273e4       0x26 /usr/lib/gcc/arm-none-eabi/10.3.1/thumb/v7e-m+fp/hard/libgcc.a(_arm_fixdfsi.o)
 .debug_info    0x000000000002740a       0x26 /usr/lib/gcc/arm-none-eabi/10.3.1/thumb/v7e-m+fp/hard/libgcc.a(_arm_truncdfsf2.o)
 .debug_info    0x0000000000027430       0x26 /usr/lib/gcc/arm-none-eabi/10.3.1/thumb/v7e-m+fp/hard/libgcc.a(_aeabi_uldivmod.o)
 .debug_info    0x0000000000027456      0x717 /usr/lib/gcc/arm-none-eabi/10.3.1/thumb/v7e-m+fp/hard/libgcc.a(_udivmoddi4.o)
 .debug_info    0x0000000000027b6d       0x26 /usr/lib/gcc/arm-none-eabi/10.3.1/thumb/v7e-m+fp/hard/libgcc.a(_dvmd_tls.o)
 .debug_info    0x0000000000027b93      0x7ae /usr/lib/gcc/arm-none-eabi/10.3.1/../../../arm-none-eabi/lib/thumb/v7e-m+fp/hard/libg_nano.a(lib_a-errno.o)
 .debug_info    0x0000000000028341      0x926 /usr/lib/gcc/arm-none-eabi/10.3.1/../../../arm-none-eabi/lib/thumb/v7e-m+fp/hard/libg_nano.a(lib_a-sprintf.o)
 .debug_info    0x0000000000028c67     0x10d5 /usr/lib/gcc/arm-none-eabi/10.3.1/../../../arm-none-eabi/lib/thumb/v7e-m+fp/hard/libg_nano.a(lib_a-nano-svfprintf.o)

.debug_abbrev   0x0000000000000000     0x793c
 .debug_abbrev  0x0000000000000000      0x151 /usr/lib/gcc/arm-none-eabi/10.3.1/../../../arm-none-eabi/lib/thumb/v7e-m+fp/hard/libc_nano.a(lib_a-impure.o)
 .debug_abbrev  0x0000000000000151       0xcc /usr/lib/gcc/arm-none-eabi/10.3.1/../../../arm-none-eabi/lib/thumb/v7e-m+fp/hard/libc_nano.a(lib_a-init.o)
 .debug_abbrev  0x000000000000021d       0xb4 /usr/lib/gcc/arm-none-eabi/10.3.1/../../../arm-none-eabi/lib/thumb/v7e-m+fp/hard/libc_nano.a(lib_a-memset.o)
 .debug_abbrev  0x00000000000002d1      0x2c0 /usr/lib/gcc/arm-none-eabi/10.3.1/../../../arm-none-eabi/lib/thumb/v7e-m+fp/hard/libc_nano.a(lib_a-nano-vfprintf_float.o)