Archive member included to satisfy reference by file (symbol)

/usr/lib/gcc/arm-none-eabi/10.3.1/../../../arm-none-eabi/lib/thumb/v7e-m+fp/hard/libc_nano.a(lib_a-atexit.o)
                              /usr/lib/gcc/arm-none-eabi/10.3.1/../../../arm-none-eabi/lib/thumb/v7e-m+fp/hard/crt0.o (atexit)
/usr/lib/gcc/arm-none-eabi/10.3.1/../../../arm-none-eabi/lib/thumb/v7e-m+fp/hard/libc_nano.a(lib_a-exit.o)
                              /usr/lib/gcc/arm-none-eabi/10.3.1/../../../arm-none-eabi/lib/thumb/v7e-m+fp/hard/crt0.o (exit)
/usr/lib/gcc/arm-none-eabi/10.3.1/../../../arm-none-eabi/lib/thumb/v7e-m+fp/hard/libc_nano.a(lib_a-fini.o)
                              /usr/lib/gcc/arm-none-eabi/10.3.1/../../../arm-none-eabi/lib/thumb/v7e-m+fp/hard/crt0.o (__libc_fini_array)
/usr/lib/gcc/arm-none-eabi/10.3.1/../../../arm-none-eabi/lib/thumb/v7e-m+fp/hard/libc_nano.a(lib_a-impure.o)
                              /usr/lib/gcc/arm-none-eabi/10.3.1/../../../arm-none-eabi/lib/thumb/v7e-m+fp/hard/libc_nano.a(lib_a-exit.o) (_global_impure_ptr)
/usr/lib/gcc/arm-none-eabi/10.3.1/../../../arm-none-eabi/lib/thumb/v7e-m+fp/hard/libc_nano.a(lib_a-init.o)
                              /usr/lib/gcc/arm-none-eabi/10.3.1/../../../arm-none-eabi/lib/thumb/v7e-m+fp/hard/crt0.o (__libc_init_array)
/usr/lib/gcc/arm-none-eabi/10.3.1/../../../arm-none-eabi/lib/thumb/v7e-m+fp/hard/libc_nano.a(lib_a-memset.o)
                              /usr/lib/gcc/arm-none-eabi/10.3.1/../../../arm-none-eabi/lib/thumb/v7e-m+fp/hard/crt0.o (memset)
/usr/lib/gcc/arm-none-eabi/10.3.1/../../../arm-none-eabi/lib/thumb/v7e-m+fp/hard/libc_nano.a(lib_a-nano-vfprintf_float.o)
                              (_printf_float)
/usr/lib/gcc/arm-none-eabi/10.3.1/../../../arm-none-eabi/lib/thumb/v7e-m+fp/hard/libc_nano.a(lib_a-nano-vfprintf_i.o)
                              /usr/lib/gcc/arm-none-eabi/10.3.1/../../../arm-none-eabi/lib/thumb/v7e-m+fp/hard/libc_nano.a(lib_a-nano-vfprintf_float.o) (_printf_common)
/usr/lib/gcc/arm-none-eabi/10.3.1/../../../arm-none-eabi/lib/thumb/v7e-m+fp/hard/libc_nano.a(lib_a-strlen.o)
                              /usr/lib/gcc/arm-none-eabi/10.3.1/../../../arm-none-eabi/lib/thumb/v7e-m+fp/hard/libc_nano.a(lib_a-nano-vfprintf_float.o) (strlen)
/usr/lib/gcc/arm-none-eabi/10.3.1/../../../arm-none-eabi/lib/thumb/v7e-m+fp/hard/libc_nano.a(lib_a-__atexit.o)
                              /usr/lib/gcc/arm-none-eabi/10.3.1/../../../arm-none-eabi/lib/thumb/v7e-m+fp/hard/libc_nano.a(lib_a-atexit.o) (__register_exitproc)
/usr/lib/gcc/arm-none-eabi/10.3.1/../../../arm-none-eabi/lib/thumb/v7e-m+fp/hard/libc_nano.a(lib_a-__call_atexit.o)
                              /usr/lib/gcc/arm-none-eabi/10.3.1/../../../arm-none-eabi/lib/thumb/v7e-m+fp/hard/libc_nano.a(lib_a-__atexit.o) (__call_exitprocs)
/usr/lib/gcc/arm-none-eabi/10.3.1/../../../arm-none-eabi/lib/thumb/v7e-m+fp/hard/libc_nano.a(lib_a-dtoa.o)
                              /usr/lib/gcc/arm-none-eabi/10.3.1/../../../arm-none-eabi/lib/thumb/v7e-m+fp/hard/libc_nano.a(lib_a-nano-vfprintf_float.o) (_dtoa_r)
/usr/lib/gcc/arm-none-eabi/10.3.1/../../../arm-none-eabi/lib/thumb/v7e-m+fp/hard/libc_nano.a(lib_a-localeconv.o)
                              /usr/lib/gcc/arm-none-eabi/10.3.1/../../../arm-none-eabi/lib/thumb/v7e-m+fp/hard/libc_nano.a(lib_a-nano-vfprintf_float.o) (_localeconv_r)
/usr/lib/gcc/arm-none-eabi/10.3.1/../../../arm-none-eabi/lib/thumb/v7e-m+fp/hard/libc_nano.a(lib_a-malloc.o)
                              /usr/lib/gcc/arm-none-eabi/10.3.1/../../../arm-none-eabi/lib/thumb/v7e-m+fp/hard/libc_nano.a(lib_a-dtoa.o) (malloc)
/usr/lib/gcc/arm-none-eabi/10.3.1/../../../arm-none-eabi/lib/thumb/v7e-m+fp/hard/libc_nano.a(lib_a-memchr.o)
                              /usr/lib/gcc/arm-none-eabi/10.3.1/../../../arm-none-eabi/lib/thumb/v7e-m+fp/hard/libc_nano.a(lib_a-nano-vfprintf_i.o) (memchr)
/usr/lib/gcc/arm-none-eabi/10.3.1/../../../arm-none-eabi/lib/thumb/v7e-m+fp/hard/libc_nano.a(lib_a-memcpy.o)
                              /usr/lib/gcc/arm-none-eabi/10.3.1/../../../arm-none-eabi/lib/thumb/v7e-m+fp/hard/libc_nano.a(lib_a-dtoa.o) (memcpy)
/usr/lib/gcc/arm-none-eabi/10.3.1/../../../arm-none-eabi/lib/thumb/v7e-m+fp/hard/libc_nano.a(lib_a-mprec.o)
                              /usr/lib/gcc/arm-none-eabi/10.3.1/../../../arm-none-eabi/lib/thumb/v7e-m+fp/hard/libc_nano.a(lib_a-dtoa.o) (_Balloc)
/usr/lib/gcc/arm-none-eabi/10.3.1/../../../arm-none-eabi/lib/thumb/v7e-m+fp/hard/libc_nano.a(lib_a-nano-callocr.o)
                              /usr/lib/gcc/arm-none-eabi/10.3.1/../../../arm-none-eabi/lib/thumb/v7e-m+fp/hard/libc_nano.a(lib_a-mprec.o) (_calloc_r)
/usr/lib/gcc/arm-none-eabi/10.3.1/../../../arm-none-eabi/lib/thumb/v7e-m+fp/hard/libc_nano.a(lib_a-nano-freer.o)
                              /usr/lib/gcc/arm-none-eabi/10.3.1/../../../arm-none-eabi/lib/thumb/v7e-m+fp/hard/libc_nano.a(lib_a-malloc.o) (_free_r)
[...]
Memory Configuration

Name             Origin             Length             Attributes
RAM              0x0000000020000000 0x0000000000020000 xrw
FLASH            0x0000000008000000 0x0000000000080000 xr
*default*        0x0000000000000000 0xffffffffffffffff

Linker script and memory map

LOAD /usr/lib/gcc/arm-none-eabi/10.3.1/thumb/v7e-m+fp/hard/crti.o
LOAD /usr/lib/gcc/arm-none-eabi/10.3.1/thumb/v7e-m+fp/hard/crtbegin.o
LOAD /usr/lib/gcc/arm-none-eabi/10.3.1/../../../arm-none-eabi/lib/thumb/v7e-m+fp/hard/crt0.o
START GROUP
LOAD /usr/lib/gcc/arm-none-eabi/10.3.1/../../../arm-none-eabi/lib/thumb/v7e-m+fp/hard/libc_nano.a
LOAD /usr/lib/gcc/arm-none-eabi/10.3.1/../../../arm-none-eabi/lib/thumb/v7e-m+fp/hard/libm.a
END GROUP
LOAD CMakeFiles/STM32F4_DSP.dir/Core/Src/main.c.obj
LOAD CMakeFiles/STM32F4_DSP.dir/Core/Src/kalman_filter.c.obj
LOAD CMakeFiles/STM32F4_DSP.dir/Core/Src/mpu9250.c.obj
LOAD CMakeFiles/STM32F4_DSP.dir/Core/Src/stm32f4xx_it.c.obj
LOAD CMakeFiles/STM32F4_DSP.dir/Core/Src/stm32f4xx_hal_msp.c.obj
LOAD CMakeFiles/STM32F4_DSP.dir/Drivers/STM32F4xx_HAL_Driver/Src/stm32f4xx_hal_spi.c.obj
LOAD CMakeFiles/STM32F4_DSP.dir/Drivers/STM32F4xx_HAL_Driver/Src/stm32f4xx_hal_rcc.c.obj
LOAD CMakeFiles/STM32F4_DSP.dir/Drivers/STM32F4xx_HAL_Driver/Src/stm32f4xx_hal_rcc_ex.c.obj
LOAD CMakeFiles/STM32F4_DSP.dir/Drivers/STM32F4xx_HAL_Driver/Src/stm32f4xx_hal_flash.c.obj
LOAD CMakeFiles/STM32F4_DSP.dir/Drivers/STM32F4xx_HAL_Driver/Src/stm32f4xx_hal_flash_ex.c.obj
LOAD CMakeFiles/STM32F4_DSP.dir/Drivers/STM32F4xx_HAL_Driver/Src/stm32f4xx_hal_flash_ramfunc.c.obj
LOAD CMakeFiles/STM32F4_DSP.dir/Drivers/STM32F4xx_HAL_Driver/Src/stm32f4xx_hal_gpio.c.obj
LOAD CMakeFiles/STM32F4_DSP.dir/Drivers/STM32F4xx_HAL_Driver/Src/stm32f4xx_hal_dma_ex.c.obj
LOAD CMakeFiles/STM32F4_DSP.dir/Drivers/STM32F4xx_HAL_Driver/Src/stm32f4xx_hal_dma.c.obj
LOAD CMakeFiles/STM32F4_DSP.dir/Drivers/STM32F4xx_HAL_Driver/Src/stm32f4xx_hal_pwr.c.obj
LOAD CMakeFiles/STM32F4_DSP.dir/Drivers/STM32F4xx_HAL_Driver/Src/stm32f4xx_hal_pwr_ex.c.obj
LOAD CMakeFiles/STM32F4_DSP.dir/Drivers/STM32F4xx_HAL_Driver/Src/stm32f4xx_hal_cortex.c.obj
LOAD CMakeFiles/STM32F4_DSP.dir/Drivers/STM32F4xx_HAL_Driver/Src/stm32f4xx_hal.c.obj
LOAD CMakeFiles/STM32F4_DSP.dir/Drivers/STM32F4xx_HAL_Driver/Src/stm32f4xx_hal_exti.c.obj
LOAD CMakeFiles/STM32F4_DSP.dir/Drivers/STM32F4xx_HAL_Driver/Src/stm32f4xx_hal_uart.c.obj
LOAD CMakeFiles/STM32F4_DSP.dir/Core/Src/system_stm32f4xx.c.obj
LOAD CMakeFiles/STM32F4_DSP.dir/Core/Src/sysmem.c.obj
LOAD CMakeFiles/STM32F4_DSP.dir/Core/Src/syscalls.c.obj
LOAD CMakeFiles/STM32F4_DSP.dir/startup_stm32f446xx.s.obj
START GROUP
LOAD /usr/lib/gcc/arm-none-eabi/10.3.1/thumb/v7e-m+fp/hard/libgcc.a
LOAD /usr/lib/gcc/arm-none-eabi/10.3.1/../../../arm-none-eabi/lib/thumb/v7e-m+fp/hard/libg_nano.a
LOAD /usr/lib/gcc/arm-none-eabi/10.3.1/../../../arm-none-eabi/lib/thumb/v7e-m+fp/hard/libc_nano.a
END GROUP
START GROUP
LOAD /usr/lib/gcc/arm-none-eabi/10.3.1/thumb/v7e-m+fp/hard/libgcc.a
LOAD /usr/lib/gcc/arm-none-eabi/10.3.1/../../../arm-none-eabi/lib/thumb/v7e-m+fp/hard/libc_nano.a
END GROUP
LOAD /usr/lib/gcc/arm-none-eabi/10.3.1/thumb/v7e-m+fp/hard/crtend.o
LOAD /usr/lib/gcc/arm-none-eabi/10.3.1/thumb/v7e-m+fp/hard/crtn.o
                0x0000000020020000                _estack = (ORIGIN (RAM) + LENGTH (RAM))
                0x0000000000000200                _Min_Heap_Size = 0x200
                0x0000000000000400                _Min_Stack_Size = 0x400

.isr_vector     0x0000000008000000      0x1c4
                0x0000000008000000                . = ALIGN (0x4)
 *(.isr_vector)
 .isr_vector    0x0000000008000000      0x1c4 CMakeFiles/STM32F4_DSP.dir/startup_stm32f446xx.s.obj
                0x0000000008000000                g_pfnVectors
                0x00000000080001c4                . = ALIGN (0x4)

.text           0x0000000008000200     0x9d7c
                0x0000000008000200                . = ALIGN (0x4)
 *(.text)
 .text          0x0000000008000200       0x88 /usr/lib/gcc/arm-none-eabi/10.3.1/thumb/v7e-m+fp/hard/crtbegin.o
 .text          0x0000000008000288       0x48 /usr/lib/gcc/arm-none-eabi/10.3.1/../../../arm-none-eabi/lib/thumb/v7e-m+fp/hard/libc_nano.a(lib_a-init.o)
                0x0000000008000288                __libc_init_array
 .text          0x00000000080002d0       0xa4 /usr/lib/gcc/arm-none-eabi/10.3.1/../../../arm-none-eabi/lib/thumb/v7e-m+fp/hard/libc_nano.a(lib_a-memset.o)
                0x00000000080002d0                memset
 .text          0x0000000008000374      0x6cc /usr/lib/gcc/arm-none-eabi/10.3.1/../../../arm-none-eabi/lib/thumb/v7e-m+fp/hard/libc_nano.a(lib_a-nano-vfprintf_float.o)
                0x0000000008000374                __cvt
                0x0000000008000470                __exponent
                0x000000000800050c                _printf_float
 .text          0x0000000008000a40      0x3dc /usr/lib/gcc/arm-none-eabi/10.3.1/../../../arm-none-eabi/lib/thumb/v7e-m+fp/hard/libc_nano.a(lib_a-nano-vfprintf_i.o)
                0x0000000008000a40                _printf_common
                0x0000000008000b6c                _printf_i
 *fill*         0x0000000008000e1c       0x24 
 .text          0x0000000008000e40       0xdc /usr/lib/gcc/arm-none-eabi/10.3.1/../../../arm-none-eabi/lib/thumb/v7e-m+fp/hard/libc_nano.a(lib_a-strlen.o)
                0x0000000008000e40                strlen
 *fill*         0x0000000008000f1c        0x4 
 .text          0x0000000008000f20     0x10a4 /usr/lib/gcc/arm-none-eabi/10.3.1/../../../arm-none-eabi/lib/thumb/v7e-m+fp/hard/libc_nano.a(lib_a-dtoa.o)
                0x0000000008001048                _dtoa_r
 .text          0x0000000008001fc4       0x14 /usr/lib/gcc/arm-none-eabi/10.3.1/../../../arm-none-eabi/lib/thumb/v7e-m+fp/hard/libc_nano.a(lib_a-localeconv.o)
                0x0000000008001fc4                __localeconv_l
                0x0000000008001fc8                _localeconv_r
                0x0000000008001fd0                localeconv
 .text          0x0000000008001fd8       0x20 /usr/lib/gcc/arm-none-eabi/10.3.1/../../../arm-none-eabi/lib/thumb/v7e-m+fp/hard/libc_nano.a(lib_a-malloc.o)
                0x0000000008001fd8                malloc
                0x0000000008001fe8                free
 *fill*         0x0000000008001ff8        0x8 
 .text          0x0000000008002000       0xa0 /usr/lib/gcc/arm-none-eabi/10.3.1/../../../arm-none-eabi/lib/thumb/v7e-m+fp/hard/libc_nano.a(lib_a-memchr.o)
                0x0000000008002000                memchr
 .text          0x00000000080020a0      0x134 /usr/lib/gcc/arm-none-eabi/10.3.1/../../../arm-none-eabi/lib/thumb/v7e-m+fp/hard/libc_nano.a(lib_a-memcpy.o)
                0x00000000080020a0                memcpy
 .text          0x00000000080021d4      0xaec /usr/lib/gcc/arm-none-eabi/10.3.1/../../../arm-none-eabi/lib/thumb/v7e-m+fp/hard/libc_nano.a(lib_a-mprec.o)
                0x00000000080021d4                _Balloc
                0x0000000008002254                _Bfree
                0x000000000800229c                __multadd
                0x0000000008002340                __s2b
                0x00000000080023f4                __hi0bits
                0x0000000008002434                __lo0bits
                0x0000000008002494                __i2b
                0x00000000080024c0                __multiply
                0x000000000800261c                __pow5mult
                0x00000000080026fc                __lshift
                0x00000000080027e4                __mcmp
                0x0000000008002828                __mdiff
                0x0000000008002974                __ulp
                0x00000000080029d4                __b2d
                0x0000000008002a94                __d2b
                0x0000000008002b64                __ratio
                0x0000000008002bc0                _mprec_log10
                0x0000000008002c00                __copybits
                0x0000000008002c5c                __any_on
 .text          0x0000000008002cc0       0x1c /usr/lib/gcc/arm-none-eabi/10.3.1/../../../arm-none-eabi/lib/thumb/v7e-m+fp/hard/libc_nano.a(lib_a-nano-callocr.o)
                0x0000000008002cc0                _calloc_r
 .text          0x0000000008002cdc       0xc4 /usr/lib/gcc/arm-none-eabi/10.3.1/../../../arm-none-eabi/lib/thumb/v7e-m+fp/hard/libc_nano.a(lib_a-nano-freer.o)
                0x0000000008002cdc                _free_r
 .text          0x0000000008002da0       0xb4 /usr/lib/gcc/arm-none-eabi/10.3.1/../../../arm-none-eabi/lib/thumb/v7e-m+fp/hard/libc_nano.a(lib_a-nano-mallocr.o)
                0x0000000008002da0                _malloc_r
 .text          0x0000000008002e54       0x24 /usr/lib/gcc/arm-none-eabi/10.3.1/../../../arm-none-eabi/lib/thumb/v7e-m+fp/hard/libc_nano.a(lib_a-sbrkr.o)
                0x0000000008002e54                _sbrk_r
 .text          0x0000000008002e78       0x4c /usr/lib/gcc/arm-none-eabi/10.3.1/../../../arm-none-eabi/lib/thumb/v7e-m+fp/hard/libc_nano.a(lib_a-assert.o)
                0x0000000008002e78                __assert_func
                0x0000000008002eb8                __assert
 .text          0x0000000008002ec4       0x44 /usr/lib/gcc/arm-none-eabi/10.3.1/../../../arm-none-eabi/lib/thumb/v7e-m+fp/hard/libc_nano.a(lib_a-fprintf.o)
                0x0000000008002ec4                _fprintf_r
                0x0000000008002ec4                _fiprintf_r
                0x0000000008002ee0                fprintf
                0x0000000008002ee0                fiprintf
 .text          0x0000000008002f08       0x40 /usr/lib/gcc/arm-none-eabi/10.3.1/../../../arm-none-eabi/lib/thumb/v7e-m+fp/hard/libc_nano.a(lib_a-mbtowc_r.o)
                0x0000000008002f08                _mbtowc_r
                0x0000000008002f1c                __ascii_mbtowc
 .text          0x0000000008002f48        0x8 /usr/lib/gcc/arm-none-eabi/10.3.1/../../../arm-none-eabi/lib/thumb/v7e-m+fp/hard/libc_nano.a(lib_a-mlock.o)
                0x0000000008002f48                __malloc_lock
                0x0000000008002f4c                __malloc_unlock
 .text          0x0000000008002f50      0x328 /usr/lib/gcc/arm-none-eabi/10.3.1/../../../arm-none-eabi/lib/thumb/v7e-m+fp/hard/libc_nano.a(lib_a-nano-vfprintf.o)
                0x0000000008002f8c                __sfputs_r
                0x0000000008002fbc                __sprint_r
                0x0000000008002fd8                _vfiprintf_r
                0x0000000008002fd8                _vfprintf_r
                0x000000000800325c                vfiprintf
                0x000000000800325c                vfprintf
 .text          0x0000000008003278       0xc8 /usr/lib/gcc/arm-none-eabi/10.3.1/../../../arm-none-eabi/lib/thumb/v7e-m+fp/hard/libc_nano.a(lib_a-wbuf.o)
                0x0000000008003278                __swbuf_r
                0x0000000008003328                __swbuf
 .text          0x0000000008003340       0x30 /usr/lib/gcc/arm-none-eabi/10.3.1/../../../arm-none-eabi/lib/thumb/v7e-m+fp/hard/libc_nano.a(lib_a-wctomb_r.o)
                0x0000000008003340                _wctomb_r
                0x0000000008003354                __ascii_wctomb
 .text          0x0000000008003370      0x104 /usr/lib/gcc/arm-none-eabi/10.3.1/../../../arm-none-eabi/lib/thumb/v7e-m+fp/hard/libc_nano.a(lib_a-wsetup.o)
                0x0000000008003370                __swsetup_r
 .text          0x0000000008003474       0x10 /usr/lib/gcc/arm-none-eabi/10.3.1/../../../arm-none-eabi/lib/thumb/v7e-m+fp/hard/libc_nano.a(lib_a-abort.o)
                0x0000000008003474                abort
 .text          0x0000000008003484      0x1e8 /usr/lib/gcc/arm-none-eabi/10.3.1/../../../arm-none-eabi/lib/thumb/v7e-m+fp/hard/libc_nano.a(lib_a-fflush.o)
                0x0000000008003484                __sflush_r
                0x0000000008003598                _fflush_r
                0x00000000080035ec                fflush
 .text          0x000000000800366c      0x238 /usr/lib/gcc/arm-none-eabi/10.3.1/../../../arm-none-eabi/lib/thumb/v7e-m+fp/hard/libc_nano.a(lib_a-findfp.o)
                0x0000000008003670                _cleanup_r
                0x0000000008003680                __sfmoreglue
                0x00000000080036b0                __sfp
                0x0000000008003850                _cleanup
                0x0000000008003864                __sinit
                0x000000000800386c                __sfp_lock_acquire
                0x0000000008003870                __sfp_lock_release
                0x0000000008003874                __sinit_lock_acquire
                0x0000000008003878                __sinit_lock_release
                0x000000000800387c                __fp_lock_all
                0x0000000008003890                __fp_unlock_all
 .text          0x00000000080038a4      0x2f0 /usr/lib/gcc/arm-none-eabi/10.3.1/../../../arm-none-eabi/lib/thumb/v7e-m+fp/hard/libc_nano.a(lib_a-fvwrite.o)
                0x00000000080038a4                __sfvwrite_r
 .text          0x0000000008003b94       0x88 /usr/lib/gcc/arm-none-eabi/10.3.1/../../../arm-none-eabi/lib/thumb/v7e-m+fp/hard/libc_nano.a(lib_a-fwalk.o)
                0x0000000008003b94                _fwalk
                0x0000000008003bd4                _fwalk_reent
 .text          0x0000000008003c1c      0x11c /usr/lib/gcc/arm-none-eabi/10.3.1/../../../arm-none-eabi/lib/thumb/v7e-m+fp/hard/libc_nano.a(lib_a-makebuf.o)
                0x0000000008003c1c                __smakebuf_r
                0x0000000008003cdc                __swhatbuf_r
 .text          0x0000000008003d38       0xf8 /usr/lib/gcc/arm-none-eabi/10.3.1/../../../arm-none-eabi/lib/thumb/v7e-m+fp/hard/libc_nano.a(lib_a-memmove.o)
                0x0000000008003d38                memmove
 .text          0x0000000008003e30       0x50 /usr/lib/gcc/arm-none-eabi/10.3.1/../../../arm-none-eabi/lib/thumb/v7e-m+fp/hard/libc_nano.a(lib_a-nano-reallocr.o)
                0x0000000008003e30                _realloc_r
 .text          0x0000000008003e80      0x268 /usr/lib/gcc/arm-none-eabi/10.3.1/../../../arm-none-eabi/lib/thumb/v7e-m+fp/hard/libc_nano.a(lib_a-signal.o)
                0x0000000008003e80                _init_signal_r
                0x0000000008003eac                _signal_r
                0x0000000008003ef4                _raise_r
                0x0000000008003f48                __sigtramp_r
                0x0000000008003fa8                raise
                0x0000000008004000                signal
                0x0000000008004050                _init_signal
                0x0000000008004084                __sigtramp
 .text          0x00000000080040e8       0x30 /usr/lib/gcc/arm-none-eabi/10.3.1/../../../arm-none-eabi/lib/thumb/v7e-m+fp/hard/libc_nano.a(lib_a-signalr.o)
                0x00000000080040e8                _kill_r
                0x0000000008004114                _getpid_r
 .text          0x0000000008004118       0x90 /usr/lib/gcc/arm-none-eabi/10.3.1/../../../arm-none-eabi/lib/thumb/v7e-m+fp/hard/libc_nano.a(lib_a-stdio.o)
                0x0000000008004118                __sread
                0x000000000800413c                __seofread
                0x0000000008004140                __swrite
                0x0000000008004180                __sseek
                0x00000000080041a0                __sclose
 .text          0x00000000080041a8       0x2c /usr/lib/gcc/arm-none-eabi/10.3.1/../../../arm-none-eabi/lib/thumb/v7e-m+fp/hard/libc_nano.a(lib_a-writer.o)
                0x00000000080041a8                _write_r
 .text          0x00000000080041d4       0x24 /usr/lib/gcc/arm-none-eabi/10.3.1/../../../arm-none-eabi/lib/thumb/v7e-m+fp/hard/libc_nano.a(lib_a-closer.o)
                0x00000000080041d4                _close_r
 .text          0x00000000080041f8       0x2c /usr/lib/gcc/arm-none-eabi/10.3.1/../../../arm-none-eabi/lib/thumb/v7e-m+fp/hard/libc_nano.a(lib_a-fstatr.o)
                0x00000000080041f8                _fstat_r
 .text          0x0000000008004224       0x24 /usr/lib/gcc/arm-none-eabi/10.3.1/../../../arm-none-eabi/lib/thumb/v7e-m+fp/hard/libc_nano.a(lib_a-isattyr.o)
                0x0000000008004224                _isatty_r
 .text          0x0000000008004248       0x2c /usr/lib/gcc/arm-none-eabi/10.3.1/../../../arm-none-eabi/lib/thumb/v7e-m+fp/hard/libc_nano.a(lib_a-lseekr.o)
                0x0000000008004248                _lseek_r
 .text          0x0000000008004274       0x14 /usr/lib/gcc/arm-none-eabi/10.3.1/../../../arm-none-eabi/lib/thumb/v7e-m+fp/hard/libc_nano.a(lib_a-nano-msizer.o)
                0x0000000008004274                _malloc_usable_size_r
 .text          0x0000000008004288       0x2c /usr/lib/gcc/arm-none-eabi/10.3.1/../../../arm-none-eabi/lib/thumb/v7e-m+fp/hard/libc_nano.a(lib_a-readr.o)
                0x0000000008004288                _read_r
 .text          0x00000000080042b4      0x378 /usr/lib/gcc/arm-none-eabi/10.3.1/thumb/v7e-m+fp/hard/libgcc.a(_arm_addsubdf3.o)
                0x00000000080042b4                __aeabi_drsub
                0x00000000080042bc                __aeabi_dsub
                0x00000000080042bc                __subdf3
                0x00000000080042c0                __adddf3
                0x00000000080042c0                __aeabi_dadd
                0x0000000008004538                __aeabi_ui2d
                0x0000000008004538                __floatunsidf
                0x0000000008004558                __floatsidf
                0x0000000008004558                __aeabi_i2d
                0x000000000800457c                __extendsfdf2
                0x000000000800457c                __aeabi_f2d
                0x00000000080045c0                __aeabi_ul2d
                0x00000000080045c0                __floatundidf
                0x00000000080045d0                __floatdidf
                0x00000000080045d0                __aeabi_l2d
 .text          0x000000000800462c      0x424 /usr/lib/gcc/arm-none-eabi/10.3.1/thumb/v7e-m+fp/hard/libgcc.a(_arm_muldivdf3.o)
                0x000000000800462c                __aeabi_dmul
                0x000000000800462c                __muldf3
                0x0000000008004880                __aeabi_ddiv
                0x0000000008004880                __divdf3
 .text          0x0000000008004a50      0x110 /usr/lib/gcc/arm-none-eabi/10.3.1/thumb/v7e-m+fp/hard/libgcc.a(_arm_cmpdf2.o)
                0x0000000008004a50                __gtdf2
                0x0000000008004a50                __gedf2
                0x0000000008004a58                __ltdf2
                0x0000000008004a58                __ledf2
                0x0000000008004a60                __cmpdf2
                0x0000000008004a60                __eqdf2
                0x0000000008004a60                __nedf2
                0x0000000008004adc                __aeabi_cdrcmple
                0x0000000008004aec                __aeabi_cdcmple
                0x0000000008004aec                __aeabi_cdcmpeq
                0x0000000008004afc                __aeabi_dcmpeq
                0x0000000008004b10                __aeabi_dcmplt
                0x0000000008004b24                __aeabi_dcmple
                0x0000000008004b38                __aeabi_dcmpge
                0x0000000008004b4c                __aeabi_dcmpgt
 .text          0x0000000008004b60       0x2c /usr/lib/gcc/arm-none-eabi/10.3.1/thumb/v7e-m+fp/hard/libgcc.a(_arm_unorddf2.o)
                0x0000000008004b60                __aeabi_dcmpun
                0x0000000008004b60                __unorddf2
 .text          0x0000000008004b8c       0x50 /usr/lib/gcc/arm-none-eabi/10.3.1/thumb/v7e-m+fp/hard/libgcc.a(_arm_fixdfsi.o)
                0x0000000008004b8c                __fixdfsi
                0x0000000008004b8c                __aeabi_d2iz
 .text          0x0000000008004bdc       0xa0 /usr/lib/gcc/arm-none-eabi/10.3.1/thumb/v7e-m+fp/hard/libgcc.a(_arm_truncdfsf2.o)
                0x0000000008004bdc                __aeabi_d2f
                0x0000000008004bdc                __truncdfsf2
 .text          0x0000000008004c7c       0x30 /usr/lib/gcc/arm-none-eabi/10.3.1/thumb/v7e-m+fp/hard/libgcc.a(_aeabi_uldivmod.o)
                0x0000000008004c7c                __aeabi_uldivmod
 .text          0x0000000008004cac      0x2d0 /usr/lib/gcc/arm-none-eabi/10.3.1/thumb/v7e-m+fp/hard/libgcc.a(_udivmoddi4.o)
                0x0000000008004cac                __udivmoddi4
 .text          0x0000000008004f7c        0x4 /usr/lib/gcc/arm-none-eabi/10.3.1/thumb/v7e-m+fp/hard/libgcc.a(_dvmd_tls.o)
                0x0000000008004f7c                __aeabi_ldiv0
                0x0000000008004f7c                __aeabi_idiv0
 .text          0x0000000008004f80        0xc /usr/lib/gcc/arm-none-eabi/10.3.1/../../../arm-none-eabi/lib/thumb/v7e-m+fp/hard/libg_nano.a(lib_a-errno.o)
                0x0000000008004f80                __errno
 .text          0x0000000008004f8c       0x78 /usr/lib/gcc/arm-none-eabi/10.3.1/../../../arm-none-eabi/lib/thumb/v7e-m+fp/hard/libg_nano.a(lib_a-sprintf.o)
                0x0000000008004f8c                _siprintf_r
                0x0000000008004f8c                _sprintf_r
                0x0000000008004fc4                sprintf
                0x0000000008004fc4                siprintf
 .text          0x0000000008005004      0x3f0 /usr/lib/gcc/arm-none-eabi/10.3.1/../../../arm-none-eabi/lib/thumb/v7e-m+fp/hard/libg_nano.a(lib_a-nano-svfprintf.o)
                0x0000000008005004                __ssputs_r
                0x00000000080050c8                __ssprint_r
                0x00000000080051c0                _svfprintf_r
                0x00000000080051c0                _svfiprintf_r
 .text          0x00000000080053f4        0x4 /usr/lib/gcc/arm-none-eabi/10.3.1/../../../arm-none-eabi/lib/thumb/v7e-m+fp/hard/libm.a(lib_a-wf_atan2.o)
                0x00000000080053f4                atan2f
 .text          0x00000000080053f8       0x50 /usr/lib/gcc/arm-none-eabi/10.3.1/../../../arm-none-eabi/lib/thumb/v7e-m+fp/hard/libm.a(lib_a-wf_sqrt.o)
                0x00000000080053f8                sqrtf
 .text          0x0000000008005448      0x14c /usr/lib/gcc/arm-none-eabi/10.3.1/../../../arm-none-eabi/lib/thumb/v7e-m+fp/hard/libm.a(lib_a-ef_atan2.o)
                0x0000000008005448                __ieee754_atan2f
 .text          0x0000000008005594        0x8 /usr/lib/gcc/arm-none-eabi/10.3.1/../../../arm-none-eabi/lib/thumb/v7e-m+fp/hard/libm.a(lib_a-ef_sqrt.o)
                0x0000000008005594                __ieee754_sqrtf
 .text          0x000000000800559c      0x1a8 /usr/lib/gcc/arm-none-eabi/10.3.1/../../../arm-none-eabi/lib/thumb/v7e-m+fp/hard/libm.a(lib_a-sf_atan.o)
                0x000000000800559c                atanf
 .text          0x0000000008005744       0x10 /usr/lib/gcc/arm-none-eabi/10.3.1/../../../arm-none-eabi/lib/thumb/v7e-m+fp/hard/libm.a(lib_a-sf_fabs.o)
                0x0000000008005744                fabsf
 *(.text*)
 .text.HAL_SPI_RxCpltCallback
                0x0000000008005754       0x3c CMakeFiles/STM32F4_DSP.dir/Core/Src/main.c.obj
                0x0000000008005754                HAL_SPI_RxCpltCallback
 .text.main     0x0000000008005790      0x2d8 CMakeFiles/STM32F4_DSP.dir/Core/Src/main.c.obj
                0x0000000008005790                main
 .text.SystemClock_Config
                0x0000000008005a68       0xdc CMakeFiles/STM32F4_DSP.dir/Core/Src/main.c.obj
                0x0000000008005a68                SystemClock_Config
 .text.MX_SPI1_Init
                0x0000000008005b44       0x6c CMakeFiles/STM32F4_DSP.dir/Core/Src/main.c.obj
 .text.MX_USART2_UART_Init
                0x0000000008005bb0       0x54 CMakeFiles/STM32F4_DSP.dir/Core/Src/main.c.obj
 .text.MX_DMA_Init
                0x0000000008005c04       0x50 CMakeFiles/STM32F4_DSP.dir/Core/Src/main.c.obj
 .text.MX_GPIO_Init
                0x0000000008005c54       0xdc CMakeFiles/STM32F4_DSP.dir/Core/Src/main.c.obj
 .text.Error_Handler
                0x0000000008005d30        0xa CMakeFiles/STM32F4_DSP.dir/Core/Src/main.c.obj
                0x0000000008005d30                Error_Handler
 .text.kalman_init
                0x0000000008005d3a       0x66 CMakeFiles/STM32F4_DSP.dir/Core/Src/kalman_filter.c.obj
                0x0000000008005d3a                kalman_init
 .text.kalman_update
                0x0000000008005da0      0x1f4 CMakeFiles/STM32F4_DSP.dir/Core/Src/kalman_filter.c.obj
                0x0000000008005da0                kalman_update
 .text.SPI_MPU_EN
                0x0000000008005f94       0x18 CMakeFiles/STM32F4_DSP.dir/Core/Src/mpu9250.c.obj
                0x0000000008005f94                SPI_MPU_EN
 .text.SPI_MPU_DIS
                0x0000000008005fac       0x18 CMakeFiles/STM32F4_DSP.dir/Core/Src/mpu9250.c.obj
                0x0000000008005fac                SPI_MPU_DIS
 .text.MPU_ReadReg
                0x0000000008005fc4       0x4e CMakeFiles/STM32F4_DSP.dir/Core/Src/mpu9250.c.obj
                0x0000000008005fc4                MPU_ReadReg
 .text.MPU_ReadRegDMA
                0x0000000008006012       0x46 CMakeFiles/STM32F4_DSP.dir/Core/Src/mpu9250.c.obj
                0x0000000008006012                MPU_ReadRegDMA
 .text.MPU_WriteReg
                0x0000000008006058       0x44 CMakeFiles/STM32F4_DSP.dir/Core/Src/mpu9250.c.obj
                0x0000000008006058                MPU_WriteReg
 .text.MPU_WhoAmI
                0x000000000800609c       0x20 CMakeFiles/STM32F4_DSP.dir/Core/Src/mpu9250.c.obj
                0x000000000800609c                MPU_WhoAmI
 .text.MPU_Init
                0x00000000080060bc      0x134 CMakeFiles/STM32F4_DSP.dir/Core/Src/mpu9250.c.obj
                0x00000000080060bc                MPU_Init
 .text.MPU_CallibrateDMA
                0x00000000080061f0       0xd2 CMakeFiles/STM32F4_DSP.dir/Core/Src/mpu9250.c.obj
                0x00000000080061f0                MPU_CallibrateDMA
 .text.MPU_ReadAllDMA
                0x00000000080062c2       0x2a CMakeFiles/STM32F4_DSP.dir/Core/Src/mpu9250.c.obj
                0x00000000080062c2                MPU_ReadAllDMA
 *fill*         0x00000000080062ec        0x4 
 .text.MPU_ReadAllDMA_Cplt
                0x00000000080062f0      0x2d0 CMakeFiles/STM32F4_DSP.dir/Core/Src/mpu9250.c.obj
                0x00000000080062f0                MPU_ReadAllDMA_Cplt
 .text.NMI_Handler
                0x00000000080065c0        0x6 CMakeFiles/STM32F4_DSP.dir/Core/Src/stm32f4xx_it.c.obj
                0x00000000080065c0                NMI_Handler
 .text.HardFault_Handler
                0x00000000080065c6        0x6 CMakeFiles/STM32F4_DSP.dir/Core/Src/stm32f4xx_it.c.obj
                0x00000000080065c6                HardFault_Handler
 .text.MemManage_Handler
                0x00000000080065cc        0x6 CMakeFiles/STM32F4_DSP.dir/Core/Src/stm32f4xx_it.c.obj
                0x00000000080065cc                MemManage_Handler
 .text.BusFault_Handler
                0x00000000080065d2        0x6 CMakeFiles/STM32F4_DSP.dir/Core/Src/stm32f4xx_it.c.obj
                0x00000000080065d2                BusFault_Handler
 .text.UsageFault_Handler
                0x00000000080065d8        0x6 CMakeFiles/STM32F4_DSP.dir/Core/Src/stm32f4xx_it.c.obj
                0x00000000080065d8                UsageFault_Handler
 .text.SVC_Handler
                0x00000000080065de        0xe CMakeFiles/STM32F4_DSP.dir/Core/Src/stm32f4xx_it.c.obj
                0x00000000080065de                SVC_Handler
 .text.DebugMon_Handler
                0x00000000080065ec        0xe CMakeFiles/STM32F4_DSP.dir/Core/Src/stm32f4xx_it.c.obj
                0x00000000080065ec                DebugMon_Handler
 .text.PendSV_Handler
                0x00000000080065fa        0xe CMakeFiles/STM32F4_DSP.dir/Core/Src/stm32f4xx_it.c.obj
                0x00000000080065fa                PendSV_Handler
 .text.SysTick_Handler
                0x0000000008006608        0xc CMakeFiles/STM32F4_DSP.dir/Core/Src/stm32f4xx_it.c.obj
                0x0000000008006608                SysTick_Handler
 .text.DMA2_Stream0_IRQHandler
                0x0000000008006614       0x14 CMakeFiles/STM32F4_DSP.dir/Core/Src/stm32f4xx_it.c.obj
                0x0000000008006614                DMA2_Stream0_IRQHandler
 .text.DMA2_Stream3_IRQHandler
                0x0000000008006628       0x14 CMakeFiles/STM32F4_DSP.dir/Core/Src/stm32f4xx_it.c.obj
                0x0000000008006628                DMA2_Stream3_IRQHandler
 .text.HAL_MspInit
                0x000000000800663c       0x50 CMakeFiles/STM32F4_DSP.dir/Core/Src/stm32f4xx_hal_msp.c.obj
                0x000000000800663c                HAL_MspInit
 .text.HAL_SPI_MspInit
                0x000000000800668c      0x15c CMakeFiles/STM32F4_DSP.dir/Core/Src/stm32f4xx_hal_msp.c.obj
                0x000000000800668c                HAL_SPI_MspInit
 .text.HAL_UART_MspInit
                0x00000000080067e8       0x90 CMakeFiles/STM32F4_DSP.dir/Core/Src/stm32f4xx_hal_msp.c.obj
                0x00000000080067e8                HAL_UART_MspInit
 .text.HAL_SPI_Init
                0x0000000008006878      0x112 CMakeFiles/STM32F4_DSP.dir/Drivers/STM32F4xx_HAL_Driver/Src/stm32f4xx_hal_spi.c.obj
                0x0000000008006878                HAL_SPI_Init
 .text.HAL_SPI_Transmit
                0x000000000800698a      0x288 CMakeFiles/STM32F4_DSP.dir/Drivers/STM32F4xx_HAL_Driver/Src/stm32f4xx_hal_spi.c.obj
                0x000000000800698a                HAL_SPI_Transmit
 .text.HAL_SPI_Receive
                0x0000000008006c12      0x232 CMakeFiles/STM32F4_DSP.dir/Drivers/STM32F4xx_HAL_Driver/Src/stm32f4xx_hal_spi.c.obj
                0x0000000008006c12                HAL_SPI_Receive
 .text.HAL_SPI_TransmitReceive
                0x0000000008006e44      0x352 CMakeFiles/STM32F4_DSP.dir/Drivers/STM32F4xx_HAL_Driver/Src/stm32f4xx_hal_spi.c.obj
                0x0000000008006e44                HAL_SPI_TransmitReceive
 *fill*         0x0000000008007196        0x2 
 .text.HAL_SPI_Transmit_DMA
                0x0000000008007198      0x164 CMakeFiles/STM32F4_DSP.dir/Drivers/STM32F4xx_HAL_Driver/Src/stm32f4xx_hal_spi.c.obj
                0x0000000008007198                HAL_SPI_Transmit_DMA
 .text.HAL_SPI_Receive_DMA
                0x00000000080072fc      0x188 CMakeFiles/STM32F4_DSP.dir/Drivers/STM32F4xx_HAL_Driver/Src/stm32f4xx_hal_spi.c.obj
                0x00000000080072fc                HAL_SPI_Receive_DMA
 .text.HAL_SPI_TransmitReceive_DMA
                0x0000000008007484      0x1f8 CMakeFiles/STM32F4_DSP.dir/Drivers/STM32F4xx_HAL_Driver/Src/stm32f4xx_hal_spi.c.obj
                0x0000000008007484                HAL_SPI_TransmitReceive_DMA
 .text.HAL_SPI_TxCpltCallback
                0x000000000800767c       0x14 CMakeFiles/STM32F4_DSP.dir/Drivers/STM32F4xx_HAL_Driver/Src/stm32f4xx_hal_spi.c.obj
                0x000000000800767c                HAL_SPI_TxCpltCallback
 .text.HAL_SPI_TxRxCpltCallback
                0x0000000008007690       0x14 CMakeFiles/STM32F4_DSP.dir/Drivers/STM32F4xx_HAL_Driver/Src/stm32f4xx_hal_spi.c.obj
                0x0000000008007690                HAL_SPI_TxRxCpltCallback
 .text.HAL_SPI_TxHalfCpltCallback
                0x00000000080076a4       0x14 CMakeFiles/STM32F4_DSP.dir/Drivers/STM32F4xx_HAL_Driver/Src/stm32f4xx_hal_spi.c.obj
                0x00000000080076a4                HAL_SPI_TxHalfCpltCallback
 .text.HAL_SPI_RxHalfCpltCallback
                0x00000000080076b8       0x14 CMakeFiles/STM32F4_DSP.dir/Drivers/STM32F4xx_HAL_Driver/Src/stm32f4xx_hal_spi.c.obj
                0x00000000080076b8                HAL_SPI_RxHalfCpltCallback
 .text.HAL_SPI_TxRxHalfCpltCallback
                0x00000000080076cc       0x14 CMakeFiles/STM32F4_DSP.dir/Drivers/STM32F4xx_HAL_Driver/Src/stm32f4xx_hal_spi.c.obj
                0x00000000080076cc                HAL_SPI_TxRxHalfCpltCallback
 .text.HAL_SPI_ErrorCallback
                0x00000000080076e0       0x14 CMakeFiles/STM32F4_DSP.dir/Drivers/STM32F4xx_HAL_Driver/Src/stm32f4xx_hal_spi.c.obj
                0x00000000080076e0                HAL_SPI_ErrorCallback
 .text.SPI_DMATransmitCplt
                0x00000000080076f4       0xa8 CMakeFiles/STM32F4_DSP.dir/Drivers/STM32F4xx_HAL_Driver/Src/stm32f4xx_hal_spi.c.obj
 .text.SPI_DMAReceiveCplt
                0x000000000800779c       0xa8 CMakeFiles/STM32F4_DSP.dir/Drivers/STM32F4xx_HAL_Driver/Src/stm32f4xx_hal_spi.c.obj
 .text.SPI_DMATransmitReceiveCplt
                0x0000000008007844       0x90 CMakeFiles/STM32F4_DSP.dir/Drivers/STM32F4xx_HAL_Driver/Src/stm32f4xx_hal_spi.c.obj
 .text.SPI_DMAHalfTransmitCplt
                0x00000000080078d4       0x1c CMakeFiles/STM32F4_DSP.dir/Drivers/STM32F4xx_HAL_Driver/Src/stm32f4xx_hal_spi.c.obj
 .text.SPI_DMAHalfReceiveCplt
                0x00000000080078f0       0x1c CMakeFiles/STM32F4_DSP.dir/Drivers/STM32F4xx_HAL_Driver/Src/stm32f4xx_hal_spi.c.obj
 .text.SPI_DMAHalfTransmitReceiveCplt
                0x000000000800790c       0x1c CMakeFiles/STM32F4_DSP.dir/Drivers/STM32F4xx_HAL_Driver/Src/stm32f4xx_hal_spi.c.obj
 .text.SPI_DMAError
                0x0000000008007928       0x40 CMakeFiles/STM32F4_DSP.dir/Drivers/STM32F4xx_HAL_Driver/Src/stm32f4xx_hal_spi.c.obj
 .text.SPI_WaitFlagStateUntilTimeout
                0x0000000008007968      0x110 CMakeFiles/STM32F4_DSP.dir/Drivers/STM32F4xx_HAL_Driver/Src/stm32f4xx_hal_spi.c.obj
 .text.SPI_EndRxTransaction
                0x0000000008007a78       0xca CMakeFiles/STM32F4_DSP.dir/Drivers/STM32F4xx_HAL_Driver/Src/stm32f4xx_hal_spi.c.obj
 *fill*         0x0000000008007b42        0x2 
 .text.SPI_EndRxTxTransaction
                0x0000000008007b44       0xa8 CMakeFiles/STM32F4_DSP.dir/Drivers/STM32F4xx_HAL_Driver/Src/stm32f4xx_hal_spi.c.obj
 .text.HAL_RCC_ClockConfig
                0x0000000008007bec      0x1cc CMakeFiles/STM32F4_DSP.dir/Drivers/STM32F4xx_HAL_Driver/Src/stm32f4xx_hal_rcc.c.obj
                0x0000000008007bec                HAL_RCC_ClockConfig
 .text.HAL_RCC_GetHCLKFreq
                0x0000000008007db8       0x18 CMakeFiles/STM32F4_DSP.dir/Drivers/STM32F4xx_HAL_Driver/Src/stm32f4xx_hal_rcc.c.obj
                0x0000000008007db8                HAL_RCC_GetHCLKFreq
 .text.HAL_RCC_GetPCLK1Freq
                0x0000000008007dd0       0x28 CMakeFiles/STM32F4_DSP.dir/Drivers/STM32F4xx_HAL_Driver/Src/stm32f4xx_hal_rcc.c.obj
                0x0000000008007dd0                HAL_RCC_GetPCLK1Freq
 .text.HAL_RCC_GetPCLK2Freq
                0x0000000008007df8       0x28 CMakeFiles/STM32F4_DSP.dir/Drivers/STM32F4xx_HAL_Driver/Src/stm32f4xx_hal_rcc.c.obj
                0x0000000008007df8                HAL_RCC_GetPCLK2Freq
 .text.HAL_RCC_GetSysClockFreq
                0x0000000008007e20      0x460 CMakeFiles/STM32F4_DSP.dir/Drivers/STM32F4xx_HAL_Driver/Src/stm32f4xx_hal_rcc_ex.c.obj
                0x0000000008007e20                HAL_RCC_GetSysClockFreq
 .text.HAL_RCC_OscConfig
                0x0000000008008280      0x53c CMakeFiles/STM32F4_DSP.dir/Drivers/STM32F4xx_HAL_Driver/Src/stm32f4xx_hal_rcc_ex.c.obj
                0x0000000008008280                HAL_RCC_OscConfig
 .text.HAL_GPIO_Init
                0x00000000080087bc      0x328 CMakeFiles/STM32F4_DSP.dir/Drivers/STM32F4xx_HAL_Driver/Src/stm32f4xx_hal_gpio.c.obj
                0x00000000080087bc                HAL_GPIO_Init
 .text.HAL_GPIO_WritePin
                0x0000000008008ae4       0x32 CMakeFiles/STM32F4_DSP.dir/Drivers/STM32F4xx_HAL_Driver/Src/stm32f4xx_hal_gpio.c.obj
                0x0000000008008ae4                HAL_GPIO_WritePin
 *fill*         0x0000000008008b16        0x2 
 .text.HAL_DMA_Init
                0x0000000008008b18      0x15c CMakeFiles/STM32F4_DSP.dir/Drivers/STM32F4xx_HAL_Driver/Src/stm32f4xx_hal_dma.c.obj
                0x0000000008008b18                HAL_DMA_Init
 .text.HAL_DMA_Start_IT
                0x0000000008008c74       0xb0 CMakeFiles/STM32F4_DSP.dir/Drivers/STM32F4xx_HAL_Driver/Src/stm32f4xx_hal_dma.c.obj
                0x0000000008008c74                HAL_DMA_Start_IT
 .text.HAL_DMA_IRQHandler
                0x0000000008008d24      0x314 CMakeFiles/STM32F4_DSP.dir/Drivers/STM32F4xx_HAL_Driver/Src/stm32f4xx_hal_dma.c.obj
                0x0000000008008d24                HAL_DMA_IRQHandler
 .text.DMA_SetConfig
                0x0000000008009038       0x5c CMakeFiles/STM32F4_DSP.dir/Drivers/STM32F4xx_HAL_Driver/Src/stm32f4xx_hal_dma.c.obj
 .text.DMA_CalcBaseAndBitshift
                0x0000000008009094       0x6c CMakeFiles/STM32F4_DSP.dir/Drivers/STM32F4xx_HAL_Driver/Src/stm32f4xx_hal_dma.c.obj
 .text.DMA_CheckFifoParam
                0x0000000008009100       0xf8 CMakeFiles/STM32F4_DSP.dir/Drivers/STM32F4xx_HAL_Driver/Src/stm32f4xx_hal_dma.c.obj
 .text.__NVIC_SetPriorityGrouping
                0x00000000080091f8       0x48 CMakeFiles/STM32F4_DSP.dir/Drivers/STM32F4xx_HAL_Driver/Src/stm32f4xx_hal_cortex.c.obj
 .text.__NVIC_GetPriorityGrouping
                0x0000000008009240       0x1c CMakeFiles/STM32F4_DSP.dir/Drivers/STM32F4xx_HAL_Driver/Src/stm32f4xx_hal_cortex.c.obj
 .text.__NVIC_EnableIRQ
                0x000000000800925c       0x3c CMakeFiles/STM32F4_DSP.dir/Drivers/STM32F4xx_HAL_Driver/Src/stm32f4xx_hal_cortex.c.obj
 .text.__NVIC_SetPriority
                0x0000000008009298       0x54 CMakeFiles/STM32F4_DSP.dir/Drivers/STM32F4xx_HAL_Driver/Src/stm32f4xx_hal_cortex.c.obj
 .text.NVIC_EncodePriority
                0x00000000080092ec       0x66 CMakeFiles/STM32F4_DSP.dir/Drivers/STM32F4xx_HAL_Driver/Src/stm32f4xx_hal_cortex.c.obj
 *fill*         0x0000000008009352        0x2 
 .text.SysTick_Config
                0x0000000008009354       0x44 CMakeFiles/STM32F4_DSP.dir/Drivers/STM32F4xx_HAL_Driver/Src/stm32f4xx_hal_cortex.c.obj
 .text.HAL_NVIC_SetPriorityGrouping
                0x0000000008009398       0x16 CMakeFiles/STM32F4_DSP.dir/Drivers/STM32F4xx_HAL_Driver/Src/stm32f4xx_hal_cortex.c.obj
                0x0000000008009398                HAL_NVIC_SetPriorityGrouping
 .text.HAL_NVIC_SetPriority
                0x00000000080093ae       0x38 CMakeFiles/STM32F4_DSP.dir/Drivers/STM32F4xx_HAL_Driver/Src/stm32f4xx_hal_cortex.c.obj
                0x00000000080093ae                HAL_NVIC_SetPriority
 .text.HAL_NVIC_EnableIRQ
                0x00000000080093e6       0x1c CMakeFiles/STM32F4_DSP.dir/Drivers/STM32F4xx_HAL_Driver/Src/stm32f4xx_hal_cortex.c.obj
                0x00000000080093e6                HAL_NVIC_EnableIRQ
 .text.HAL_SYSTICK_Config
                0x0000000008009402       0x18 CMakeFiles/STM32F4_DSP.dir/Drivers/STM32F4xx_HAL_Driver/Src/stm32f4xx_hal_cortex.c.obj
                0x0000000008009402                HAL_SYSTICK_Config
 *fill*         0x000000000800941a        0x2 
 .text.HAL_Init
                0x000000000800941c       0x44 CMakeFiles/STM32F4_DSP.dir/Drivers/STM32F4xx_HAL_Driver/Src/stm32f4xx_hal.c.obj
                0x000000000800941c                HAL_Init
 .text.HAL_InitTick
                0x0000000008009460       0x60 CMakeFiles/STM32F4_DSP.dir/Drivers/STM32F4xx_HAL_Driver/Src/stm32f4xx_hal.c.obj
                0x0000000008009460                HAL_InitTick
 .text.HAL_IncTick
                0x00000000080094c0       0x28 CMakeFiles/STM32F4_DSP.dir/Drivers/STM32F4xx_HAL_Driver/Src/stm32f4xx_hal.c.obj
                0x00000000080094c0                HAL_IncTick
 .text.HAL_GetTick
                0x00000000080094e8       0x18 CMakeFiles/STM32F4_DSP.dir/Drivers/STM32F4xx_HAL_Driver/Src/stm32f4xx_hal.c.obj
                0x00000000080094e8                HAL_GetTick
 .text.HAL_Delay
                0x0000000008009500       0x48 CMakeFiles/STM32F4_DSP.dir/Drivers/STM32F4xx_HAL_Driver/Src/stm32f4xx_hal.c.obj
                0x0000000008009500                HAL_Delay
 .text.HAL_UART_Init
                0x0000000008009548       0xa0 CMakeFiles/STM32F4_DSP.dir/Drivers/STM32F4xx_HAL_Driver/Src/stm32f4xx_hal_uart.c.obj
                0x0000000008009548                HAL_UART_Init
 .text.HAL_UART_Transmit
                0x00000000080095e8      0x116 CMakeFiles/STM32F4_DSP.dir/Drivers/STM32F4xx_HAL_Driver/Src/stm32f4xx_hal_uart.c.obj
                0x00000000080095e8                HAL_UART_Transmit
 .text.UART_WaitOnFlagUntilTimeout
                0x00000000080096fe       0xb2 CMakeFiles/STM32F4_DSP.dir/Drivers/STM32F4xx_HAL_Driver/Src/stm32f4xx_hal_uart.c.obj
 .text.UART_EndRxTransfer
                0x00000000080097b0       0xc6 CMakeFiles/STM32F4_DSP.dir/Drivers/STM32F4xx_HAL_Driver/Src/stm32f4xx_hal_uart.c.obj
 *fill*         0x0000000008009876        0x2 
 .text.UART_SetConfig
                0x0000000008009878      0x4e8 CMakeFiles/STM32F4_DSP.dir/Drivers/STM32F4xx_HAL_Driver/Src/stm32f4xx_hal_uart.c.obj
 .text.SystemInit
                0x0000000008009d60       0x24 CMakeFiles/STM32F4_DSP.dir/Core/Src/system_stm32f4xx.c.obj
                0x0000000008009d60                SystemInit
 .text._sbrk    0x0000000008009d84       0x6c CMakeFiles/STM32F4_DSP.dir/Core/Src/sysmem.c.obj
                0x0000000008009d84                _sbrk
 .text._getpid  0x0000000008009df0       0x10 CMakeFiles/STM32F4_DSP.dir/Core/Src/syscalls.c.obj
                0x0000000008009df0                _getpid
 .text._kill    0x0000000008009e00       0x20 CMakeFiles/STM32F4_DSP.dir/Core/Src/syscalls.c.obj
                0x0000000008009e00                _kill
 .text._exit    0x0000000008009e20       0x14 CMakeFiles/STM32F4_DSP.dir/Core/Src/syscalls.c.obj
                0x0000000008009e20                _exit
 .text._read    0x0000000008009e34       0x3a CMakeFiles/STM32F4_DSP.dir/Core/Src/syscalls.c.obj
                0x0000000008009e34                _read
 .text._write   0x0000000008009e6e       0x38 CMakeFiles/STM32F4_DSP.dir/Core/Src/syscalls.c.obj
                0x0000000008009e6e                _write
 .text._close   0x0000000008009ea6       0x18 CMakeFiles/STM32F4_DSP.dir/Core/Src/syscalls.c.obj
                0x0000000008009ea6                _close
 .text._fstat   0x0000000008009ebe       0x20 CMakeFiles/STM32F4_DSP.dir/Core/Src/syscalls.c.obj
                0x0000000008009ebe                _fstat
 .text._isatty  0x0000000008009ede       0x16 CMakeFiles/STM32F4_DSP.dir/Core/Src/syscalls.c.obj
                0x0000000008009ede                _isatty
 .text._lseek   0x0000000008009ef4       0x1a CMakeFiles/STM32F4_DSP.dir/Core/Src/syscalls.c.obj
                0x0000000008009ef4                _lseek
 *fill*         0x0000000008009f0e        0x2 
 .text.Reset_Handler
                0x0000000008009f10       0x50 CMakeFiles/STM32F4_DSP.dir/startup_stm32f446xx.s.obj
                0x0000000008009f10                Reset_Handler
 .text.Default_Handler
                0x0000000008009f60        0x2 CMakeFiles/STM32F4_DSP.dir/startup_stm32f446xx.s.obj
                0x0000000008009f60                RTC_Alarm_IRQHandler
                0x0000000008009f60                EXTI2_IRQHandler
                0x0000000008009f60                TIM8_CC_IRQHandler
                0x0000000008009f60                FMPI2C1_EV_IRQHandler
                0x0000000008009f60                SPI4_IRQHandler
                0x0000000008009f60                TIM1_CC_IRQHandler
                0x0000000008009f60                DMA2_Stream5_IRQHandler
                0x0000000008009f60                DMA1_Stream5_IRQHandler
                0x0000000008009f60                PVD_IRQHandler
                0x0000000008009f60                SDIO_IRQHandler
                0x0000000008009f60                TAMP_STAMP_IRQHandler
                0x0000000008009f60                CAN2_RX1_IRQHandler
                0x0000000008009f60                EXTI3_IRQHandler
                0x0000000008009f60                TIM8_TRG_COM_TIM14_IRQHandler
                0x0000000008009f60                TIM1_UP_TIM10_IRQHandler
                0x0000000008009f60                TIM8_UP_TIM13_IRQHandler
                0x0000000008009f60                I2C3_ER_IRQHandler
                0x0000000008009f60                EXTI0_IRQHandler
                0x0000000008009f60                I2C2_EV_IRQHandler
                0x0000000008009f60                DMA1_Stream2_IRQHandler
                0x0000000008009f60                CAN1_RX0_IRQHandler
                0x0000000008009f60                FPU_IRQHandler
                0x0000000008009f60                OTG_HS_WKUP_IRQHandler
                0x0000000008009f60                CAN2_SCE_IRQHandler
                0x0000000008009f60                DMA2_Stream2_IRQHandler
                0x0000000008009f60                SPI1_IRQHandler
                0x0000000008009f60                TIM6_DAC_IRQHandler
                0x0000000008009f60                TIM1_BRK_TIM9_IRQHandler
                0x0000000008009f60                DCMI_IRQHandler
                0x0000000008009f60                CAN2_RX0_IRQHandler
                0x0000000008009f60                SAI2_IRQHandler
                0x0000000008009f60                USART6_IRQHandler
                0x0000000008009f60                USART3_IRQHandler
                0x0000000008009f60                CAN1_RX1_IRQHandler
                0x0000000008009f60                UART5_IRQHandler
                0x0000000008009f60                TIM4_IRQHandler
                0x0000000008009f60                QUADSPI_IRQHandler
                0x0000000008009f60                I2C1_EV_IRQHandler
                0x0000000008009f60                DMA1_Stream6_IRQHandler
                0x0000000008009f60                DMA1_Stream1_IRQHandler
                0x0000000008009f60                UART4_IRQHandler
                0x0000000008009f60                TIM3_IRQHandler
                0x0000000008009f60                RCC_IRQHandler
                0x0000000008009f60                TIM8_BRK_TIM12_IRQHandler
                0x0000000008009f60                Default_Handler
                0x0000000008009f60                CEC_IRQHandler
                0x0000000008009f60                EXTI15_10_IRQHandler
                0x0000000008009f60                ADC_IRQHandler
                0x0000000008009f60                DMA1_Stream7_IRQHandler
                0x0000000008009f60                TIM7_IRQHandler
                0x0000000008009f60                CAN2_TX_IRQHandler
                0x0000000008009f60                TIM5_IRQHandler
                0x0000000008009f60                DMA2_Stream7_IRQHandler
                0x0000000008009f60                I2C3_EV_IRQHandler
                0x0000000008009f60                EXTI9_5_IRQHandler
                0x0000000008009f60                RTC_WKUP_IRQHandler
                0x0000000008009f60                SPDIF_RX_IRQHandler
                0x0000000008009f60                SPI2_IRQHandler
                0x0000000008009f60                OTG_HS_EP1_IN_IRQHandler
                0x0000000008009f60                DMA1_Stream0_IRQHandler
                0x0000000008009f60                CAN1_TX_IRQHandler
                0x0000000008009f60                FMPI2C1_ER_IRQHandler
                0x0000000008009f60                EXTI4_IRQHandler
                0x0000000008009f60                OTG_HS_EP1_OUT_IRQHandler
                0x0000000008009f60                WWDG_IRQHandler
                0x0000000008009f60                TIM2_IRQHandler
                0x0000000008009f60                OTG_FS_WKUP_IRQHandler
                0x0000000008009f60                TIM1_TRG_COM_TIM11_IRQHandler
                0x0000000008009f60                OTG_HS_IRQHandler
                0x0000000008009f60                EXTI1_IRQHandler
                0x0000000008009f60                USART2_IRQHandler
                0x0000000008009f60                I2C2_ER_IRQHandler
                0x0000000008009f60                DMA2_Stream1_IRQHandler
                0x0000000008009f60                CAN1_SCE_IRQHandler
                0x0000000008009f60                FLASH_IRQHandler
                0x0000000008009f60                DMA2_Stream4_IRQHandler
                0x0000000008009f60                USART1_IRQHandler
                0x0000000008009f60                OTG_FS_IRQHandler
                0x0000000008009f60                SPI3_IRQHandler
                0x0000000008009f60                DMA1_Stream4_IRQHandler
                0x0000000008009f60                I2C1_ER_IRQHandler
                0x0000000008009f60                FMC_IRQHandler
                0x0000000008009f60                DMA2_Stream6_IRQHandler
                0x0000000008009f60                SAI1_IRQHandler
                0x0000000008009f60                DMA1_Stream3_IRQHandler
 *(.glue_7)
 .glue_7        0x0000000008009f62        0x0 linker stubs
 *(.glue_7t)
 .glue_7t       0x0000000008009f62        0x0 linker stubs
 *(.eh_frame)
 *fill*         0x0000000008009f62        0x2 
 .eh_frame      0x0000000008009f64        0x0 /usr/lib/gcc/arm-none-eabi/10.3.1/thumb/v7e-m+fp/hard/crtbegin.o
 *(.init)
 .init          0x0000000008009f64        0x4 /usr/lib/gcc/arm-none-eabi/10.3.1/thumb/v7e-m+fp/hard/crti.o
                0x0000000008009f64                _init
 .init          0x0000000008009f68        0x8 /usr/lib/gcc/arm-none-eabi/10.3.1/thumb/v7e-m+fp/hard/crtn.o
 *(.fini)
 .fini          0x0000000008009f70        0x4 /usr/lib/gcc/arm-none-eabi/10.3.1/thumb/v7e-m+fp/hard/crti.o
                0x0000000008009f70                _fini
 .fini          0x0000000008009f74        0x8 /usr/lib/gcc/arm-none-eabi/10.3.1/thumb/v7e-m+fp/hard/crtn.o
                0x0000000008009f7c                . = ALIGN (0x4)
                0x0000000008009f7c                _etext = .

.vfp11_veneer   0x0000000008009f7c        0x0
 .vfp11_veneer  0x0000000008009f7c        0x0 linker stubs

.v4_bx          0x0000000008009f7c        0x0
 .v4_bx         0x0000000008009f7c        0x0 linker stubs

.iplt           0x0000000008009f7c        0x0
 .iplt          0x0000000008009f7c        0x0 /usr/lib/gcc/arm-none-eabi/10.3.1/thumb/v7e-m+fp/hard/crtbegin.o

.rodata         0x0000000008009f80      0x4b0
                0x0000000008009f80                . = ALIGN (0x4)
 *(.rodata)
 .rodata        0x0000000008009f80        0x4 /usr/lib/gcc/arm-none-eabi/10.3.1/../../../arm-none-eabi/lib/thumb/v7e-m+fp/hard/libc_nano.a(lib_a-impure.o)
                0x0000000008009f80                _global_impure_ptr
 *fill*         0x0000000008009f84        0x4 
 .rodata        0x0000000008009f88      0x128 /usr/lib/gcc/arm-none-eabi/10.3.1/../../../arm-none-eabi/lib/thumb/v7e-m+fp/hard/libc_nano.a(lib_a-mprec.o)
                0x0000000008009f98                __mprec_tens
                0x000000000800a060                __mprec_tinytens
                0x000000000800a088                __mprec_bigtens
 .rodata        0x000000000800a0b0      0x101 /usr/lib/gcc/arm-none-eabi/10.3.1/../../../arm-none-eabi/lib/thumb/v7e-m+fp/hard/libc_nano.a(lib_a-ctype_.o)
                0x000000000800a0b0                _ctype_
 *fill*         0x000000000800a1b1        0x3 
 .rodata        0x000000000800a1b4       0x60 /usr/lib/gcc/arm-none-eabi/10.3.1/../../../arm-none-eabi/lib/thumb/v7e-m+fp/hard/libc_nano.a(lib_a-findfp.o)
                0x000000000800a1b4                __sf_fake_stderr
                0x000000000800a1d4                __sf_fake_stdout
                0x000000000800a1f4                __sf_fake_stdin
 .rodata        0x000000000800a214       0x7d CMakeFiles/STM32F4_DSP.dir/Core/Src/main.c.obj
 *fill*         0x000000000800a291        0x3 
 .rodata        0x000000000800a294       0x18 /usr/lib/gcc/arm-none-eabi/10.3.1/../../../arm-none-eabi/lib/thumb/v7e-m+fp/hard/libm.a(lib_a-ef_atan2.o)
 .rodata        0x000000000800a2ac       0x20 /usr/lib/gcc/arm-none-eabi/10.3.1/../../../arm-none-eabi/lib/thumb/v7e-m+fp/hard/libm.a(lib_a-sf_atan.o)
 *(.rodata*)
 .rodata.str1.4
                0x000000000800a2cc       0x12 /usr/lib/gcc/arm-none-eabi/10.3.1/../../../arm-none-eabi/lib/thumb/v7e-m+fp/hard/libc_nano.a(lib_a-nano-vfprintf_float.o)
 *fill*         0x000000000800a2de        0x2 
 .rodata.str1.4
                0x000000000800a2e0       0x25 /usr/lib/gcc/arm-none-eabi/10.3.1/../../../arm-none-eabi/lib/thumb/v7e-m+fp/hard/libc_nano.a(lib_a-nano-vfprintf_i.o)
 *fill*         0x000000000800a305        0x3 
 .rodata.str1.4
                0x000000000800a308       0x6d /usr/lib/gcc/arm-none-eabi/10.3.1/../../../arm-none-eabi/lib/thumb/v7e-m+fp/hard/libc_nano.a(lib_a-dtoa.o)
                                         0x71 (size before relaxing)
 *fill*         0x000000000800a375        0x3 
 .rodata.str1.4
                0x000000000800a378       0x33 /usr/lib/gcc/arm-none-eabi/10.3.1/../../../arm-none-eabi/lib/thumb/v7e-m+fp/hard/libc_nano.a(lib_a-mprec.o)
                                         0x5d (size before relaxing)
 *fill*         0x000000000800a3ab        0x1 
 .rodata.str1.4
                0x000000000800a3ac       0x3f /usr/lib/gcc/arm-none-eabi/10.3.1/../../../arm-none-eabi/lib/thumb/v7e-m+fp/hard/libc_nano.a(lib_a-assert.o)
                                         0x43 (size before relaxing)
 *fill*         0x000000000800a3eb        0x1 
 .rodata.str1.4
                0x000000000800a3ec        0xe /usr/lib/gcc/arm-none-eabi/10.3.1/../../../arm-none-eabi/lib/thumb/v7e-m+fp/hard/libc_nano.a(lib_a-locale.o)
                                         0x12 (size before relaxing)
 *fill*         0x000000000800a3fa        0x2 
 .rodata.str1.4
                0x000000000800a3fc       0x13 /usr/lib/gcc/arm-none-eabi/10.3.1/../../../arm-none-eabi/lib/thumb/v7e-m+fp/hard/libc_nano.a(lib_a-nano-vfprintf.o)
 *fill*         0x000000000800a40f        0x1 
 .rodata.flagBitshiftOffset.0
                0x000000000800a410        0x8 CMakeFiles/STM32F4_DSP.dir/Drivers/STM32F4xx_HAL_Driver/Src/stm32f4xx_hal_dma.c.obj
 .rodata.AHBPrescTable
                0x000000000800a418       0x10 CMakeFiles/STM32F4_DSP.dir/Core/Src/system_stm32f4xx.c.obj
                0x000000000800a418                AHBPrescTable
 .rodata.APBPrescTable
                0x000000000800a428        0x8 CMakeFiles/STM32F4_DSP.dir/Core/Src/system_stm32f4xx.c.obj
                0x000000000800a428                APBPrescTable
 .rodata.str1.4
                0x000000000800a430       0x13 /usr/lib/gcc/arm-none-eabi/10.3.1/../../../arm-none-eabi/lib/thumb/v7e-m+fp/hard/libg_nano.a(lib_a-nano-svfprintf.o)
                0x000000000800a444                . = ALIGN (0x4)

.ARM.extab
 *(.ARM.extab* .gnu.linkonce.armextab.*)

.ARM            0x000000000800a430        0x8
                0x000000000800a430                __exidx_start = .
 *(.ARM.exidx*)
 .ARM.exidx     0x000000000800a430        0x8 /usr/lib/gcc/arm-none-eabi/10.3.1/thumb/v7e-m+fp/hard/libgcc.a(_udivmoddi4.o)
                0x000000000800a438                __exidx_end = .

.rel.dyn        0x000000000800a438        0x0
 .rel.iplt      0x000000000800a438        0x0 /usr/lib/gcc/arm-none-eabi/10.3.1/thumb/v7e-m+fp/hard/crtbegin.o

.preinit_array  0x000000000800a438        0x0
                0x000000000800a438                PROVIDE (__preinit_array_start = .)
 *(.preinit_array*)
                0x000000000800a438                PROVIDE (__preinit_array_end = .)

.init_array     0x000000000800a438        0x4
                0x000000000800a438                PROVIDE (__init_array_start = .)
 *(SORT_BY_NAME(.init_array.*))
 *(.init_array*)
 .init_array    0x000000000800a438        0x4 /usr/lib/gcc/arm-none-eabi/10.3.1/thumb/v7e-m+fp/hard/crtbegin.o
                0x000000000800a43c                PROVIDE (__init_array_end = .)

.fini_array     0x000000000800a43c        0x4
                0x000000000800a43c                PROVIDE (__fini_array_start = .)
 *(SORT_BY_NAME(.fini_array.*))
 *(.fini_array*)
 .fini_array    0x000000000800a43c        0x4 /usr/lib/gcc/arm-none-eabi/10.3.1/thumb/v7e-m+fp/hard/crtbegin.o
                0x000000000800a440                PROVIDE (__fini_array_end = .)
                0x000000000800a440                _sidata = LOADADDR (.data)

.data           0x0000000020000000      0x1e0 load address 0x000000000800a440
                0x0000000020000000                . = ALIGN (0x4)
                0x0000000020000000                _sdata = .
 *(.data)
 .data          0x0000000020000000       0x64 /usr/lib/gcc/arm-none-eabi/10.3.1/../../../arm-none-eabi/lib/thumb/v7e-m+fp/hard/libc_nano.a(lib_a-impure.o)
                0x0000000020000000                _impure_ptr
 .data          0x0000000020000064      0x16c /usr/lib/gcc/arm-none-eabi/10.3.1/../../../arm-none-eabi/lib/thumb/v7e-m+fp/hard/libc_nano.a(lib_a-locale.o)
                0x0000000020000064                __global_locale
 .data          0x00000000200001d0        0x1 /usr/lib/gcc/arm-none-eabi/10.3.1/../../../arm-none-eabi/lib/thumb/v7e-m+fp/hard/libm.a(lib_a-s_lib_ver.o)
                0x00000000200001d0                __fdlib_version
 *(.data*)
 .data.Gyro_fs  0x00000000200001d1        0x1 CMakeFiles/STM32F4_DSP.dir/Core/Src/main.c.obj
                0x00000000200001d1                Gyro_fs
 .data.Accel_fs
                0x00000000200001d2        0x1 CMakeFiles/STM32F4_DSP.dir/Core/Src/main.c.obj
                0x00000000200001d2                Accel_fs
 *fill*         0x00000000200001d3        0x1 
 .data.uwTickPrio
                0x00000000200001d4        0x4 CMakeFiles/STM32F4_DSP.dir/Drivers/STM32F4xx_HAL_Driver/Src/stm32f4xx_hal.c.obj
                0x00000000200001d4                uwTickPrio
 .data.uwTickFreq
                0x00000000200001d8        0x1 CMakeFiles/STM32F4_DSP.dir/Drivers/STM32F4xx_HAL_Driver/Src/stm32f4xx_hal.c.obj
                0x00000000200001d8                uwTickFreq
 *fill*         0x00000000200001d9        0x3 
 .data.SystemCoreClock
                0x00000000200001dc        0x4 CMakeFiles/STM32F4_DSP.dir/Core/Src/system_stm32f4xx.c.obj
                0x00000000200001dc                SystemCoreClock
                0x00000000200001e0                . = ALIGN (0x4)
                0x00000000200001e0                _edata = .

.tm_clone_table
                0x00000000200001e0        0x0 load address 0x000000000800a620
 .tm_clone_table
                0x00000000200001e0        0x0 /usr/lib/gcc/arm-none-eabi/10.3.1/thumb/v7e-m+fp/hard/crtbegin.o
 .tm_clone_table
                0x00000000200001e0        0x0 /usr/lib/gcc/arm-none-eabi/10.3.1/thumb/v7e-m+fp/hard/crtend.o

.igot.plt       0x00000000200001e0        0x0 load address 0x000000000800a620
 .igot.plt      0x00000000200001e0        0x0 /usr/lib/gcc/arm-none-eabi/10.3.1/thumb/v7e-m+fp/hard/crtbegin.o
                0x00000000200001e0                . = ALIGN (0x4)

.bss            0x00000000200001e0      0x240 load address 0x000000000800a620
                0x00000000200001e0                _sbss = .
                0x00000000200001e0                __bss_start__ = _sbss
 *(.bss)
 .bss           0x00000000200001e0       0x1c /usr/lib/gcc/arm-none-eabi/10.3.1/thumb/v7e-m+fp/hard/crtbegin.o
 .bss           0x00000000200001fc        0x8 /usr/lib/gcc/arm-none-eabi/10.3.1/../../../arm-none-eabi/lib/thumb/v7e-m+fp/hard/libc_nano.a(lib_a-nano-mallocr.o)
                0x00000000200001fc                __malloc_free_list
                0x0000000020000200                __malloc_sbrk_start
 .bss           0x0000000020000204        0x4 /usr/lib/gcc/arm-none-eabi/10.3.1/../../../arm-none-eabi/lib/thumb/v7e-m+fp/hard/libc_nano.a(lib_a-reent.o)
                0x0000000020000204                errno
 *(.bss*)
 .bss.hspi1     0x0000000020000208       0x58 CMakeFiles/STM32F4_DSP.dir/Core/Src/main.c.obj
                0x0000000020000208                hspi1
 .bss.hdma_spi1_rx
                0x0000000020000260       0x60 CMakeFiles/STM32F4_DSP.dir/Core/Src/main.c.obj
                0x0000000020000260                hdma_spi1_rx
 .bss.hdma_spi1_tx
                0x00000000200002c0       0x60 CMakeFiles/STM32F4_DSP.dir/Core/Src/main.c.obj
                0x00000000200002c0                hdma_spi1_tx
 .bss.huart2    0x0000000020000320       0x48 CMakeFiles/STM32F4_DSP.dir/Core/Src/main.c.obj
                0x0000000020000320                huart2
 .bss.ret       0x0000000020000368        0x1 CMakeFiles/STM32F4_DSP.dir/Core/Src/main.c.obj
                0x0000000020000368                ret
 *fill*         0x0000000020000369        0x3 
 .bss.hIMU      0x000000002000036c       0x58 CMakeFiles/STM32F4_DSP.dir/Core/Src/main.c.obj
                0x000000002000036c                hIMU
 .bss.whoami    0x00000000200003c4        0x1 CMakeFiles/STM32F4_DSP.dir/Core/Src/main.c.obj
                0x00000000200003c4                whoami
 *fill*         0x00000000200003c5        0x3 
 .bss.kalman_Roll
                0x00000000200003c8       0x28 CMakeFiles/STM32F4_DSP.dir/Core/Src/main.c.obj
                0x00000000200003c8                kalman_Roll
 .bss.kalman_Pitch
                0x00000000200003f0       0x28 CMakeFiles/STM32F4_DSP.dir/Core/Src/main.c.obj
                0x00000000200003f0                kalman_Pitch
 .bss.uwTick    0x0000000020000418        0x4 CMakeFiles/STM32F4_DSP.dir/Drivers/STM32F4xx_HAL_Driver/Src/stm32f4xx_hal.c.obj
                0x0000000020000418                uwTick
 .bss.__sbrk_heap_end
                0x000000002000041c        0x4 CMakeFiles/STM32F4_DSP.dir/Core/Src/sysmem.c.obj
 *(COMMON)
                0x0000000020000420                . = ALIGN (0x4)
                0x0000000020000420                _ebss = .
                0x0000000020000420                __bss_end__ = _ebss

._user_heap_stack
                0x0000000020000420      0x600 load address 0x000000000800a620
                0x0000000020000420                . = ALIGN (0x8)
                [!provide]                        PROVIDE (end = .)
                0x0000000020000420                PROVIDE (_end = .)
                0x0000000020000620                . = (. + _Min_Heap_Size)
 *fill*         0x0000000020000420      0x200 
                0x0000000020000a20                . = (. + _Min_Stack_Size)
 *fill*         0x0000000020000620      0x400 
                0x0000000020000a20                . = ALIGN (0x8)

/DISCARD/
 libc.a(*)
 libm.a(*)
 libgcc.a(*)
OUTPUT(STM32F4_DSP.elf elf32-littlearm)
LOAD linker stubs
LOAD /usr/lib/gcc/arm-none-eabi/10.3.1/../../../arm-none-eabi/lib/thumb/v7e-m+fp/hard/libc.a
LOAD /usr/lib/gcc/arm-none-eabi/10.3.1/../../../arm-none-eabi/lib/thumb/v7e-m+fp/hard/libm.a
LOAD /usr/lib/gcc/arm-none-eabi/10.3.1/thumb/v7e-m+fp/hard/libgcc.a

.ARM.attributes
                0x0000000000000000       0x30
 .ARM.attributes
                0x0000000000000000       0x1e /usr/lib/gcc/arm-none-eabi/10.3.1/thumb/v7e-m+fp/hard/crti.o
 .ARM.attributes
                0x000000000000001e       0x34 /usr/lib/gcc/arm-none-eabi/10.3.1/thumb/v7e-m+fp/hard/crtbegin.o
 .ARM.attributes
                0x0000000000000052       0x32 /usr/lib/gcc/arm-none-eabi/10.3.1/../../../arm-none-eabi/lib/thumb/v7e-m+fp/hard/libc_nano.a(lib_a-impure.o)
 .ARM.attributes
                0x0000000000000084       0x34 /usr/lib/gcc/arm-none-eabi/10.3.1/../../../arm-none-eabi/lib/thumb/v7e-m+fp/hard/libc_nano.a(lib_a-init.o)
 .ARM.attributes
                0x00000000000000b8       0x34 /usr/lib/gcc/arm-none-eabi/10.3.1/../../../arm-none-eabi/lib/thumb/v7e-m+fp/hard/libc_nano.a(lib_a-memset.o)
 .ARM.attributes
                0x00000000000000ec       0x34 /usr/lib/gcc/arm-none-eabi/10.3.1/../../../arm-none-eabi/lib/thumb/v7e-m+fp/hard/libc_nano.a(lib_a-nano-vfprintf_float.o)
 .ARM.attributes
                0x0000000000000120       0x34 /usr/lib/gcc/arm-none-eabi/10.3.1/../../../arm-none-eabi/lib/thumb/v7e-m+fp/hard/libc_nano.a(lib_a-nano-vfprintf_i.o)
 .ARM.attributes
                0x0000000000000154       0x1c /usr/lib/gcc/arm-none-eabi/10.3.1/../../../arm-none-eabi/lib/thumb/v7e-m+fp/hard/libc_nano.a(lib_a-strlen.o)
 .ARM.attributes
                0x0000000000000170       0x34 /usr/lib/gcc/arm-none-eabi/10.3.1/../../../arm-none-eabi/lib/thumb/v7e-m+fp/hard/libc_nano.a(lib_a-dtoa.o)
 .ARM.attributes
                0x00000000000001a4       0x34 /usr/lib/gcc/arm-none-eabi/10.3.1/../../../arm-none-eabi/lib/thumb/v7e-m+fp/hard/libc_nano.a(lib_a-localeconv.o)
 .ARM.attributes
                0x00000000000001d8       0x34 /usr/lib/gcc/arm-none-eabi/10.3.1/../../../arm-none-eabi/lib/thumb/v7e-m+fp/hard/libc_nano.a(lib_a-malloc.o)
 .ARM.attributes
                0x000000000000020c       0x1c /usr/lib/gcc/arm-none-eabi/10.3.1/../../../arm-none-eabi/lib/thumb/v7e-m+fp/hard/libc_nano.a(lib_a-memchr.o)
 .ARM.attributes
                0x0000000000000228       0x1c /usr/lib/gcc/arm-none-eabi/10.3.1/../../../arm-none-eabi/lib/thumb/v7e-m+fp/hard/libc_nano.a(lib_a-memcpy.o)
 .ARM.attributes
                0x0000000000000244       0x34 /usr/lib/gcc/arm-none-eabi/10.3.1/../../../arm-none-eabi/lib/thumb/v7e-m+fp/hard/libc_nano.a(lib_a-mprec.o)
 .ARM.attributes
                0x0000000000000278       0x34 /usr/lib/gcc/arm-none-eabi/10.3.1/../../../arm-none-eabi/lib/thumb/v7e-m+fp/hard/libc_nano.a(lib_a-nano-callocr.o)
 .ARM.attributes
                0x00000000000002ac       0x34 /usr/lib/gcc/arm-none-eabi/10.3.1/../../../arm-none-eabi/lib/thumb/v7e-m+fp/hard/libc_nano.a(lib_a-nano-freer.o)
 .ARM.attributes
                0x00000000000002e0       0x34 /usr/lib/gcc/arm-none-eabi/10.3.1/../../../arm-none-eabi/lib/thumb/v7e-m+fp/hard/libc_nano.a(lib_a-nano-mallocr.o)
 .ARM.attributes
                0x0000000000000314       0x34 /usr/lib/gcc/arm-none-eabi/10.3.1/../../../arm-none-eabi/lib/thumb/v7e-m+fp/hard/libc_nano.a(lib_a-sbrkr.o)
 .ARM.attributes
                0x0000000000000348       0x34 /usr/lib/gcc/arm-none-eabi/10.3.1/../../../arm-none-eabi/lib/thumb/v7e-m+fp/hard/libc_nano.a(lib_a-assert.o)
 .ARM.attributes
                0x000000000000037c       0x34 /usr/lib/gcc/arm-none-eabi/10.3.1/../../../arm-none-eabi/lib/thumb/v7e-m+fp/hard/libc_nano.a(lib_a-fprintf.o)
 .ARM.attributes
                0x00000000000003b0       0x34 /usr/lib/gcc/arm-none-eabi/10.3.1/../../../arm-none-eabi/lib/thumb/v7e-m+fp/hard/libc_nano.a(lib_a-locale.o)
 .ARM.attributes
                0x00000000000003e4       0x34 /usr/lib/gcc/arm-none-eabi/10.3.1/../../../arm-none-eabi/lib/thumb/v7e-m+fp/hard/libc_nano.a(lib_a-mbtowc_r.o)
 .ARM.attributes
                0x0000000000000418       0x34 /usr/lib/gcc/arm-none-eabi/10.3.1/../../../arm-none-eabi/lib/thumb/v7e-m+fp/hard/libc_nano.a(lib_a-mlock.o)
 .ARM.attributes
                0x000000000000044c       0x34 /usr/lib/gcc/arm-none-eabi/10.3.1/../../../arm-none-eabi/lib/thumb/v7e-m+fp/hard/libc_nano.a(lib_a-nano-vfprintf.o)
 .ARM.attributes
                0x0000000000000480       0x34 /usr/lib/gcc/arm-none-eabi/10.3.1/../../../arm-none-eabi/lib/thumb/v7e-m+fp/hard/libc_nano.a(lib_a-reent.o)
 .ARM.attributes
                0x00000000000004b4       0x34 /usr/lib/gcc/arm-none-eabi/10.3.1/../../../arm-none-eabi/lib/thumb/v7e-m+fp/hard/libc_nano.a(lib_a-wbuf.o)
 .ARM.attributes
                0x00000000000004e8       0x34 /usr/lib/gcc/arm-none-eabi/10.3.1/../../../arm-none-eabi/lib/thumb/v7e-m+fp/hard/libc_nano.a(lib_a-wctomb_r.o)
 .ARM.attributes
                0x000000000000051c       0x34 /usr/lib/gcc/arm-none-eabi/10.3.1/../../../arm-none-eabi/lib/thumb/v7e-m+fp/hard/libc_nano.a(lib_a-wsetup.o)
 .ARM.attributes
                0x0000000000000550       0x34 /usr/lib/gcc/arm-none-eabi/10.3.1/../../../arm-none-eabi/lib/thumb/v7e-m+fp/hard/libc_nano.a(lib_a-abort.o)
 .ARM.attributes
                0x0000000000000584       0x32 /usr/lib/gcc/arm-none-eabi/10.3.1/../../../arm-none-eabi/lib/thumb/v7e-m+fp/hard/libc_nano.a(lib_a-ctype_.o)
 .ARM.attributes
                0x00000000000005b6       0x34 /usr/lib/gcc/arm-none-eabi/10.3.1/../../../arm-none-eabi/lib/thumb/v7e-m+fp/hard/libc_nano.a(lib_a-fflush.o)
 .ARM.attributes
                0x00000000000005ea       0x34 /usr/lib/gcc/arm-none-eabi/10.3.1/../../../arm-none-eabi/lib/thumb/v7e-m+fp/hard/libc_nano.a(lib_a-findfp.o)
 .ARM.attributes
                0x000000000000061e       0x34 /usr/lib/gcc/arm-none-eabi/10.3.1/../../../arm-none-eabi/lib/thumb/v7e-m+fp/hard/libc_nano.a(lib_a-fvwrite.o)
 .ARM.attributes
                0x0000000000000652       0x34 /usr/lib/gcc/arm-none-eabi/10.3.1/../../../arm-none-eabi/lib/thumb/v7e-m+fp/hard/libc_nano.a(lib_a-fwalk.o)
 .ARM.attributes
                0x0000000000000686       0x34 /usr/lib/gcc/arm-none-eabi/10.3.1/../../../arm-none-eabi/lib/thumb/v7e-m+fp/hard/libc_nano.a(lib_a-makebuf.o)
 .ARM.attributes
                0x00000000000006ba       0x34 /usr/lib/gcc/arm-none-eabi/10.3.1/../../../arm-none-eabi/lib/thumb/v7e-m+fp/hard/libc_nano.a(lib_a-memmove.o)
 .ARM.attributes
                0x00000000000006ee       0x34 /usr/lib/gcc/arm-none-eabi/10.3.1/../../../arm-none-eabi/lib/thumb/v7e-m+fp/hard/libc_nano.a(lib_a-nano-reallocr.o)
 .ARM.attributes
                0x0000000000000722       0x34 /usr/lib/gcc/arm-none-eabi/10.3.1/../../../arm-none-eabi/lib/thumb/v7e-m+fp/hard/libc_nano.a(lib_a-signal.o)
 .ARM.attributes
                0x0000000000000756       0x34 /usr/lib/gcc/arm-none-eabi/10.3.1/../../../arm-none-eabi/lib/thumb/v7e-m+fp/hard/libc_nano.a(lib_a-signalr.o)
 .ARM.attributes
                0x000000000000078a       0x34 /usr/lib/gcc/arm-none-eabi/10.3.1/../../../arm-none-eabi/lib/thumb/v7e-m+fp/hard/libc_nano.a(lib_a-stdio.o)
 .ARM.attributes
                0x00000000000007be       0x34 /usr/lib/gcc/arm-none-eabi/10.3.1/../../../arm-none-eabi/lib/thumb/v7e-m+fp/hard/libc_nano.a(lib_a-writer.o)
 .ARM.attributes
                0x00000000000007f2       0x34 /usr/lib/gcc/arm-none-eabi/10.3.1/../../../arm-none-eabi/lib/thumb/v7e-m+fp/hard/libc_nano.a(lib_a-closer.o)
 .ARM.attributes
                0x0000000000000826       0x34 /usr/lib/gcc/arm-none-eabi/10.3.1/../../../arm-none-eabi/lib/thumb/v7e-m+fp/hard/libc_nano.a(lib_a-fstatr.o)
 .ARM.attributes
                0x000000000000085a       0x34 /usr/lib/gcc/arm-none-eabi/10.3.1/../../../arm-none-eabi/lib/thumb/v7e-m+fp/hard/libc_nano.a(lib_a-isattyr.o)
 .ARM.attributes
                0x000000000000088e       0x34 /usr/lib/gcc/arm-none-eabi/10.3.1/../../../arm-none-eabi/lib/thumb/v7e-m+fp/hard/libc_nano.a(lib_a-lseekr.o)
 .ARM.attributes
                0x00000000000008c2       0x34 /usr/lib/gcc/arm-none-eabi/10.3.1/../../../arm-none-eabi/lib/thumb/v7e-m+fp/hard/libc_nano.a(lib_a-nano-msizer.o)
 .ARM.attributes
                0x00000000000008f6       0x34 /usr/lib/gcc/arm-none-eabi/10.3.1/../../../arm-none-eabi/lib/thumb/v7e-m+fp/hard/libc_nano.a(lib_a-readr.o)
 .ARM.attributes
                0x000000000000092a       0x34 CMakeFiles/STM32F4_DSP.dir/Core/Src/main.c.obj
 .ARM.attributes
                0x000000000000095e       0x34 CMakeFiles/STM32F4_DSP.dir/Core/Src/kalman_filter.c.obj
 .ARM.attributes
                0x0000000000000992       0x34 CMakeFiles/STM32F4_DSP.dir/Core/Src/mpu9250.c.obj
 .ARM.attributes
                0x00000000000009c6       0x34 CMakeFiles/STM32F4_DSP.dir/Core/Src/stm32f4xx_it.c.obj
 .ARM.attributes
                0x00000000000009fa       0x34 CMakeFiles/STM32F4_DSP.dir/Core/Src/stm32f4xx_hal_msp.c.obj
 .ARM.attributes
                0x0000000000000a2e       0x34 CMakeFiles/STM32F4_DSP.dir/Drivers/STM32F4xx_HAL_Driver/Src/stm32f4xx_hal_spi.c.obj
 .ARM.attributes
                0x0000000000000a62       0x34 CMakeFiles/STM32F4_DSP.dir/Drivers/STM32F4xx_HAL_Driver/Src/stm32f4xx_hal_rcc.c.obj
 .ARM.attributes
                0x0000000000000a96       0x34 CMakeFiles/STM32F4_DSP.dir/Drivers/STM32F4xx_HAL_Driver/Src/stm32f4xx_hal_rcc_ex.c.obj
 .ARM.attributes
                0x0000000000000aca       0x34 CMakeFiles/STM32F4_DSP.dir/Drivers/STM32F4xx_HAL_Driver/Src/stm32f4xx_hal_gpio.c.obj
 .ARM.attributes
                0x0000000000000afe       0x34 CMakeFiles/STM32F4_DSP.dir/Drivers/STM32F4xx_HAL_Driver/Src/stm32f4xx_hal_dma.c.obj
 .ARM.attributes
                0x0000000000000b32       0x34 CMakeFiles/STM32F4_DSP.dir/Drivers/STM32F4xx_HAL_Driver/Src/stm32f4xx_hal_cortex.c.obj
 .ARM.attributes
                0x0000000000000b66       0x34 CMakeFiles/STM32F4_DSP.dir/Drivers/STM32F4xx_HAL_Driver/Src/stm32f4xx_hal.c.obj
 .ARM.attributes
                0x0000000000000b9a       0x34 CMakeFiles/STM32F4_DSP.dir/Drivers/STM32F4xx_HAL_Driver/Src/stm32f4xx_hal_uart.c.obj
 .ARM.attributes
                0x0000000000000bce       0x34 CMakeFiles/STM32F4_DSP.dir/Core/Src/system_stm32f4xx.c.obj
 .ARM.attributes
                0x0000000000000c02       0x34 CMakeFiles/STM32F4_DSP.dir/Core/Src/sysmem.c.obj
 .ARM.attributes
                0x0000000000000c36       0x34 CMakeFiles/STM32F4_DSP.dir/Core/Src/syscalls.c.obj
 .ARM.attributes
                0x0000000000000c6a       0x21 CMakeFiles/STM32F4_DSP.dir/startup_stm32f446xx.s.obj
 .ARM.attributes
                0x0000000000000c8b       0x1e /usr/lib/gcc/arm-none-eabi/10.3.1/thumb/v7e-m+fp/hard/libgcc.a(_arm_addsubdf3.o)
 .ARM.attributes
                0x0000000000000ca9       0x1e /usr/lib/gcc/arm-none-eabi/10.3.1/thumb/v7e-m+fp/hard/libgcc.a(_arm_muldivdf3.o)
 .ARM.attributes
                0x0000000000000cc7       0x1e /usr/lib/gcc/arm-none-eabi/10.3.1/thumb/v7e-m+fp/hard/libgcc.a(_arm_cmpdf2.o)
 .ARM.attributes
                0x0000000000000ce5       0x1e /usr/lib/gcc/arm-none-eabi/10.3.1/thumb/v7e-m+fp/hard/libgcc.a(_arm_unorddf2.o)
 .ARM.attributes
                0x0000000000000d03       0x1e /usr/lib/gcc/arm-none-eabi/10.3.1/thumb/v7e-m+fp/hard/libgcc.a(_arm_fixdfsi.o)
 .ARM.attributes
                0x0000000000000d21       0x1e /usr/lib/gcc/arm-none-eabi/10.3.1/thumb/v7e-m+fp/hard/libgcc.a(_arm_truncdfsf2.o)
 .ARM.attributes
                0x0000000000000d3f       0x1e /usr/lib/gcc/arm-none-eabi/10.3.1/thumb/v7e-m+fp/hard/libgcc.a(_aeabi_uldivmod.o)
 .ARM.attributes
                0x0000000000000d5d       0x34 /usr/lib/gcc/arm-none-eabi/10.3.1/thumb/v7e-m+fp/hard/libgcc.a(_udivmoddi4.o)
 .ARM.attributes
                0x0000000000000d91       0x1e /usr/lib/gcc/arm-none-eabi/10.3.1/thumb/v7e-m+fp/hard/libgcc.a(_dvmd_tls.o)
 .ARM.attributes
                0x0000000000000daf       0x34 /usr/lib/gcc/arm-none-eabi/10.3.1/../../../arm-none-eabi/lib/thumb/v7e-m+fp/hard/libg_nano.a(lib_a-errno.o)
 .ARM.attributes
                0x0000000000000de3       0x34 /usr/lib/gcc/arm-none-eabi/10.3.1/../../../arm-none-eabi/lib/thumb/v7e-m+fp/hard/libg_nano.a(lib_a-sprintf.o)
 .ARM.attributes
                0x0000000000000e17       0x34 /usr/lib/gcc/arm-none-eabi/10.3.1/../../../arm-none-eabi/lib/thumb/v7e-m+fp/hard/libg_nano.a(lib_a-nano-svfprintf.o)
 .ARM.attributes
                0x0000000000000e4b       0x32 /usr/lib/gcc/arm-none-eabi/10.3.1/thumb/v7e-m+fp/hard/crtend.o
 .ARM.attributes
                0x0000000000000e7d       0x1e /usr/lib/gcc/arm-none-eabi/10.3.1/thumb/v7e-m+fp/hard/crtn.o

.comment        0x0000000000000000       0x33
 .comment       0x0000000000000000       0x33 /usr/lib/gcc/arm-none-eabi/10.3.1/thumb/v7e-m+fp/hard/crtbegin.o
                                         0x34 (size before relaxing)
 .comment       0x0000000000000033       0x34 /usr/lib/gcc/arm-none-eabi/10.3.1/../../../arm-none-eabi/lib/thumb/v7e-m+fp/hard/libc_nano.a(lib_a-impure.o)
 .comment       0x0000000000000033       0x34 /usr/lib/gcc/arm-none-eabi/10.3.1/../../../arm-none-eabi/lib/thumb/v7e-m+fp/hard/libc_nano.a(lib_a-init.o)
 .comment       0x0000000000000033       0x34 /usr/lib/gcc/arm-none-eabi/10.3.1/../../../arm-none-eabi/lib/thumb/v7e-m+fp/hard/libc_nano.a(lib_a-memset.o)
 .comment       0x0000000000000033       0x34 /usr/lib/gcc/arm-none-eabi/10.3.1/../../../arm-none-eabi/lib/thumb/v7e-m+fp/hard/libc_nano.a(lib_a-nano-vfprintf_float.o)
 .comment       0x0000000000000033       0x34 /usr/lib/gcc/arm-none-eabi/10.3.1/../../../arm-none-eabi/lib/thumb/v7e-m+fp/hard/libc_nano.a(lib_a-nano-vfprintf_i.o)
 .comment       0x0000000000000033       0x34 /usr/lib/gcc/arm-none-eabi/10.3.1/../../../arm-none-eabi/lib/thumb/v7e-m+fp/hard/libc_nano.a(lib_a-dtoa.o)
 .comment       0x0000000000000033       0x34 /usr/lib/gcc/arm-none-eabi/10.3.1/../../../arm-none-eabi/lib/thumb/v7e-m+fp/hard/libc_nano.a(lib_a-localeconv.o)
 .comment       0x0000000000000033       0x34 /usr/lib/gcc/arm-none-eabi/10.3.1/../../../arm-none-eabi/lib/thumb/v7e-m+fp/hard/libc_nano.a(lib_a-malloc.o)
 .comment       0x0000000000000033       0x34 /usr/lib/gcc/arm-none-eabi/10.3.1/../../../arm-none-eabi/lib/thumb/v7e-m+fp/hard/libc_nano.a(lib_a-mprec.o)
 .comment       0x0000000000000033       0x34 /usr/lib/gcc/arm-none-eabi/10.3.1/../../../arm-none-eabi/lib/thumb/v7e-m+fp/hard/libc_nano.a(lib_a-nano-callocr.o)
 .comment       0x0000000000000033       0x34 /usr/lib/gcc/arm-none-eabi/10.3.1/../../../arm-none-eabi/lib/thumb/v7e-m+fp/hard/libc_nano.a(lib_a-nano-freer.o)
 .comment       0x0000000000000033       0x34 /usr/lib/gcc/arm-none-eabi/10.3.1/../../../arm-none-eabi/lib/thumb/v7e-m+fp/hard/libc_nano.a(lib_a-nano-mallocr.o)
 .comment       0x0000000000000033       0x34 /usr/lib/gcc/arm-none-eabi/10.3.1/../../../arm-none-eabi/lib/thumb/v7e-m+fp/hard/libc_nano.a(lib_a-sbrkr.o)
 .comment       0x0000000000000033       0x34 /usr/lib/gcc/arm-none-eabi/10.3.1/../../../arm-none-eabi/lib/thumb/v7e-m+fp/hard/libc_nano.a(lib_a-assert.o)
 .comment       0x0000000000000033       0x34 /usr/lib/gcc/arm-none-eabi/10.3.1/../../../arm-none-eabi/lib/thumb/v7e-m+fp/hard/libc_nano.a(lib_a-fprintf.o)
 .comment       0x0000000000000033       0x34 /usr/lib/gcc/arm-none-eabi/10.3.1/../../../arm-none-eabi/lib/thumb/v7e-m+fp/hard/libc_nano.a(lib_a-locale.o)
 .comment       0x0000000000000033       0x34 /usr/lib/gcc/arm-none-eabi/10.3.1/../../../arm-none-eabi/lib/thumb/v7e-m+fp/hard/libc_nano.a(lib_a-mbtowc_r.o)
 .comment       0x0000000000000033       0x34 /usr/lib/gcc/arm-none-eabi/10.3.1/../../../arm-none-eabi/lib/thumb/v7e-m+fp/hard/libc_nano.a(lib_a-mlock.o)
 .comment       0x0000000000000033       0x34 /usr/lib/gcc/arm-none-eabi/10.3.1/../../../arm-none-eabi/lib/thumb/v7e-m+fp/hard/libc_nano.a(lib_a-nano-vfprintf.o)
 .comment       0x0000000000000033       0x34 /usr/lib/gcc/arm-none-eabi/10.3.1/../../../arm-none-eabi/lib/thumb/v7e-m+fp/hard/libc_nano.a(lib_a-reent.o)
 .comment       0x0000000000000033       0x34 /usr/lib/gcc/arm-none-eabi/10.3.1/../../../arm-none-eabi/lib/thumb/v7e-m+fp/hard/libc_nano.a(lib_a-wbuf.o)
 .comment       0x0000000000000033       0x34 /usr/lib/gcc/arm-none-eabi/10.3.1/../../../arm-none-eabi/lib/thumb/v7e-m+fp/hard/libc_nano.a(lib_a-wctomb_r.o)
 .comment       0x0000000000000033       0x34 /usr/lib/gcc/arm-none-eabi/10.3.1/../../../arm-none-eabi/lib/thumb/v7e-m+fp/hard/libc_nano.a(lib_a-wsetup.o)
 .comment       0x0000000000000033       0x34 /usr/lib/gcc/arm-none-eabi/10.3.1/../../../arm-none-eabi/lib/thumb/v7e-m+fp/hard/libc_nano.a(lib_a-abort.o)
 .comment       0x0000000000000033       0x34 /usr/lib/gcc/arm-none-eabi/10.3.1/../../../arm-none-eabi/lib/thumb/v7e-m+fp/hard/libc_nano.a(lib_a-ctype_.o)
 .comment       0x0000000000000033       0x34 /usr/lib/gcc/arm-none-eabi/10.3.1/../../../arm-none-eabi/lib/thumb/v7e-m+fp/hard/libc_nano.a(lib_a-fflush.o)
 .comment       0x0000000000000033       0x34 /usr/lib/gcc/arm-none-eabi/10.3.1/../../../arm-none-eabi/lib/thumb/v7e-m+fp/hard/libc_nano.a(lib_a-findfp.o)
 .comment       0x0000000000000033       0x34 /usr/lib/gcc/arm-none-eabi/10.3.1/../../../arm-none-eabi/lib/thumb/v7e-m+fp/hard/libc_nano.a(lib_a-fvwrite.o)
 .comment       0x0000000000000033       0x34 /usr/lib/gcc/arm-none-eabi/10.3.1/../../../arm-none-eabi/lib/thumb/v7e-m+fp/hard/libc_nano.a(lib_a-fwalk.o)
 .comment       0x0000000000000033       0x34 /usr/lib/gcc/arm-none-eabi/10.3.1/../../../arm-none-eabi/lib/thumb/v7e-m+fp/hard/libc_nano.a(lib_a-makebuf.o)
 .comment       0x0000000000000033       0x34 /usr/lib/gcc/arm-none-eabi/10.3.1/../../../arm-none-eabi/lib/thumb/v7e-m+fp/hard/libc_nano.a(lib_a-memmove.o)
 .comment       0x0000000000000033       0x34 /usr/lib/gcc/arm-none-eabi/10.3.1/../../../arm-none-eabi/lib/thumb/v7e-m+fp/hard/libc_nano.a(lib_a-nano-reallocr.o)
 .comment       0x0000000000000033       0x34 /usr/lib/gcc/arm-none-eabi/10.3.1/../../../arm-none-eabi/lib/thumb/v7e-m+fp/hard/libc_nano.a(lib_a-signal.o)
 .comment       0x0000000000000033       0x34 /usr/lib/gcc/arm-none-eabi/10.3.1/../../../arm-none-eabi/lib/thumb/v7e-m+fp/hard/libc_nano.a(lib_a-signalr.o)
 .comment       0x0000000000000033       0x34 /usr/lib/gcc/arm-none-eabi/10.3.1/../../../arm-none-eabi/lib/thumb/v7e-m+fp/hard/libc_nano.a(lib_a-stdio.o)
 .comment       0x0000000000000033       0x34 /usr/lib/gcc/arm-none-eabi/10.3.1/../../../arm-none-eabi/lib/thumb/v7e-m+fp/hard/libc_nano.a(lib_a-writer.o)
 .comment       0x0000000000000033       0x34 /usr/lib/gcc/arm-none-eabi/10.3.1/../../../arm-none-eabi/lib/thumb/v7e-m+fp/hard/libc_nano.a(lib_a-closer.o)
 .comment       0x0000000000000033       0x34 /usr/lib/gcc/arm-none-eabi/10.3.1/../../../arm-none-eabi/lib/thumb/v7e-m+fp/hard/libc_nano.a(lib_a-fstatr.o)
 .comment       0x0000000000000033       0x34 /usr/lib/gcc/arm-none-eabi/10.3.1/../../../arm-none-eabi/lib/thumb/v7e-m+fp/hard/libc_nano.a(lib_a-isattyr.o)
 .comment       0x0000000000000033       0x34 /usr/lib/gcc/arm-none-eabi/10.3.1/../../../arm-none-eabi/lib/thumb/v7e-m+fp/hard/libc_nano.a(lib_a-lseekr.o)
 .comment       0x0000000000000033       0x34 /usr/lib/gcc/arm-none-eabi/10.3.1/../../../arm-none-eabi/lib/thumb/v7e-m+fp/hard/libc_nano.a(lib_a-nano-msizer.o)
 .comment       0x0000000000000033       0x34 /usr/lib/gcc/arm-none-eabi/10.3.1/../../../arm-none-eabi/lib/thumb/v7e-m+fp/hard/libc_nano.a(lib_a-readr.o)
 .comment       0x0000000000000033       0x34 CMakeFiles/STM32F4_DSP.dir/Core/Src/main.c.obj
 .comment       0x0000000000000033       0x34 CMakeFiles/STM32F4_DSP.dir/Core/Src/kalman_filter.c.obj
 .comment       0x0000000000000033       0x34 CMakeFiles/STM32F4_DSP.dir/Core/Src/mpu9250.c.obj
 .comment       0x0000000000000033       0x34 CMakeFiles/STM32F4_DSP.dir/Core/Src/stm32f4xx_it.c.obj
 .comment       0x0000000000000033       0x34 CMakeFiles/STM32F4_DSP.dir/Core/Src/stm32f4xx_hal_msp.c.obj
 .comment       0x0000000000000033       0x34 CMakeFiles/STM32F4_DSP.dir/Drivers/STM32F4xx_HAL_Driver/Src/stm32f4xx_hal_spi.c.obj
 .comment       0x0000000000000033       0x34 CMakeFiles/STM32F4_DSP.dir/Drivers/STM32F4xx_HAL_Driver/Src/stm32f4xx_hal_rcc.c.obj
 .comment       0x0000000000000033       0x34 CMakeFiles/STM32F4_DSP.dir/Drivers/STM32F4xx_HAL_Driver/Src/stm32f4xx_hal_rcc_ex.c.obj
 .comment       0x0000000000000033       0x34 CMakeFiles/STM32F4_DSP.dir/Drivers/STM32F4xx_HAL_Driver/Src/stm32f4xx_hal_gpio.c.obj
 .comment       0x0000000000000033       0x34 CMakeFiles/STM32F4_DSP.dir/Drivers/STM32F4xx_HAL_Driver/Src/stm32f4xx_hal_dma.c.obj
 .comment       0x0000000000000033       0x34 CMakeFiles/STM32F4_DSP.dir/Drivers/STM32F4xx_HAL_Driver/Src/stm32f4xx_hal_cortex.c.obj
 .comment       0x0000000000000033       0x34 CMakeFiles/STM32F4_DSP.dir/Drivers/STM32F4xx_HAL_Driver/Src/stm32f4xx_hal.c.obj
 .comment       0x0000000000000033       0x34 CMakeFiles/STM32F4_DSP.dir/Drivers/STM32F4xx_HAL_Driver/Src/stm32f4xx_hal_uart.c.obj
 .comment       0x0000000000000033       0x34 CMakeFiles/STM32F4_DSP.dir/Core/Src/system_stm32f4xx.c.obj
 .comment       0x0000000000000033       0x34 CMakeFiles/STM32F4_DSP.dir/Core/Src/sysmem.c.obj
 .comment       0x0000000000000033       0x34 CMakeFiles/STM32F4_DSP.dir/Core/Src/syscalls.c.obj
 .comment       0x0000000000000033       0x34 /usr/lib/gcc/arm-none-eabi/10.3.1/thumb/v7e-m+fp/hard/libgcc.a(_udivmoddi4.o)
 .comment       0x0000000000000033       0x34 /usr/lib/gcc/arm-none-eabi/10.3.1/../../../arm-none-eabi/lib/thumb/v7e-m+fp/hard/libg_nano.a(lib_a-errno.o)
 .comment       0x0000000000000033       0x34 /usr/lib/gcc/arm-none-eabi/10.3.1/../../../arm-none-eabi/lib/thumb/v7e-m+fp/hard/libg_nano.a(lib_a-sprintf.o)
 .comment       0x0000000000000033       0x34 /usr/lib/gcc/arm-none-eabi/10.3.1/../../../arm-none-eabi/lib/thumb/v7e-m+fp/hard/libg_nano.a(lib_a-nano-svfprintf.o)
 .comment       0x0000000000000033       0x34 /usr/lib/gcc/arm-none-eabi/10.3.1/thumb/v7e-m+fp/hard/crtend.o

.debug_info     0x0000000000000000    0x29d16
 .debug_info    0x0000000000000000      0x863 /usr/lib/gcc/arm-none-eabi/10.3.1/../../../arm-none-eabi/lib/thumb/v7e-m+fp/hard/libc_nano.a(lib_a-impure.o)
 .debug_info    0x0000000000000863      0x11a /usr/lib/gcc/arm-none-eabi/10.3.1/../../../arm-none-eabi/lib/thumb/v7e-m+fp/hard/libc_nano.a(lib_a-init.o)
 .debug_info    0x000000000000097d      0x137 /usr/lib/gcc/arm-none-eabi/10.3.1/../../../arm-none-eabi/lib/thumb/v7e-m+fp/hard/libc_nano.a(lib_a-memset.o)
 .debug_info    0x0000000000000ab4     0x147b /usr/lib/gcc/arm-none-eabi/10.3.1/../../../arm-none-eabi/lib/thumb/v7e-m+fp/hard/libc_nano.a(lib_a-nano-vfprintf_float.o)
 .debug_info    0x0000000000001f2f      0xe9e /usr/lib/gcc/arm-none-eabi/10.3.1/../../../arm-none-eabi/lib/thumb/v7e-m+fp/hard/libc_nano.a(lib_a-nano-vfprintf_i.o)
 .debug_info    0x0000000000002dcd       0x26 /usr/lib/gcc/arm-none-eabi/10.3.1/../../../arm-none-eabi/lib/thumb/v7e-m+fp/hard/libc_nano.a(lib_a-strlen.o)
 .debug_info    0x0000000000002df3     0x196c /usr/lib/gcc/arm-none-eabi/10.3.1/../../../arm-none-eabi/lib/thumb/v7e-m+fp/hard/libc_nano.a(lib_a-dtoa.o)
 .debug_info    0x000000000000475f      0xad8 /usr/lib/gcc/arm-none-eabi/10.3.1/../../../arm-none-eabi/lib/thumb/v7e-m+fp/hard/libc_nano.a(lib_a-localeconv.o)
 .debug_info    0x0000000000005237      0x832 /usr/lib/gcc/arm-none-eabi/10.3.1/../../../arm-none-eabi/lib/thumb/v7e-m+fp/hard/libc_nano.a(lib_a-malloc.o)
 .debug_info    0x0000000000005a69       0x26 /usr/lib/gcc/arm-none-eabi/10.3.1/../../../arm-none-eabi/lib/thumb/v7e-m+fp/hard/libc_nano.a(lib_a-memchr.o)
 .debug_info    0x0000000000005a8f       0x26 /usr/lib/gcc/arm-none-eabi/10.3.1/../../../arm-none-eabi/lib/thumb/v7e-m+fp/hard/libc_nano.a(lib_a-memcpy.o)
 .debug_info    0x0000000000005ab5     0x2009 /usr/lib/gcc/arm-none-eabi/10.3.1/../../../arm-none-eabi/lib/thumb/v7e-m+fp/hard/libc_nano.a(lib_a-mprec.o)
 .debug_info    0x0000000000007abe      0x858 /usr/lib/gcc/arm-none-eabi/10.3.1/../../../arm-none-eabi/lib/thumb/v7e-m+fp/hard/libc_nano.a(lib_a-nano-callocr.o)
 .debug_info    0x0000000000008316      0x903 /usr/lib/gcc/arm-none-eabi/10.3.1/../../../arm-none-eabi/lib/thumb/v7e-m+fp/hard/libc_nano.a(lib_a-nano-freer.o)
 .debug_info    0x0000000000008c19      0xa0c /usr/lib/gcc/arm-none-eabi/10.3.1/../../../arm-none-eabi/lib/thumb/v7e-m+fp/hard/libc_nano.a(lib_a-nano-mallocr.o)
 .debug_info    0x0000000000009625      0x828 /usr/lib/gcc/arm-none-eabi/10.3.1/../../../arm-none-eabi/lib/thumb/v7e-m+fp/hard/libc_nano.a(lib_a-sbrkr.o)
 .debug_info    0x0000000000009e4d      0x8bd /usr/lib/gcc/arm-none-eabi/10.3.1/../../../arm-none-eabi/lib/thumb/v7e-m+fp/hard/libc_nano.a(lib_a-assert.o)
 .debug_info    0x000000000000a70a      0x902 /usr/lib/gcc/arm-none-eabi/10.3.1/../../../arm-none-eabi/lib/thumb/v7e-m+fp/hard/libc_nano.a(lib_a-fprintf.o)
 .debug_info    0x000000000000b00c      0xca4 /usr/lib/gcc/arm-none-eabi/10.3.1/../../../arm-none-eabi/lib/thumb/v7e-m+fp/hard/libc_nano.a(lib_a-locale.o)
 .debug_info    0x000000000000bcb0      0xb67 /usr/lib/gcc/arm-none-eabi/10.3.1/../../../arm-none-eabi/lib/thumb/v7e-m+fp/hard/libc_nano.a(lib_a-mbtowc_r.o)
 .debug_info    0x000000000000c817      0x7dc /usr/lib/gcc/arm-none-eabi/10.3.1/../../../arm-none-eabi/lib/thumb/v7e-m+fp/hard/libc_nano.a(lib_a-mlock.o)
 .debug_info    0x000000000000cff3     0x115f /usr/lib/gcc/arm-none-eabi/10.3.1/../../../arm-none-eabi/lib/thumb/v7e-m+fp/hard/libc_nano.a(lib_a-nano-vfprintf.o)
 .debug_info    0x000000000000e152      0xa7e /usr/lib/gcc/arm-none-eabi/10.3.1/../../../arm-none-eabi/lib/thumb/v7e-m+fp/hard/libc_nano.a(lib_a-reent.o)
 .debug_info    0x000000000000ebd0      0x998 /usr/lib/gcc/arm-none-eabi/10.3.1/../../../arm-none-eabi/lib/thumb/v7e-m+fp/hard/libc_nano.a(lib_a-wbuf.o)
 .debug_info    0x000000000000f568      0xb20 /usr/lib/gcc/arm-none-eabi/10.3.1/../../../arm-none-eabi/lib/thumb/v7e-m+fp/hard/libc_nano.a(lib_a-wctomb_r.o)
 .debug_info    0x0000000000010088      0x902 /usr/lib/gcc/arm-none-eabi/10.3.1/../../../arm-none-eabi/lib/thumb/v7e-m+fp/hard/libc_nano.a(lib_a-wsetup.o)
 .debug_info    0x000000000001098a       0xcb /usr/lib/gcc/arm-none-eabi/10.3.1/../../../arm-none-eabi/lib/thumb/v7e-m+fp/hard/libc_nano.a(lib_a-abort.o)
 .debug_info    0x0000000000010a55       0xb8 /usr/lib/gcc/arm-none-eabi/10.3.1/../../../arm-none-eabi/lib/thumb/v7e-m+fp/hard/libc_nano.a(lib_a-ctype_.o)
 .debug_info    0x0000000000010b0d      0xb0d /usr/lib/gcc/arm-none-eabi/10.3.1/../../../arm-none-eabi/lib/thumb/v7e-m+fp/hard/libc_nano.a(lib_a-fflush.o)
 .debug_info    0x000000000001161a      0xfae /usr/lib/gcc/arm-none-eabi/10.3.1/../../../arm-none-eabi/lib/thumb/v7e-m+fp/hard/libc_nano.a(lib_a-findfp.o)
 .debug_info    0x00000000000125c8      0xb5e /usr/lib/gcc/arm-none-eabi/10.3.1/../../../arm-none-eabi/lib/thumb/v7e-m+fp/hard/libc_nano.a(lib_a-fvwrite.o)
 .debug_info    0x0000000000013126      0x900 /usr/lib/gcc/arm-none-eabi/10.3.1/../../../arm-none-eabi/lib/thumb/v7e-m+fp/hard/libc_nano.a(lib_a-fwalk.o)
 .debug_info    0x0000000000013a26      0xc8a /usr/lib/gcc/arm-none-eabi/10.3.1/../../../arm-none-eabi/lib/thumb/v7e-m+fp/hard/libc_nano.a(lib_a-makebuf.o)
 .debug_info    0x00000000000146b0      0x152 /usr/lib/gcc/arm-none-eabi/10.3.1/../../../arm-none-eabi/lib/thumb/v7e-m+fp/hard/libc_nano.a(lib_a-memmove.o)
 .debug_info    0x0000000000014802      0x911 /usr/lib/gcc/arm-none-eabi/10.3.1/../../../arm-none-eabi/lib/thumb/v7e-m+fp/hard/libc_nano.a(lib_a-nano-reallocr.o)
 .debug_info    0x0000000000015113      0xdcc /usr/lib/gcc/arm-none-eabi/10.3.1/../../../arm-none-eabi/lib/thumb/v7e-m+fp/hard/libc_nano.a(lib_a-signal.o)
 .debug_info    0x0000000000015edf      0x871 /usr/lib/gcc/arm-none-eabi/10.3.1/../../../arm-none-eabi/lib/thumb/v7e-m+fp/hard/libc_nano.a(lib_a-signalr.o)
 .debug_info    0x0000000000016750      0xabc /usr/lib/gcc/arm-none-eabi/10.3.1/../../../arm-none-eabi/lib/thumb/v7e-m+fp/hard/libc_nano.a(lib_a-stdio.o)
 .debug_info    0x000000000001720c      0x85a /usr/lib/gcc/arm-none-eabi/10.3.1/../../../arm-none-eabi/lib/thumb/v7e-m+fp/hard/libc_nano.a(lib_a-writer.o)
 .debug_info    0x0000000000017a66      0x805 /usr/lib/gcc/arm-none-eabi/10.3.1/../../../arm-none-eabi/lib/thumb/v7e-m+fp/hard/libc_nano.a(lib_a-closer.o)
 .debug_info    0x000000000001826b      0xa1d /usr/lib/gcc/arm-none-eabi/10.3.1/../../../arm-none-eabi/lib/thumb/v7e-m+fp/hard/libc_nano.a(lib_a-fstatr.o)
 .debug_info    0x0000000000018c88      0x805 /usr/lib/gcc/arm-none-eabi/10.3.1/../../../arm-none-eabi/lib/thumb/v7e-m+fp/hard/libc_nano.a(lib_a-isattyr.o)
 .debug_info    0x000000000001948d      0x83b /usr/lib/gcc/arm-none-eabi/10.3.1/../../../arm-none-eabi/lib/thumb/v7e-m+fp/hard/libc_nano.a(lib_a-lseekr.o)
 .debug_info    0x0000000000019cc8      0x840 /usr/lib/gcc/arm-none-eabi/10.3.1/../../../arm-none-eabi/lib/thumb/v7e-m+fp/hard/libc_nano.a(lib_a-nano-msizer.o)
 .debug_info    0x000000000001a508      0x853 /usr/lib/gcc/arm-none-eabi/10.3.1/../../../arm-none-eabi/lib/thumb/v7e-m+fp/hard/libc_nano.a(lib_a-readr.o)
 .debug_info    0x000000000001ad5b     0x1564 CMakeFiles/STM32F4_DSP.dir/Core/Src/main.c.obj
 .debug_info    0x000000000001c2bf      0x211 CMakeFiles/STM32F4_DSP.dir/Core/Src/kalman_filter.c.obj
 .debug_info    0x000000000001c4d0      0xe79 CMakeFiles/STM32F4_DSP.dir/Core/Src/mpu9250.c.obj
 .debug_info    0x000000000001d349      0x3dd CMakeFiles/STM32F4_DSP.dir/Core/Src/stm32f4xx_it.c.obj
 .debug_info    0x000000000001d726      0xcbc CMakeFiles/STM32F4_DSP.dir/Core/Src/stm32f4xx_hal_msp.c.obj
 .debug_info    0x000000000001e3e2     0x15e5 CMakeFiles/STM32F4_DSP.dir/Drivers/STM32F4xx_HAL_Driver/Src/stm32f4xx_hal_spi.c.obj
 .debug_info    0x000000000001f9c7      0x936 CMakeFiles/STM32F4_DSP.dir/Drivers/STM32F4xx_HAL_Driver/Src/stm32f4xx_hal_rcc.c.obj
 .debug_info    0x00000000000202fd      0x9a6 CMakeFiles/STM32F4_DSP.dir/Drivers/STM32F4xx_HAL_Driver/Src/stm32f4xx_hal_rcc_ex.c.obj
 .debug_info    0x0000000000020ca3      0x79a CMakeFiles/STM32F4_DSP.dir/Drivers/STM32F4xx_HAL_Driver/Src/stm32f4xx_hal_gpio.c.obj
 .debug_info    0x000000000002143d      0x92b CMakeFiles/STM32F4_DSP.dir/Drivers/STM32F4xx_HAL_Driver/Src/stm32f4xx_hal_dma.c.obj
 .debug_info    0x0000000000021d68      0xe5d CMakeFiles/STM32F4_DSP.dir/Drivers/STM32F4xx_HAL_Driver/Src/stm32f4xx_hal_cortex.c.obj
 .debug_info    0x0000000000022bc5      0x973 CMakeFiles/STM32F4_DSP.dir/Drivers/STM32F4xx_HAL_Driver/Src/stm32f4xx_hal.c.obj
 .debug_info    0x0000000000023538     0x3090 CMakeFiles/STM32F4_DSP.dir/Drivers/STM32F4xx_HAL_Driver/Src/stm32f4xx_hal_uart.c.obj
 .debug_info    0x00000000000265c8      0x543 CMakeFiles/STM32F4_DSP.dir/Core/Src/system_stm32f4xx.c.obj
 .debug_info    0x0000000000026b0b      0x147 CMakeFiles/STM32F4_DSP.dir/Core/Src/sysmem.c.obj
 .debug_info    0x0000000000026c52      0x6b2 CMakeFiles/STM32F4_DSP.dir/Core/Src/syscalls.c.obj
 .debug_info    0x0000000000027304       0x22 CMakeFiles/STM32F4_DSP.dir/startup_stm32f446xx.s.obj
 .debug_info    0x0000000000027326       0x26 /usr/lib/gcc/arm-none-eabi/10.3.1/thumb/v7e-m+fp/hard/libgcc.a(_arm_addsubdf3.o)
 .debug_info    0x000000000002734c       0x26 /usr/lib/gcc/arm-none-eabi/10.3.1/thumb/v7e-m+fp/hard/libgcc.a(_arm_muldivdf3.o)
 .debug_info    0x0000000000027372       0x26 /usr/lib/gcc/arm-none-eabi/10.3.1/thumb/v7e-m+fp/hard/libgcc.a(_arm_cmpdf2.o)
 .debug_info    0x0000000000027398       0x26 /usr/lib/gcc/arm-none-eabi/10.3.1/thumb/v7e-m+fp/hard/libgcc.a(_arm_unorddf2.o)
 .debug_info    0x00000000000273be       0x26 /usr/lib/gcc/arm-none-eabi/10.3.1/thumb/v7e-m+fp/hard/libgcc.a(_arm_fixdfsi.o)
 .debug_info    0x00000000000273e4       0x26 /usr/lib/gcc/arm-none-eabi/10.3.1/thumb/v7e-m+fp/hard/libgcc.a(_arm_truncdfsf2.o)
 .debug_info    0x000000000002740a       0x26 /usr/lib/gcc/arm-none-eabi/10.3.1/thumb/v7e-m+fp/hard/libgcc.a(_aeabi_uldivmod.o)
 .debug_info    0x0000000000027430      0x717 /usr/lib/gcc/arm-none-eabi/10.3.1/thumb/v7e-m+fp/hard/libgcc.a(_udivmoddi4.o)
 .debug_info    0x0000000000027b47       0x26 /usr/lib/gcc/arm-none-eabi/10.3.1/thumb/v7e-m+fp/hard/libgcc.a(_dvmd_tls.o)
 .debug_info    0x0000000000027b6d      0x7ae /usr/lib/gcc/arm-none-eabi/10.3.1/../../../arm-none-eabi/lib/thumb/v7e-m+fp/hard/libg_nano.a(lib_a-errno.o)
 .debug_info    0x000000000002831b      0x926 /usr/lib/gcc/arm-none-eabi/10.3.1/../../../arm-none-eabi/lib/thumb/v7e-m+fp/hard/libg_nano.a(lib_a-sprintf.o)